MESH-LANE rank=0 lane=9 band=18 ownership=owned
MESH-TOPOLOGY rank=0 degree=4 physical=4 map=0000000000008764 peers=01c0
MESH-WAIT-MODE rank=0 mode=hardware
M26TP-ATTACH rank=0 spine_bytes=2298241791 expert_pool_bytes=42000000000 pinned_experts=3008 mode=graph
M26TP-READY rank=0 lane=9 mesh=4,6,7,8 prompt=5 expected=16
M26TP-TOKEN rank=0 position=4 greedy=264 reference=264 score=15.4485
M26TP-TOKEN rank=0 position=5 greedy=3283 reference=3283 score=15.7982
M26TP-TOKEN rank=0 position=6 greedy=315 reference=315 score=17.7899
M26TP-TOKEN rank=0 position=7 greedy=29263 reference=29263 score=14.7862
M26TP-TOKEN rank=0 position=8 greedy=11 reference=11 score=21.7095
M26TP-TOKEN rank=0 position=9 greedy=1947 reference=1947 score=16.2036
M26TP-TOKEN rank=0 position=10 greedy=11 reference=11 score=23.3094
M26TP-TOKEN rank=0 position=11 greedy=323 reference=323 score=19.2376
M26TP-TOKEN rank=0 position=12 greedy=3840 reference=3840 score=16.5742
M26TP-TOKEN rank=0 position=13 greedy=13 reference=13 score=21.5103
M26TP-TOKEN rank=0 position=14 greedy=1084 reference=1084 score=18.3613
M26TP-TOKEN rank=0 position=15 greedy=374 reference=374 score=20.5402
M26TP-TOKEN rank=0 position=16 greedy=264 reference=264 score=19.3534
M26TP-TOKEN rank=0 position=17 greedy=3283 reference=3283 score=19.4629
M26TP-TOKEN rank=0 position=18 greedy=429 reference=429 score=21.9866
M26TP-TOKEN rank=0 position=19 greedy=702 reference=702 score=19.4892
M26TP-REPEAT rank=0 repeat=0 tokens=16 mismatches=0 prompt_ms=160.67 decode_ms_per_token=35.68
M26TP-SUMMARY rank=0 tokens=16 mismatches=0 kv_error=0 steps=20 graph_steps=19 collectives=196 step_ms=36.57 decode_ms_per_token=35.68
M26TP-PASS rank=0 16 greedy tokens equal the CPU reference
