tensors 2838 files 130 prompts 3 threads 24
layer 0 rows 28 1.0s elapsed 1s
layer 1 rows 28 6.0s elapsed 7s
layer 2 rows 28 5.2s elapsed 13s
layer 3 rows 28 5.9s elapsed 18s
layer 4 rows 28 4.7s elapsed 23s
layer 5 rows 28 5.7s elapsed 29s
layer 6 rows 28 6.5s elapsed 35s
layer 7 rows 28 13.5s elapsed 49s
layer 8 rows 28 4.0s elapsed 53s
layer 9 rows 28 4.3s elapsed 57s
layer 10 rows 28 5.4s elapsed 62s
layer 11 rows 28 5.4s elapsed 68s
layer 12 rows 28 6.2s elapsed 74s
layer 13 rows 28 6.1s elapsed 80s
layer 14 rows 28 6.0s elapsed 86s
layer 15 rows 28 6.6s elapsed 93s
layer 16 rows 28 9.5s elapsed 102s
layer 17 rows 28 13.6s elapsed 116s
layer 18 rows 28 5.7s elapsed 121s
layer 19 rows 28 5.8s elapsed 127s
layer 20 rows 28 6.1s elapsed 133s
layer 21 rows 28 4.9s elapsed 138s
layer 22 rows 28 7.3s elapsed 146s
layer 23 rows 28 11.4s elapsed 157s
layer 24 rows 28 16.5s elapsed 173s
layer 25 rows 28 7.6s elapsed 181s
layer 26 rows 28 5.8s elapsed 187s
layer 27 rows 28 5.0s elapsed 192s
layer 28 rows 28 5.1s elapsed 197s
layer 29 rows 28 4.8s elapsed 202s
layer 30 rows 28 5.3s elapsed 207s
layer 31 rows 28 5.2s elapsed 212s
layer 32 rows 28 4.2s elapsed 216s
layer 33 rows 28 4.2s elapsed 221s
layer 34 rows 28 4.7s elapsed 225s
layer 35 rows 28 5.0s elapsed 230s
layer 36 rows 28 5.3s elapsed 236s
layer 37 rows 28 4.2s elapsed 240s
layer 38 rows 28 4.7s elapsed 245s
layer 39 rows 28 5.2s elapsed 250s
layer 40 rows 28 5.2s elapsed 255s
layer 41 rows 28 5.3s elapsed 260s
layer 42 rows 28 4.0s elapsed 264s
layer 43 rows 28 5.3s elapsed 270s
layer 44 rows 28 4.8s elapsed 274s
layer 45 rows 28 5.0s elapsed 279s
layer 46 rows 28 4.5s elapsed 284s
layer 47 rows 28 5.1s elapsed 289s
layer 48 rows 28 5.1s elapsed 294s
layer 49 rows 28 5.4s elapsed 299s
layer 50 rows 28 5.5s elapsed 305s
layer 51 rows 28 5.3s elapsed 310s
layer 52 rows 28 5.3s elapsed 316s
layer 53 rows 28 4.8s elapsed 320s
layer 54 rows 28 5.1s elapsed 325s
layer 55 rows 28 5.3s elapsed 331s
layer 56 rows 28 5.1s elapsed 336s
layer 57 rows 28 5.1s elapsed 341s
layer 58 rows 28 5.0s elapsed 346s
layer 59 rows 28 4.7s elapsed 351s
layer 60 rows 28 5.2s elapsed 356s
layer 61 rows 28 4.9s elapsed 361s
layer 62 rows 28 5.7s elapsed 366s
layer 63 rows 28 5.8s elapsed 372s
layer 64 rows 28 5.4s elapsed 378s
layer 65 rows 28 6.6s elapsed 384s
layer 66 rows 28 5.6s elapsed 390s
layer 67 rows 28 5.8s elapsed 396s
layer 68 rows 28 6.1s elapsed 402s
layer 69 rows 28 4.9s elapsed 407s
layer 70 rows 28 6.3s elapsed 413s
layer 71 rows 28 5.9s elapsed 419s
layer 72 rows 28 5.7s elapsed 425s
layer 73 rows 28 6.0s elapsed 430s
layer 74 rows 28 5.5s elapsed 436s
layer 75 rows 28 8.0s elapsed 444s
layer 76 rows 28 10.6s elapsed 455s
layer 77 rows 28 6.5s elapsed 461s
step 0 capital pos 5 token 15641 score 15.8125
step 0 code pos 15 token 326 score 15.9375
step 0 science pos 8 token 299 score 17.5000
done 462s
