GLM52-DBG vsub limits rc=0
GLM52-DBG vsub submission rc=0
GLM52-DBG vsub limits rc=0
GLM52-DBG vsub submission rc=0
GLM52-DBG vsub limits rc=0
GLM52-DBG vsub submission rc=0
GLM52-DBG vsub limits rc=0
GLM52-DBG vsub submission rc=0
GLM52-DBG vsub limits rc=0
GLM52-DBG vsub submission rc=0
GLM52-DBG vsub limits rc=0
GLM52-DBG vsub submission rc=0
GLM52-DBG vsub limits rc=0
GLM52-DBG vsub submission rc=0
GLM52-DBG vsub limits rc=0
GLM52-DBG vsub submission rc=0
GLM52-DBG vsub limits rc=0
GLM52-DBG vsub submission rc=0
GLM52-DBG vsub limits rc=0
GLM52-DBG vsub submission rc=0
GLM52-DBG vsub limits rc=0
GLM52-DBG vsub submission rc=0
GLM52-DBG vsub limits rc=0
GLM52-DBG vsub submission rc=0
GLM52-DBG vsub limits rc=0
GLM52-DBG vsub submission rc=0
GLM52-DBG vsub limits rc=0
GLM52-DBG vsub submission rc=0
GLM52-DBG vsub limits rc=0
GLM52-DBG vsub submission rc=0
GLM52-DBG vsub limits rc=0
GLM52-DBG vsub submission rc=0
GLM52-DBG vsub limits rc=0
GLM52-DBG vsub submission rc=0
GLM52-DBG vsub limits rc=0
GLM52-DBG vsub submission rc=0
GLM52-DBG vsub limits rc=0
GLM52-DBG vsub submission rc=0
GLM52-DBG vsub limits rc=0
GLM52-DBG vsub submission rc=0
GLM52-DBG vsub limits rc=0
GLM52-DBG vsub submission rc=0
GLM52-DBG vsub limits rc=0
GLM52-DBG vsub submission rc=0
GLM52-DBG vsub limits rc=0
GLM52-DBG vsub submission rc=0
GLM52-DBG vsub limits rc=0
GLM52-DBG vsub submission rc=0
GLM52-DBG vsub limits rc=0
GLM52-DBG vsub submission rc=0
GLM52-DBG vsub limits rc=0
GLM52-DBG vsub submission rc=0
GLM52-DBG vsub limits rc=0
GLM52-DBG vsub submission rc=0
GLM52-DBG vsub limits rc=0
GLM52-DBG vsub submission rc=0
GLM52-DBG vsub limits rc=0
GLM52-DBG vsub submission rc=0
GLM52-DBG vsub limits rc=0
GLM52-DBG vsub submission rc=0
GLM52-DBG vsub limits rc=0
GLM52-DBG vsub submission rc=0
GLM52-DBG vsub limits rc=0
GLM52-DBG vsub submission rc=0
GLM52-DBG vsub limits rc=0
GLM52-DBG vsub submission rc=0
GLM52-DBG vsub limits rc=0
GLM52-DBG vsub submission rc=0
GLM52-DBG vsub limits rc=0
GLM52-DBG vsub submission rc=0
GLM52-DBG vsub limits rc=0
GLM52-DBG vsub submission rc=0
GLM52-DBG vsub limits rc=0
GLM52-DBG vsub submission rc=0
GLM52-DBG vsub limits rc=0
GLM52-DBG vsub submission rc=0
GLM52-DBG vsub limits rc=0
GLM52-DBG vsub submission rc=0
GLM52-DBG vsub limits rc=0
GLM52-DBG vsub submission rc=0
GLM52-DBG vsub limits rc=0
GLM52-DBG vsub submission rc=0
GLM52-DBG vsub limits rc=0
GLM52-DBG vsub submission rc=0
GLM52-DBG vsub limits rc=0
GLM52-DBG vsub submission rc=0
GLM52-DBG vsub limits rc=0
GLM52-DBG vsub submission rc=0
GLM52-DBG vsub limits rc=0
GLM52-DBG vsub submission rc=0
GLM52-DBG vsub limits rc=0
GLM52-DBG vsub submission rc=0
GLM52-DBG vsub limits rc=0
GLM52-DBG vsub submission rc=0
GLM52-DBG vsub limits rc=0
GLM52-DBG vsub submission rc=0
GLM52-DBG vsub limits rc=0
GLM52-DBG vsub submission rc=0
GLM52-DBG vsub limits rc=0
GLM52-DBG vsub submission rc=0
GLM52-DBG vsub limits rc=0
GLM52-DBG vsub submission rc=0
GLM52-DBG vsub limits rc=0
GLM52-DBG vsub submission rc=0
GLM52-DBG vsub limits rc=0
GLM52-DBG vsub submission rc=0
GLM52-DBG vsub limits rc=0
GLM52-DBG vsub submission rc=0
GLM52-DBG vsub limits rc=0
GLM52-DBG vsub submission rc=0
GLM52-DBG vsub limits rc=0
GLM52-DBG vsub submission rc=0
GLM52-DBG vsub limits rc=0
GLM52-DBG vsub submission rc=0
GLM52-DBG vsub limits rc=0
GLM52-DBG vsub submission rc=0
GLM52-DBG vsub limits rc=0
GLM52-DBG vsub submission rc=0
GLM52-DBG vsub limits rc=0
GLM52-DBG vsub submission rc=0
GLM52-DBG vsub limits rc=0
GLM52-DBG vsub submission rc=0
GLM52-DBG vsub limits rc=0
GLM52-DBG vsub submission rc=0
GLM52-DBG vsub limits rc=0
GLM52-DBG vsub submission rc=0
GLM52-DBG engine accept tok=2581 pos=0 gen=1
GLM52-DBG engine accept tok=2581 pos=0 gen=1
GLM52-DBG engine accept tok=2581 pos=0 gen=1
GLM52-DBG engine accept tok=2581 pos=0 gen=1
GLM52-DBG engine accept tok=2581 pos=0 gen=1
GLM52-DBG engine accept tok=2581 pos=0 gen=1
GLM52-DBG engine accept tok=2581 pos=0 gen=1
GLM52-DBG engine accept tok=2581 pos=0 gen=1
GLM52-DBG vsub limits rc=0
GLM52-DBG vsub submission rc=0
GLM52-DBG vsub limits rc=0
GLM52-DBG vsub submission rc=0
GLM52-DBG vsub limits rc=0
GLM52-DBG vsub submission rc=0
GLM52-DBG vsub limits rc=0
GLM52-DBG vsub submission rc=0
GLM52-DBG vsub limits rc=0
GLM52-DBG vsub submission rc=0
GLM52-DBG vsub limits rc=0
GLM52-DBG vsub submission rc=0
GLM52-DBG vsub limits rc=0
GLM52-DBG vsub submission rc=0
GLM52-DBG vsub limits rc=0
GLM52-DBG vsub submission rc=0
GLM52-DBG vsub limits rc=0
GLM52-DBG vsub submission rc=0
GLM52-DBG engine accept tok=5485 pos=0 gen=2
GLM52-DBG engine accept tok=5485 pos=0 gen=2
GLM52-DBG engine accept tok=5485 pos=0 gen=2
GLM52-DBG engine accept tok=5485 pos=0 gen=2
GLM52-DBG engine accept tok=5485 pos=0 gen=2
GLM52-DBG engine accept tok=5485 pos=0 gen=2
GLM52-DBG engine accept tok=5485 pos=0 gen=2
GLM52-DBG engine accept tok=5485 pos=0 gen=2
GLM52-DBG vsub limits rc=0
GLM52-DBG vsub submission rc=0
GLM52-DBG vsub limits rc=0
GLM52-DBG vsub submission rc=0
GLM52-DBG vsub limits rc=0
GLM52-DBG vsub submission rc=0
GLM52-DBG vsub limits rc=0
GLM52-DBG vsub submission rc=0
GLM52-DBG vsub limits rc=0
GLM52-DBG vsub submission rc=0
GLM52-DBG vsub limits rc=0
GLM52-DBG vsub submission rc=0
GLM52-DBG vsub limits rc=0
GLM52-DBG vsub submission rc=0
GLM52-DBG vsub limits rc=0
GLM52-DBG vsub submission rc=0
GLM52-DBG vsub limits rc=0
GLM52-DBG vsub submission rc=0
GLM52-DBG engine accept tok=419 pos=0 gen=3
GLM52-DBG engine accept tok=419 pos=0 gen=3
GLM52-DBG engine accept tok=419 pos=0 gen=3
GLM52-DBG engine accept tok=419 pos=0 gen=3
GLM52-DBG engine accept tok=419 pos=0 gen=3
GLM52-DBG engine accept tok=419 pos=0 gen=3
GLM52-DBG engine accept tok=419 pos=0 gen=3
GLM52-DBG engine accept tok=419 pos=0 gen=3
GLM52-DBG vsub limits rc=0
GLM52-DBG vsub submission rc=0
GLM52-DBG vsub limits rc=0
GLM52-DBG vsub submission rc=0
GLM52-DBG vsub limits rc=0
GLM52-DBG vsub submission rc=0
GLM52-DBG vsub limits rc=0
GLM52-DBG vsub submission rc=0
GLM52-DBG vsub limits rc=0
GLM52-DBG vsub submission rc=0
GLM52-DBG vsub limits rc=0
GLM52-DBG vsub submission rc=0
GLM52-DBG vsub limits rc=0
GLM52-DBG vsub submission rc=0
GLM52-DBG vsub limits rc=0
GLM52-DBG vsub submission rc=0
GLM52-DBG vsub limits rc=0
GLM52-DBG vsub submission rc=0
GLM52-DBG engine accept tok=3743 pos=0 gen=4
GLM52-DBG engine accept tok=3743 pos=0 gen=4
GLM52-DBG engine accept tok=3743 pos=0 gen=4
GLM52-DBG engine accept tok=3743 pos=0 gen=4
GLM52-DBG engine accept tok=3743 pos=0 gen=4
GLM52-DBG engine accept tok=3743 pos=0 gen=4
GLM52-DBG engine accept tok=3743 pos=0 gen=4
GLM52-DBG engine accept tok=3743 pos=0 gen=4
GLM52-DBG vsub limits rc=0
GLM52-DBG vsub submission rc=0
GLM52-DBG vsub limits rc=0
GLM52-DBG vsub submission rc=0
GLM52-DBG vsub limits rc=0
GLM52-DBG vsub submission rc=0
GLM52-DBG vsub limits rc=0
GLM52-DBG vsub submission rc=0
GLM52-DBG vsub limits rc=0
GLM52-DBG vsub submission rc=0
GLM52-DBG vsub limits rc=0
GLM52-DBG vsub submission rc=0
GLM52-DBG vsub limits rc=0
GLM52-DBG vsub submission rc=0
GLM52-DBG vsub limits rc=0
GLM52-DBG vsub submission rc=0
GLM52-DBG vsub limits rc=0
GLM52-DBG vsub submission rc=0
GLM52-DBG engine accept tok=1573 pos=0 gen=5
GLM52-DBG engine accept tok=1573 pos=0 gen=5
GLM52-DBG engine accept tok=1573 pos=0 gen=5
GLM52-DBG engine accept tok=1573 pos=0 gen=5
GLM52-DBG engine accept tok=1573 pos=0 gen=5
GLM52-DBG engine accept tok=1573 pos=0 gen=5
GLM52-DBG engine accept tok=1573 pos=0 gen=5
GLM52-DBG engine accept tok=1573 pos=0 gen=5
GLM52-DBG vsub limits rc=0
GLM52-DBG vsub submission rc=0
GLM52-DBG vsub limits rc=0
GLM52-DBG vsub submission rc=0
GLM52-DBG vsub limits rc=0
GLM52-DBG vsub submission rc=0
GLM52-DBG vsub limits rc=0
GLM52-DBG vsub submission rc=0
GLM52-DBG vsub limits rc=0
GLM52-DBG vsub submission rc=0
GLM52-DBG vsub limits rc=0
GLM52-DBG vsub submission rc=0
GLM52-DBG vsub limits rc=0
GLM52-DBG vsub submission rc=0
GLM52-DBG vsub limits rc=0
GLM52-DBG vsub submission rc=0
GLM52-DBG vsub limits rc=0
GLM52-DBG vsub submission rc=0
GLM52-DBG engine accept tok=13 pos=0 gen=6
GLM52-DBG engine accept tok=13 pos=0 gen=6
GLM52-DBG engine accept tok=13 pos=0 gen=6
GLM52-DBG engine accept tok=13 pos=0 gen=6
GLM52-DBG engine accept tok=13 pos=0 gen=6
GLM52-DBG engine accept tok=13 pos=0 gen=6
GLM52-DBG engine accept tok=13 pos=0 gen=6
GLM52-DBG engine accept tok=13 pos=0 gen=6
GLM52-DBG vsub limits rc=0
GLM52-DBG vsub submission rc=0
GLM52-DBG vsub limits rc=0
GLM52-DBG vsub submission rc=0
GLM52-DBG vsub limits rc=0
GLM52-DBG vsub submission rc=0
GLM52-DBG vsub limits rc=0
GLM52-DBG vsub submission rc=0
GLM52-DBG vsub limits rc=0
GLM52-DBG vsub submission rc=0
GLM52-DBG vsub limits rc=0
GLM52-DBG vsub submission rc=0
GLM52-DBG vsub limits rc=0
GLM52-DBG vsub submission rc=0
GLM52-DBG vsub limits rc=0
GLM52-DBG vsub submission rc=0
GLM52-DBG vsub limits rc=0
GLM52-DBG vsub submission rc=0
GLM52-DBG engine accept tok=8669 pos=0 gen=7
GLM52-DBG engine accept tok=8669 pos=0 gen=7
GLM52-DBG engine accept tok=8669 pos=0 gen=7
GLM52-DBG engine accept tok=8669 pos=0 gen=7
GLM52-DBG engine accept tok=8669 pos=0 gen=7
GLM52-DBG engine accept tok=8669 pos=0 gen=7
GLM52-DBG engine accept tok=8669 pos=0 gen=7
GLM52-DBG engine accept tok=8669 pos=0 gen=7
GLM52-DBG vsub limits rc=0
GLM52-DBG vsub submission rc=0
GLM52-DBG vsub limits rc=0
GLM52-DBG vsub submission rc=0
GLM52-DBG vsub limits rc=0
GLM52-DBG vsub submission rc=0
GLM52-DBG vsub limits rc=0
GLM52-DBG vsub submission rc=0
GLM52-DBG vsub limits rc=0
GLM52-DBG vsub submission rc=0
GLM52-DBG vsub limits rc=0
GLM52-DBG vsub submission rc=0
GLM52-DBG vsub limits rc=0
GLM52-DBG vsub submission rc=0
GLM52-DBG vsub limits rc=0
GLM52-DBG vsub submission rc=0
GLM52-DBG vsub limits rc=0
GLM52-DBG vsub submission rc=0
GLM52-DBG engine accept tok=11 pos=0 gen=8
GLM52-DBG engine accept tok=11 pos=0 gen=8
GLM52-DBG engine accept tok=11 pos=0 gen=8
GLM52-DBG engine accept tok=11 pos=0 gen=8
GLM52-DBG engine accept tok=11 pos=0 gen=8
GLM52-DBG engine accept tok=11 pos=0 gen=8
GLM52-DBG engine accept tok=11 pos=0 gen=8
GLM52-DBG engine accept tok=11 pos=0 gen=8
GLM52-DBG vsub limits rc=0
GLM52-DBG vsub submission rc=0
GLM52-DBG vsub limits rc=0
GLM52-DBG vsub submission rc=0
GLM52-DBG vsub limits rc=0
GLM52-DBG vsub submission rc=0
GLM52-DBG vsub limits rc=0
GLM52-DBG vsub submission rc=0
GLM52-DBG vsub limits rc=0
GLM52-DBG vsub submission rc=0
GLM52-DBG vsub limits rc=0
GLM52-DBG vsub submission rc=0
GLM52-DBG vsub limits rc=0
GLM52-DBG vsub submission rc=0
GLM52-DBG vsub limits rc=0
GLM52-DBG vsub submission rc=0
GLM52-DBG vsub limits rc=0
GLM52-DBG vsub submission rc=0
GLM52-DBG engine accept tok=4486 pos=0 gen=9
GLM52-DBG engine accept tok=4486 pos=0 gen=9
GLM52-DBG engine accept tok=4486 pos=0 gen=9
GLM52-DBG engine accept tok=4486 pos=0 gen=9
GLM52-DBG engine accept tok=4486 pos=0 gen=9
GLM52-DBG engine accept tok=4486 pos=0 gen=9
GLM52-DBG engine accept tok=4486 pos=0 gen=9
GLM52-DBG engine accept tok=4486 pos=0 gen=9
GLM52-DBG vsub limits rc=0
GLM52-DBG vsub submission rc=0
GLM52-DBG vsub limits rc=0
GLM52-DBG vsub submission rc=0
GLM52-DBG vsub limits rc=0
GLM52-DBG vsub submission rc=0
GLM52-DBG vsub limits rc=0
GLM52-DBG vsub submission rc=0
GLM52-DBG vsub limits rc=0
GLM52-DBG vsub submission rc=0
GLM52-DBG vsub limits rc=0
GLM52-DBG vsub submission rc=0
GLM52-DBG vsub limits rc=0
GLM52-DBG vsub submission rc=0
GLM52-DBG vsub limits rc=0
GLM52-DBG vsub submission rc=0
GLM52-DBG vsub limits rc=0
GLM52-DBG vsub submission rc=0
GLM52-DBG engine accept tok=1513 pos=0 gen=10
GLM52-DBG engine accept tok=1513 pos=0 gen=10
GLM52-DBG engine accept tok=1513 pos=0 gen=10
GLM52-DBG engine accept tok=1513 pos=0 gen=10
GLM52-DBG engine accept tok=1513 pos=0 gen=10
GLM52-DBG engine accept tok=1513 pos=0 gen=10
GLM52-DBG engine accept tok=1513 pos=0 gen=10
GLM52-DBG engine accept tok=1513 pos=0 gen=10
GLM52-DBG vsub limits rc=0
GLM52-DBG vsub submission rc=0
GLM52-DBG vsub limits rc=0
GLM52-DBG vsub submission rc=0
GLM52-DBG vsub limits rc=0
GLM52-DBG vsub submission rc=0
GLM52-DBG vsub limits rc=0
GLM52-DBG vsub submission rc=0
GLM52-DBG vsub limits rc=0
GLM52-DBG vsub submission rc=0
GLM52-DBG vsub limits rc=0
GLM52-DBG vsub submission rc=0
GLM52-DBG vsub limits rc=0
GLM52-DBG vsub submission rc=0
GLM52-DBG vsub limits rc=0
GLM52-DBG vsub submission rc=0
GLM52-DBG vsub limits rc=0
GLM52-DBG vsub submission rc=0
GLM52-DBG engine accept tok=944 pos=0 gen=11
GLM52-DBG engine accept tok=944 pos=0 gen=11
GLM52-DBG engine accept tok=944 pos=0 gen=11
GLM52-DBG engine accept tok=944 pos=0 gen=11
GLM52-DBG engine accept tok=944 pos=0 gen=11
GLM52-DBG engine accept tok=944 pos=0 gen=11
GLM52-DBG engine accept tok=944 pos=0 gen=11
GLM52-DBG engine accept tok=944 pos=0 gen=11
GLM52-DBG vsub limits rc=0
GLM52-DBG vsub submission rc=0
GLM52-DBG vsub limits rc=0
GLM52-DBG vsub submission rc=0
GLM52-DBG vsub limits rc=0
GLM52-DBG vsub submission rc=0
GLM52-DBG vsub limits rc=0
GLM52-DBG vsub submission rc=0
GLM52-DBG vsub limits rc=0
GLM52-DBG vsub submission rc=0
GLM52-DBG vsub limits rc=0
GLM52-DBG vsub submission rc=0
GLM52-DBG vsub limits rc=0
GLM52-DBG vsub submission rc=0
GLM52-DBG vsub limits rc=0
GLM52-DBG vsub submission rc=0
GLM52-DBG vsub limits rc=0
GLM52-DBG vsub submission rc=0
GLM52-DBG engine accept tok=3291 pos=0 gen=12
GLM52-DBG engine accept tok=3291 pos=0 gen=12
GLM52-DBG engine accept tok=3291 pos=0 gen=12
GLM52-DBG engine accept tok=3291 pos=0 gen=12
GLM52-DBG engine accept tok=3291 pos=0 gen=12
GLM52-DBG engine accept tok=3291 pos=0 gen=12
GLM52-DBG engine accept tok=3291 pos=0 gen=12
GLM52-DBG engine accept tok=3291 pos=0 gen=12
GLM52-DBG vsub limits rc=0
GLM52-DBG vsub submission rc=0
GLM52-DBG vsub limits rc=0
GLM52-DBG vsub submission rc=0
GLM52-DBG vsub limits rc=0
GLM52-DBG vsub submission rc=0
GLM52-DBG vsub limits rc=0
GLM52-DBG vsub submission rc=0
GLM52-DBG vsub limits rc=0
GLM52-DBG vsub submission rc=0
GLM52-DBG vsub limits rc=0
GLM52-DBG vsub submission rc=0
GLM52-DBG vsub limits rc=0
GLM52-DBG vsub submission rc=0
GLM52-DBG vsub limits rc=0
GLM52-DBG vsub submission rc=0
GLM52-DBG vsub limits rc=0
GLM52-DBG vsub submission rc=0
GLM52-DBG engine accept tok=752 pos=0 gen=13
GLM52-DBG engine accept tok=752 pos=0 gen=13
GLM52-DBG engine accept tok=752 pos=0 gen=13
GLM52-DBG engine accept tok=752 pos=0 gen=13
GLM52-DBG engine accept tok=752 pos=0 gen=13
GLM52-DBG engine accept tok=752 pos=0 gen=13
GLM52-DBG engine accept tok=752 pos=0 gen=13
GLM52-DBG engine accept tok=752 pos=0 gen=13
GLM52-DBG vsub limits rc=0
GLM52-DBG vsub submission rc=0
GLM52-DBG vsub limits rc=0
GLM52-DBG vsub submission rc=0
GLM52-DBG vsub limits rc=0
GLM52-DBG vsub submission rc=0
GLM52-DBG vsub limits rc=0
GLM52-DBG vsub submission rc=0
GLM52-DBG vsub limits rc=0
GLM52-DBG vsub submission rc=0
GLM52-DBG vsub limits rc=0
GLM52-DBG vsub submission rc=0
GLM52-DBG vsub limits rc=0
GLM52-DBG vsub submission rc=0
GLM52-DBG vsub limits rc=0
GLM52-DBG vsub submission rc=0
GLM52-DBG vsub limits rc=0
GLM52-DBG vsub submission rc=0
GLM52-DBG engine accept tok=432 pos=0 gen=14
GLM52-DBG engine accept tok=432 pos=0 gen=14
GLM52-DBG engine accept tok=432 pos=0 gen=14
GLM52-DBG engine accept tok=432 pos=0 gen=14
GLM52-DBG engine accept tok=432 pos=0 gen=14
GLM52-DBG engine accept tok=432 pos=0 gen=14
GLM52-DBG engine accept tok=432 pos=0 gen=14
GLM52-DBG engine accept tok=432 pos=0 gen=14
GLM52-DBG vsub limits rc=0
GLM52-DBG vsub submission rc=0
GLM52-DBG vsub limits rc=0
GLM52-DBG vsub submission rc=0
GLM52-DBG vsub limits rc=0
GLM52-DBG vsub submission rc=0
GLM52-DBG vsub limits rc=0
GLM52-DBG vsub submission rc=0
GLM52-DBG vsub limits rc=0
GLM52-DBG vsub submission rc=0
GLM52-DBG vsub limits rc=0
GLM52-DBG vsub submission rc=0
GLM52-DBG vsub limits rc=0
GLM52-DBG vsub submission rc=0
GLM52-DBG vsub limits rc=0
GLM52-DBG vsub submission rc=0
GLM52-DBG vsub limits rc=0
GLM52-DBG vsub submission rc=0
GLM52-DBG engine accept tok=594 pos=0 gen=15
GLM52-DBG engine accept tok=594 pos=0 gen=15
GLM52-DBG engine accept tok=594 pos=0 gen=15
GLM52-DBG engine accept tok=594 pos=0 gen=15
GLM52-DBG engine accept tok=594 pos=0 gen=15
GLM52-DBG engine accept tok=594 pos=0 gen=15
GLM52-DBG engine accept tok=594 pos=0 gen=15
GLM52-DBG engine accept tok=594 pos=0 gen=15
GLM52-DBG vsub limits rc=0
GLM52-DBG vsub submission rc=0
GLM52-DBG vsub limits rc=0
GLM52-DBG vsub submission rc=0
GLM52-DBG vsub limits rc=0
GLM52-DBG vsub submission rc=0
GLM52-DBG vsub limits rc=0
GLM52-DBG vsub submission rc=0
GLM52-DBG vsub limits rc=0
GLM52-DBG vsub submission rc=0
GLM52-DBG vsub limits rc=0
GLM52-DBG vsub submission rc=0
GLM52-DBG vsub limits rc=0
GLM52-DBG vsub submission rc=0
GLM52-DBG vsub limits rc=0
GLM52-DBG vsub submission rc=0
GLM52-DBG vsub limits rc=0
GLM52-DBG vsub submission rc=0
GLM52-DBG engine accept tok=498 pos=0 gen=16
GLM52-DBG engine accept tok=498 pos=0 gen=16
GLM52-DBG engine accept tok=498 pos=0 gen=16
GLM52-DBG engine accept tok=498 pos=0 gen=16
GLM52-DBG engine accept tok=498 pos=0 gen=16
GLM52-DBG engine accept tok=498 pos=0 gen=16
GLM52-DBG engine accept tok=498 pos=0 gen=16
GLM52-DBG engine accept tok=498 pos=0 gen=16
GLM52-DBG vsub limits rc=0
GLM52-DBG vsub submission rc=0
GLM52-DBG vsub limits rc=0
GLM52-DBG vsub submission rc=0
GLM52-DBG vsub limits rc=0
GLM52-DBG vsub submission rc=0
GLM52-DBG vsub limits rc=0
GLM52-DBG vsub submission rc=0
GLM52-DBG vsub limits rc=0
GLM52-DBG vsub submission rc=0
GLM52-DBG vsub limits rc=0
GLM52-DBG vsub submission rc=0
GLM52-DBG vsub limits rc=0
GLM52-DBG vsub submission rc=0
GLM52-DBG vsub limits rc=0
GLM52-DBG vsub submission rc=0
GLM52-DBG vsub limits rc=0
GLM52-DBG vsub submission rc=0
GLM52-DBG engine accept tok=0 pos=0 gen=17
GLM52-DBG engine accept tok=0 pos=0 gen=17
GLM52-DBG engine accept tok=0 pos=0 gen=17
GLM52-DBG engine accept tok=0 pos=0 gen=17
GLM52-DBG engine accept tok=0 pos=0 gen=17
GLM52-DBG engine accept tok=0 pos=0 gen=17
GLM52-DBG engine accept tok=0 pos=0 gen=17
GLM52-DBG engine accept tok=0 pos=0 gen=17
GLM52-DBG vsub limits rc=0
GLM52-DBG vsub submission rc=0
GLM52-DBG vsub limits rc=0
GLM52-DBG vsub submission rc=0
GLM52-DBG vsub limits rc=0
GLM52-DBG vsub submission rc=0
GLM52-DBG vsub limits rc=0
GLM52-DBG vsub submission rc=0
GLM52-DBG vsub limits rc=0
GLM52-DBG vsub submission rc=0
GLM52-DBG vsub limits rc=0
GLM52-DBG vsub submission rc=0
GLM52-DBG vsub limits rc=0
GLM52-DBG vsub submission rc=0
GLM52-DBG vsub limits rc=0
GLM52-DBG vsub submission rc=0
GLM52-DBG vsub limits rc=0
GLM52-DBG vsub submission rc=0
GLM52-DBG engine accept tok=1446 pos=0 gen=18
GLM52-DBG engine accept tok=1446 pos=0 gen=18
GLM52-DBG engine accept tok=1446 pos=0 gen=18
GLM52-DBG engine accept tok=1446 pos=0 gen=18
GLM52-DBG engine accept tok=1446 pos=0 gen=18
GLM52-DBG engine accept tok=1446 pos=0 gen=18
GLM52-DBG engine accept tok=1446 pos=0 gen=18
GLM52-DBG engine accept tok=1446 pos=0 gen=18
GLM52-DBG vsub limits rc=0
GLM52-DBG vsub submission rc=0
GLM52-DBG vsub limits rc=0
GLM52-DBG vsub submission rc=0
GLM52-DBG vsub limits rc=0
GLM52-DBG vsub submission rc=0
GLM52-DBG vsub limits rc=0
GLM52-DBG vsub submission rc=0
GLM52-DBG vsub limits rc=0
GLM52-DBG vsub submission rc=0
GLM52-DBG vsub limits rc=0
GLM52-DBG vsub submission rc=0
GLM52-DBG vsub limits rc=0
GLM52-DBG vsub submission rc=0
GLM52-DBG vsub limits rc=0
GLM52-DBG vsub submission rc=0
GLM52-DBG vsub limits rc=0
GLM52-DBG vsub submission rc=0
GLM52-DBG engine accept tok=1414 pos=0 gen=19
GLM52-DBG engine accept tok=1414 pos=0 gen=19
GLM52-DBG engine accept tok=1414 pos=0 gen=19
GLM52-DBG engine accept tok=1414 pos=0 gen=19
GLM52-DBG engine accept tok=1414 pos=0 gen=19
GLM52-DBG engine accept tok=1414 pos=0 gen=19
GLM52-DBG engine accept tok=1414 pos=0 gen=19
GLM52-DBG engine accept tok=1414 pos=0 gen=19
GLM52-DBG vsub limits rc=0
GLM52-DBG vsub submission rc=0
GLM52-DBG vsub limits rc=0
GLM52-DBG vsub submission rc=0
GLM52-DBG vsub limits rc=0
GLM52-DBG vsub submission rc=0
GLM52-DBG vsub limits rc=0
GLM52-DBG vsub submission rc=0
GLM52-DBG vsub limits rc=0
GLM52-DBG vsub submission rc=0
GLM52-DBG vsub limits rc=0
GLM52-DBG vsub submission rc=0
GLM52-DBG vsub limits rc=0
GLM52-DBG vsub submission rc=0
GLM52-DBG vsub limits rc=0
GLM52-DBG vsub submission rc=0
GLM52-DBG vsub limits rc=0
GLM52-DBG vsub submission rc=0
GLM52-DBG engine accept tok=498 pos=0 gen=20
GLM52-DBG engine accept tok=498 pos=0 gen=20
GLM52-DBG engine accept tok=498 pos=0 gen=20
GLM52-DBG engine accept tok=498 pos=0 gen=20
GLM52-DBG engine accept tok=498 pos=0 gen=20
GLM52-DBG engine accept tok=498 pos=0 gen=20
GLM52-DBG engine accept tok=498 pos=0 gen=20
GLM52-DBG engine accept tok=498 pos=0 gen=20
GLM52-DBG vsub limits rc=0
GLM52-DBG vsub submission rc=0
GLM52-DBG vsub limits rc=0
GLM52-DBG vsub submission rc=0
GLM52-DBG vsub limits rc=0
GLM52-DBG vsub submission rc=0
GLM52-DBG vsub limits rc=0
GLM52-DBG vsub submission rc=0
GLM52-DBG vsub limits rc=0
GLM52-DBG vsub submission rc=0
GLM52-DBG vsub limits rc=0
GLM52-DBG vsub submission rc=0
GLM52-DBG vsub limits rc=0
GLM52-DBG vsub submission rc=0
GLM52-DBG vsub limits rc=0
GLM52-DBG vsub submission rc=0
GLM52-DBG vsub limits rc=0
GLM52-DBG vsub submission rc=0
GLM52-DBG engine accept tok=2299 pos=0 gen=21
GLM52-DBG engine accept tok=2299 pos=0 gen=21
GLM52-DBG engine accept tok=2299 pos=0 gen=21
GLM52-DBG engine accept tok=2299 pos=0 gen=21
GLM52-DBG engine accept tok=2299 pos=0 gen=21
GLM52-DBG engine accept tok=2299 pos=0 gen=21
GLM52-DBG engine accept tok=2299 pos=0 gen=21
GLM52-DBG engine accept tok=2299 pos=0 gen=21
GLM52-DBG vsub limits rc=0
GLM52-DBG vsub submission rc=0
GLM52-DBG vsub limits rc=0
GLM52-DBG vsub submission rc=0
GLM52-DBG vsub limits rc=0
GLM52-DBG vsub submission rc=0
GLM52-DBG vsub limits rc=0
GLM52-DBG vsub submission rc=0
GLM52-DBG vsub limits rc=0
GLM52-DBG vsub submission rc=0
GLM52-DBG vsub limits rc=0
GLM52-DBG vsub submission rc=0
GLM52-DBG vsub limits rc=0
GLM52-DBG vsub submission rc=0
GLM52-DBG vsub limits rc=0
GLM52-DBG vsub submission rc=0
GLM52-DBG vsub limits rc=0
GLM52-DBG vsub submission rc=0
GLM52-DBG engine accept tok=847 pos=0 gen=22
GLM52-DBG engine accept tok=847 pos=0 gen=22
GLM52-DBG engine accept tok=847 pos=0 gen=22
GLM52-DBG engine accept tok=847 pos=0 gen=22
GLM52-DBG engine accept tok=847 pos=0 gen=22
GLM52-DBG engine accept tok=847 pos=0 gen=22
GLM52-DBG engine accept tok=847 pos=0 gen=22
GLM52-DBG engine accept tok=847 pos=0 gen=22
GLM52-DBG vsub limits rc=0
GLM52-DBG vsub submission rc=0
GLM52-DBG vsub limits rc=0
GLM52-DBG vsub submission rc=0
GLM52-DBG vsub limits rc=0
GLM52-DBG vsub submission rc=0
GLM52-DBG vsub limits rc=0
GLM52-DBG vsub submission rc=0
GLM52-DBG vsub limits rc=0
GLM52-DBG vsub submission rc=0
GLM52-DBG vsub limits rc=0
GLM52-DBG vsub submission rc=0
GLM52-DBG vsub limits rc=0
GLM52-DBG vsub submission rc=0
GLM52-DBG vsub limits rc=0
GLM52-DBG vsub submission rc=0
GLM52-DBG vsub limits rc=0
GLM52-DBG vsub submission rc=0
GLM52-DBG engine accept tok=4238 pos=0 gen=23
GLM52-DBG engine accept tok=4238 pos=0 gen=23
GLM52-DBG engine accept tok=4238 pos=0 gen=23
GLM52-DBG engine accept tok=4238 pos=0 gen=23
GLM52-DBG engine accept tok=4238 pos=0 gen=23
GLM52-DBG engine accept tok=4238 pos=0 gen=23
GLM52-DBG engine accept tok=4238 pos=0 gen=23
GLM52-DBG engine accept tok=4238 pos=0 gen=23
GLM52-DBG vsub limits rc=0
GLM52-DBG vsub submission rc=0
GLM52-DBG vsub limits rc=0
GLM52-DBG vsub submission rc=0
GLM52-DBG vsub limits rc=0
GLM52-DBG vsub submission rc=0
GLM52-DBG vsub limits rc=0
GLM52-DBG vsub submission rc=0
GLM52-DBG vsub limits rc=0
GLM52-DBG vsub submission rc=0
GLM52-DBG vsub limits rc=0
GLM52-DBG vsub submission rc=0
GLM52-DBG vsub limits rc=0
GLM52-DBG vsub submission rc=0
GLM52-DBG vsub limits rc=0
GLM52-DBG vsub submission rc=0
GLM52-DBG vsub limits rc=0
GLM52-DBG vsub submission rc=0
GLM52-DBG engine accept tok=11 pos=0 gen=24
GLM52-DBG engine accept tok=11 pos=0 gen=24
GLM52-DBG engine accept tok=11 pos=0 gen=24
GLM52-DBG engine accept tok=11 pos=0 gen=24
GLM52-DBG engine accept tok=11 pos=0 gen=24
GLM52-DBG engine accept tok=11 pos=0 gen=24
GLM52-DBG engine accept tok=11 pos=0 gen=24
GLM52-DBG engine accept tok=11 pos=0 gen=24
GLM52-DBG vsub limits rc=0
GLM52-DBG vsub submission rc=0
GLM52-DBG vsub limits rc=0
GLM52-DBG vsub submission rc=0
GLM52-DBG vsub limits rc=0
GLM52-DBG vsub submission rc=0
GLM52-DBG vsub limits rc=0
GLM52-DBG vsub submission rc=0
GLM52-DBG vsub limits rc=0
GLM52-DBG vsub submission rc=0
GLM52-DBG vsub limits rc=0
GLM52-DBG vsub submission rc=0
GLM52-DBG vsub limits rc=0
GLM52-DBG vsub submission rc=0
GLM52-DBG vsub limits rc=0
GLM52-DBG vsub submission rc=0
GLM52-DBG vsub limits rc=0
GLM52-DBG vsub submission rc=0
GLM52-DBG engine accept tok=847 pos=0 gen=25
GLM52-DBG engine accept tok=847 pos=0 gen=25
GLM52-DBG engine accept tok=847 pos=0 gen=25
GLM52-DBG engine accept tok=847 pos=0 gen=25
GLM52-DBG engine accept tok=847 pos=0 gen=25
GLM52-DBG engine accept tok=847 pos=0 gen=25
GLM52-DBG engine accept tok=847 pos=0 gen=25
GLM52-DBG engine accept tok=847 pos=0 gen=25
GLM52-DBG vsub limits rc=0
GLM52-DBG vsub submission rc=0
GLM52-DBG vsub limits rc=0
GLM52-DBG vsub submission rc=0
GLM52-DBG vsub limits rc=0
GLM52-DBG vsub submission rc=0
GLM52-DBG vsub limits rc=0
GLM52-DBG vsub submission rc=0
GLM52-DBG vsub limits rc=0
GLM52-DBG vsub submission rc=0
GLM52-DBG vsub limits rc=0
GLM52-DBG vsub submission rc=0
GLM52-DBG vsub limits rc=0
GLM52-DBG vsub submission rc=0
GLM52-DBG vsub limits rc=0
GLM52-DBG vsub submission rc=0
GLM52-DBG vsub limits rc=0
GLM52-DBG vsub submission rc=0
GLM52-DBG engine accept tok=24184 pos=0 gen=26
GLM52-DBG engine accept tok=24184 pos=0 gen=26
GLM52-DBG engine accept tok=24184 pos=0 gen=26
GLM52-DBG engine accept tok=24184 pos=0 gen=26
GLM52-DBG engine accept tok=24184 pos=0 gen=26
GLM52-DBG engine accept tok=24184 pos=0 gen=26
GLM52-DBG engine accept tok=24184 pos=0 gen=26
GLM52-DBG engine accept tok=24184 pos=0 gen=26
GLM52-DBG vsub limits rc=0
GLM52-DBG vsub submission rc=0
GLM52-DBG vsub limits rc=0
GLM52-DBG vsub submission rc=0
GLM52-DBG vsub limits rc=0
GLM52-DBG vsub submission rc=0
GLM52-DBG vsub limits rc=0
GLM52-DBG vsub submission rc=0
GLM52-DBG vsub limits rc=0
GLM52-DBG vsub submission rc=0
GLM52-DBG vsub limits rc=0
GLM52-DBG vsub submission rc=0
GLM52-DBG vsub limits rc=0
GLM52-DBG vsub submission rc=0
GLM52-DBG vsub limits rc=0
GLM52-DBG vsub submission rc=0
GLM52-DBG vsub limits rc=0
GLM52-DBG vsub submission rc=0
GLM52-DBG engine accept tok=1850 pos=0 gen=27
GLM52-DBG engine accept tok=1850 pos=0 gen=27
GLM52-DBG engine accept tok=1850 pos=0 gen=27
GLM52-DBG engine accept tok=1850 pos=0 gen=27
GLM52-DBG engine accept tok=1850 pos=0 gen=27
GLM52-DBG engine accept tok=1850 pos=0 gen=27
GLM52-DBG engine accept tok=1850 pos=0 gen=27
GLM52-DBG engine accept tok=1850 pos=0 gen=27
GLM52-DBG vsub limits rc=0
GLM52-DBG vsub submission rc=0
GLM52-DBG vsub limits rc=0
GLM52-DBG vsub submission rc=0
GLM52-DBG vsub limits rc=0
GLM52-DBG vsub submission rc=0
GLM52-DBG vsub limits rc=0
GLM52-DBG vsub submission rc=0
GLM52-DBG vsub limits rc=0
GLM52-DBG vsub submission rc=0
GLM52-DBG vsub limits rc=0
GLM52-DBG vsub submission rc=0
GLM52-DBG vsub limits rc=0
GLM52-DBG vsub submission rc=0
GLM52-DBG vsub limits rc=0
GLM52-DBG vsub submission rc=0
GLM52-DBG vsub limits rc=0
GLM52-DBG vsub submission rc=0
GLM52-DBG engine accept tok=4238 pos=0 gen=28
GLM52-DBG engine accept tok=4238 pos=0 gen=28
GLM52-DBG engine accept tok=4238 pos=0 gen=28
GLM52-DBG engine accept tok=4238 pos=0 gen=28
GLM52-DBG engine accept tok=4238 pos=0 gen=28
GLM52-DBG engine accept tok=4238 pos=0 gen=28
GLM52-DBG engine accept tok=4238 pos=0 gen=28
GLM52-DBG engine accept tok=4238 pos=0 gen=28
GLM52-DBG vsub limits rc=0
GLM52-DBG vsub submission rc=0
GLM52-DBG vsub limits rc=0
GLM52-DBG vsub submission rc=0
GLM52-DBG vsub limits rc=0
GLM52-DBG vsub submission rc=0
GLM52-DBG vsub limits rc=0
GLM52-DBG vsub submission rc=0
GLM52-DBG vsub limits rc=0
GLM52-DBG vsub submission rc=0
GLM52-DBG vsub limits rc=0
GLM52-DBG vsub submission rc=0
GLM52-DBG vsub limits rc=0
GLM52-DBG vsub submission rc=0
GLM52-DBG vsub limits rc=0
GLM52-DBG vsub submission rc=0
GLM52-DBG vsub limits rc=0
GLM52-DBG vsub submission rc=0
GLM52-DBG engine accept tok=13 pos=0 gen=29
GLM52-DBG engine accept tok=13 pos=0 gen=29
GLM52-DBG engine accept tok=13 pos=0 gen=29
GLM52-DBG engine accept tok=13 pos=0 gen=29
GLM52-DBG engine accept tok=13 pos=0 gen=29
GLM52-DBG engine accept tok=13 pos=0 gen=29
GLM52-DBG engine accept tok=13 pos=0 gen=29
GLM52-DBG engine accept tok=13 pos=0 gen=29
GLM52-DBG vsub limits rc=0
GLM52-DBG vsub submission rc=0
GLM52-DBG vsub limits rc=0
GLM52-DBG vsub submission rc=0
GLM52-DBG vsub limits rc=0
GLM52-DBG vsub submission rc=0
GLM52-DBG vsub limits rc=0
GLM52-DBG vsub submission rc=0
GLM52-DBG vsub limits rc=0
GLM52-DBG vsub submission rc=0
GLM52-DBG vsub limits rc=0
GLM52-DBG vsub submission rc=0
GLM52-DBG vsub limits rc=0
GLM52-DBG vsub submission rc=0
GLM52-DBG vsub limits rc=0
GLM52-DBG vsub submission rc=0
GLM52-DBG vsub limits rc=0
GLM52-DBG vsub submission rc=0
GLM52-DBG engine accept tok=8669 pos=0 gen=30
GLM52-DBG engine accept tok=8669 pos=0 gen=30
GLM52-DBG engine accept tok=8669 pos=0 gen=30
GLM52-DBG engine accept tok=8669 pos=0 gen=30
GLM52-DBG engine accept tok=8669 pos=0 gen=30
GLM52-DBG engine accept tok=8669 pos=0 gen=30
GLM52-DBG engine accept tok=8669 pos=0 gen=30
GLM52-DBG engine accept tok=8669 pos=0 gen=30
GLM52-DBG vsub limits rc=0
GLM52-DBG vsub submission rc=0
GLM52-DBG vsub limits rc=0
GLM52-DBG vsub submission rc=0
GLM52-DBG vsub limits rc=0
GLM52-DBG vsub submission rc=0
GLM52-DBG vsub limits rc=0
GLM52-DBG vsub submission rc=0
GLM52-DBG vsub limits rc=0
GLM52-DBG vsub submission rc=0
GLM52-DBG vsub limits rc=0
GLM52-DBG vsub submission rc=0
GLM52-DBG vsub limits rc=0
GLM52-DBG vsub submission rc=0
GLM52-DBG vsub limits rc=0
GLM52-DBG vsub submission rc=0
GLM52-DBG vsub limits rc=0
GLM52-DBG vsub submission rc=0
GLM52-DBG engine accept tok=11 pos=0 gen=31
GLM52-DBG engine accept tok=11 pos=0 gen=31
GLM52-DBG engine accept tok=11 pos=0 gen=31
GLM52-DBG engine accept tok=11 pos=0 gen=31
GLM52-DBG engine accept tok=11 pos=0 gen=31
GLM52-DBG engine accept tok=11 pos=0 gen=31
GLM52-DBG engine accept tok=11 pos=0 gen=31
GLM52-DBG engine accept tok=11 pos=0 gen=31
sparkpipe_model_batch_pipeline submitted=37 continued=0 admitted=37 rejected=0 leases=0
sparkpipe_model_batch_status=0 terminal=8 requests=8
ELAPSED=5.89
