weightd_warm: RECLAIM freed=21707620352 arenas=1 resident=0
WSET-SPLIT rank_stage=2 local_keys=330 of 1275 full-model keys
== warm receipt (rank 8, /home/spark8/sparkdata/k3.mxfp4.tp4pp4/packs/k3.stage2.rank00.pack)
== pool=3221225472 chunk=2097152 runs=5
identity model=kimi-k3 revision=mxfp4 topology=4 geometry=0 arena_bytes=97592852864 pack_sha256=24c370554e59be011f70d69eeadab0c9c3567524167185fee873618b22044f20
WARM-BASES keys=330 chunk_bytes=2097152
smoke_set_raw_bytes_per_node=1447649280 (1380.6 MiB)
smoke_set_chunked_bytes_per_node=2076180480 (1980.0 MiB, ceil-per-span basis)
smoke_set_chunked_union_bytes_per_node=2854223872 (2722.0 MiB, exact mapped union)
chunk_inflation=1.43x (lazy/partial pool tier only; pin-all whole-arena pays no chunking)
== timed warm (run 1 = daemon-cold-warm, run 2 = warm-daemon preload
   [the < 5 s claim], runs 3+ = steady-state)
   Each run prints RUN-WALL (whole invocation: connect + attach/
   arena-create + acquire + release + close, shell monotonic) and the
   tool's internal WSET-WARM elapsed_ms (acquire+release of the
   resident keys). The attach leg = RUN-WALL - WSET-WARM.
-- warm run 1/5
weightd_warm: WSET-ONE-SHOT file=/tmp/k3-warm-rank842335-iq1WR6.wset keys=330
weightd_warm: WSET-WARM keys=330 elapsed_ms=1697
RUN-WALL run=1 elapsed_ms=8866
-- warm run 2/5
weightd_warm: WSET-ONE-SHOT file=/tmp/k3-warm-rank842335-iq1WR6.wset keys=330
weightd_warm: WSET-WARM keys=330 elapsed_ms=0
RUN-WALL run=2 elapsed_ms=16
-- warm run 3/5
weightd_warm: WSET-ONE-SHOT file=/tmp/k3-warm-rank842335-iq1WR6.wset keys=330
weightd_warm: WSET-WARM keys=330 elapsed_ms=0
RUN-WALL run=3 elapsed_ms=14
-- warm run 4/5
weightd_warm: WSET-ONE-SHOT file=/tmp/k3-warm-rank842335-iq1WR6.wset keys=330
weightd_warm: WSET-WARM keys=330 elapsed_ms=0
RUN-WALL run=4 elapsed_ms=14
-- warm run 5/5
weightd_warm: WSET-ONE-SHOT file=/tmp/k3-warm-rank842335-iq1WR6.wset keys=330
weightd_warm: WSET-WARM keys=330 elapsed_ms=0
RUN-WALL run=5 elapsed_ms=13
WARM-RECEIPT-DONE rank=8 pool=3221225472 chunk=2097152 runs=5
