weightd_warm: RECLAIM freed=21707620352 arenas=1 resident=0
WSET-SPLIT rank_stage=0 local_keys=269 of 1275 full-model keys
== warm receipt (rank 0, /home/spark0/sparkdata/k3.mxfp4.tp4pp4/packs/k3.stage0.rank00.pack)
== pool=3221225472 chunk=2097152 runs=5
identity model=kimi-k3 revision=mxfp4 topology=4 geometry=0 arena_bytes=98766808320 pack_sha256=908827dc1dbfe50b8c2d074d86c7e50bbb38723048770dadd10e602eb5ddca99
WARM-BASES keys=269 chunk_bytes=2097152
smoke_set_raw_bytes_per_node=1180053504 (1125.4 MiB)
smoke_set_chunked_bytes_per_node=1692401664 (1614.0 MiB, ceil-per-span basis)
smoke_set_chunked_union_bytes_per_node=2296381440 (2190.0 MiB, exact mapped union)
chunk_inflation=1.43x (lazy/partial pool tier only; pin-all whole-arena pays no chunking)
== timed warm (run 1 = daemon-cold-warm, run 2 = warm-daemon preload
   [the < 5 s claim], runs 3+ = steady-state)
   Each run prints RUN-WALL (whole invocation: connect + attach/
   arena-create + acquire + release + close, shell monotonic) and the
   tool's internal WSET-WARM elapsed_ms (acquire+release of the
   resident keys). The attach leg = RUN-WALL - WSET-WARM.
-- warm run 1/5
weightd_warm: WSET-ONE-SHOT file=/tmp/k3-warm-rank1975591-UhpDWW.wset keys=269
weightd_warm: WSET-WARM keys=269 elapsed_ms=1906
RUN-WALL run=1 elapsed_ms=3307
-- warm run 2/5
weightd_warm: WSET-ONE-SHOT file=/tmp/k3-warm-rank1975591-UhpDWW.wset keys=269
weightd_warm: WSET-WARM keys=269 elapsed_ms=0
RUN-WALL run=2 elapsed_ms=14
-- warm run 3/5
weightd_warm: WSET-ONE-SHOT file=/tmp/k3-warm-rank1975591-UhpDWW.wset keys=269
weightd_warm: WSET-WARM keys=269 elapsed_ms=0
RUN-WALL run=3 elapsed_ms=14
-- warm run 4/5
weightd_warm: WSET-ONE-SHOT file=/tmp/k3-warm-rank1975591-UhpDWW.wset keys=269
weightd_warm: WSET-WARM keys=269 elapsed_ms=0
RUN-WALL run=4 elapsed_ms=13
-- warm run 5/5
weightd_warm: WSET-ONE-SHOT file=/tmp/k3-warm-rank1975591-UhpDWW.wset keys=269
weightd_warm: WSET-WARM keys=269 elapsed_ms=0
RUN-WALL run=5 elapsed_ms=13
WARM-RECEIPT-DONE rank=0 pool=3221225472 chunk=2097152 runs=5
