weightd_warm: RECLAIM freed=21707620352 arenas=1 resident=0
WSET-SPLIT rank_stage=1 local_keys=314 of 1275 full-model keys
== warm receipt (rank 4, /home/spark4/sparkdata/k3.mxfp4.tp4pp4/packs/k3.stage1.rank00.pack)
== pool=3221225472 chunk=2097152 runs=5
identity model=kimi-k3 revision=mxfp4 topology=4 geometry=0 arena_bytes=97652241664 pack_sha256=923aae8ba99e1f228b9ef411878cfd49cef30ebf707f36bf7b33acbacec252d1
WARM-BASES keys=314 chunk_bytes=2097152
smoke_set_raw_bytes_per_node=1377460224 (1313.6 MiB)
smoke_set_chunked_bytes_per_node=1975517184 (1884.0 MiB, ceil-per-span basis)
smoke_set_chunked_union_bytes_per_node=2720006144 (2594.0 MiB, exact mapped union)
chunk_inflation=1.43x (lazy/partial pool tier only; pin-all whole-arena pays no chunking)
== timed warm (run 1 = daemon-cold-warm, run 2 = warm-daemon preload
   [the < 5 s claim], runs 3+ = steady-state)
   Each run prints RUN-WALL (whole invocation: connect + attach/
   arena-create + acquire + release + close, shell monotonic) and the
   tool's internal WSET-WARM elapsed_ms (acquire+release of the
   resident keys). The attach leg = RUN-WALL - WSET-WARM.
-- warm run 1/5
weightd_warm: WSET-ONE-SHOT file=/tmp/k3-warm-rank2428008-X8FNyD.wset keys=314
weightd_warm: WSET-WARM keys=314 elapsed_ms=1608
RUN-WALL run=1 elapsed_ms=8660
-- warm run 2/5
weightd_warm: WSET-ONE-SHOT file=/tmp/k3-warm-rank2428008-X8FNyD.wset keys=314
weightd_warm: WSET-WARM keys=314 elapsed_ms=0
RUN-WALL run=2 elapsed_ms=18
-- warm run 3/5
weightd_warm: WSET-ONE-SHOT file=/tmp/k3-warm-rank2428008-X8FNyD.wset keys=314
weightd_warm: WSET-WARM keys=314 elapsed_ms=0
RUN-WALL run=3 elapsed_ms=15
-- warm run 4/5
weightd_warm: WSET-ONE-SHOT file=/tmp/k3-warm-rank2428008-X8FNyD.wset keys=314
weightd_warm: WSET-WARM keys=314 elapsed_ms=0
RUN-WALL run=4 elapsed_ms=15
-- warm run 5/5
weightd_warm: WSET-ONE-SHOT file=/tmp/k3-warm-rank2428008-X8FNyD.wset keys=314
weightd_warm: WSET-WARM keys=314 elapsed_ms=0
RUN-WALL run=5 elapsed_ms=15
WARM-RECEIPT-DONE rank=4 pool=3221225472 chunk=2097152 runs=5
