weightd_warm: RECLAIM freed=21707620352 arenas=1 resident=0
WSET-SPLIT rank_stage=3 local_keys=362 of 1275 full-model keys
== warm receipt (rank 14, /home/sparke/sparkdata/k3.mxfp4.tp4pp4/packs/k3.stage3.rank02.pack)
== pool=3221225472 chunk=2097152 runs=5
identity model=kimi-k3 revision=mxfp4 topology=4 geometry=0 arena_bytes=98119908864 pack_sha256=b1727beca178986073245cbae1782f6e1bbe0f860b0491510256761e43188ae4
WARM-BASES keys=362 chunk_bytes=2097152
smoke_set_raw_bytes_per_node=1588027392 (1514.5 MiB)
smoke_set_chunked_bytes_per_node=2277507072 (2172.0 MiB, ceil-per-span basis)
smoke_set_chunked_union_bytes_per_node=3068133376 (2926.0 MiB, exact mapped union)
chunk_inflation=1.43x (lazy/partial pool tier only; pin-all whole-arena pays no chunking)
== timed warm (run 1 = daemon-cold-warm, run 2 = warm-daemon preload
   [the < 5 s claim], runs 3+ = steady-state)
   Each run prints RUN-WALL (whole invocation: connect + attach/
   arena-create + acquire + release + close, shell monotonic) and the
   tool's internal WSET-WARM elapsed_ms (acquire+release of the
   resident keys). The attach leg = RUN-WALL - WSET-WARM.
-- warm run 1/5
weightd_warm: WSET-ONE-SHOT file=/tmp/k3-warm-rank2960606-nR6Nf5.wset keys=362
weightd_warm: WSET-WARM keys=362 elapsed_ms=834
RUN-WALL run=1 elapsed_ms=2549
-- warm run 2/5
weightd_warm: WSET-ONE-SHOT file=/tmp/k3-warm-rank2960606-nR6Nf5.wset keys=362
weightd_warm: WSET-WARM keys=362 elapsed_ms=1
RUN-WALL run=2 elapsed_ms=17
-- warm run 3/5
weightd_warm: WSET-ONE-SHOT file=/tmp/k3-warm-rank2960606-nR6Nf5.wset keys=362
weightd_warm: WSET-WARM keys=362 elapsed_ms=0
RUN-WALL run=3 elapsed_ms=14
-- warm run 4/5
weightd_warm: WSET-ONE-SHOT file=/tmp/k3-warm-rank2960606-nR6Nf5.wset keys=362
weightd_warm: WSET-WARM keys=362 elapsed_ms=0
RUN-WALL run=4 elapsed_ms=17
-- warm run 5/5
weightd_warm: WSET-ONE-SHOT file=/tmp/k3-warm-rank2960606-nR6Nf5.wset keys=362
weightd_warm: WSET-WARM keys=362 elapsed_ms=0
RUN-WALL run=5 elapsed_ms=15
WARM-RECEIPT-DONE rank=14 pool=3221225472 chunk=2097152 runs=5
