tensors 2838 files 130 prompts 3 layers 78 steps 16
layer 0 rows 28 0.1s elapsed 0s
layer 1 rows 28 0.8s elapsed 1s
layer 2 rows 28 3.5s elapsed 5s
layer 3 rows 28 3.6s elapsed 8s
layer 4 rows 28 3.0s elapsed 11s
layer 5 rows 28 4.0s elapsed 15s
layer 6 rows 28 3.9s elapsed 19s
layer 7 rows 28 3.6s elapsed 23s
layer 8 rows 28 3.0s elapsed 26s
layer 9 rows 28 3.2s elapsed 29s
layer 10 rows 28 3.8s elapsed 33s
layer 11 rows 28 3.7s elapsed 37s
layer 12 rows 28 4.4s elapsed 41s
layer 13 rows 28 4.3s elapsed 45s
layer 14 rows 28 4.3s elapsed 49s
layer 15 rows 28 5.2s elapsed 55s
layer 16 rows 28 4.9s elapsed 60s
layer 17 rows 28 4.9s elapsed 65s
layer 18 rows 28 4.1s elapsed 69s
layer 19 rows 28 4.4s elapsed 73s
layer 20 rows 28 4.2s elapsed 77s
layer 21 rows 28 4.0s elapsed 81s
layer 22 rows 28 3.7s elapsed 85s
layer 23 rows 28 3.7s elapsed 89s
layer 24 rows 28 4.0s elapsed 92s
layer 25 rows 28 4.5s elapsed 97s
layer 26 rows 28 4.0s elapsed 101s
layer 27 rows 28 3.7s elapsed 105s
layer 28 rows 28 3.9s elapsed 109s
layer 29 rows 28 3.8s elapsed 112s
layer 30 rows 28 4.1s elapsed 117s
layer 31 rows 28 3.8s elapsed 120s
layer 32 rows 28 3.3s elapsed 124s
layer 33 rows 28 3.1s elapsed 127s
layer 34 rows 28 3.6s elapsed 130s
layer 35 rows 28 4.3s elapsed 135s
layer 36 rows 28 3.7s elapsed 138s
layer 37 rows 28 3.3s elapsed 142s
layer 38 rows 28 3.9s elapsed 146s
layer 39 rows 28 4.2s elapsed 150s
layer 40 rows 28 3.9s elapsed 154s
layer 41 rows 28 4.3s elapsed 158s
layer 42 rows 28 3.1s elapsed 161s
layer 43 rows 28 3.9s elapsed 165s
layer 44 rows 28 3.5s elapsed 168s
layer 45 rows 28 4.1s elapsed 173s
layer 46 rows 28 3.8s elapsed 176s
layer 47 rows 28 3.8s elapsed 180s
layer 48 rows 28 3.5s elapsed 184s
layer 49 rows 28 3.9s elapsed 188s
layer 50 rows 28 4.2s elapsed 192s
layer 51 rows 28 4.5s elapsed 196s
layer 52 rows 28 4.0s elapsed 200s
layer 53 rows 28 3.6s elapsed 204s
layer 54 rows 28 4.0s elapsed 208s
layer 55 rows 28 4.1s elapsed 212s
layer 56 rows 28 4.1s elapsed 216s
layer 57 rows 28 4.1s elapsed 220s
layer 58 rows 28 4.1s elapsed 224s
layer 59 rows 28 3.9s elapsed 228s
layer 60 rows 28 4.1s elapsed 232s
layer 61 rows 28 4.2s elapsed 237s
layer 62 rows 28 4.3s elapsed 241s
layer 63 rows 28 4.6s elapsed 245s
layer 64 rows 28 4.4s elapsed 250s
layer 65 rows 28 5.3s elapsed 255s
layer 66 rows 28 4.3s elapsed 259s
layer 67 rows 28 4.2s elapsed 264s
layer 68 rows 28 4.7s elapsed 268s
layer 69 rows 28 3.9s elapsed 272s
layer 70 rows 28 4.8s elapsed 277s
layer 71 rows 28 4.8s elapsed 282s
layer 72 rows 28 4.5s elapsed 286s
layer 73 rows 28 4.6s elapsed 291s
layer 74 rows 28 4.4s elapsed 295s
layer 75 rows 28 4.0s elapsed 299s
layer 76 rows 28 5.1s elapsed 304s
layer 77 rows 28 4.6s elapsed 309s
step 0 capital pos 5 token 15641 score 15.7963
step 0 code pos 15 token 326 score 15.8801
step 0 science pos 8 token 299 score 17.8289
layer 0 rows 3 0.4s elapsed 310s
layer 1 rows 3 1.1s elapsed 311s
layer 2 rows 3 1.2s elapsed 313s
layer 3 rows 3 1.3s elapsed 314s
layer 4 rows 3 1.4s elapsed 315s
layer 5 rows 3 1.5s elapsed 317s
layer 6 rows 3 1.4s elapsed 318s
layer 7 rows 3 1.3s elapsed 319s
layer 8 rows 3 1.2s elapsed 321s
layer 9 rows 3 1.1s elapsed 322s
layer 10 rows 3 1.5s elapsed 323s
layer 11 rows 3 1.4s elapsed 325s
layer 12 rows 3 1.3s elapsed 326s
layer 13 rows 3 1.4s elapsed 327s
layer 14 rows 3 1.5s elapsed 329s
layer 15 rows 3 1.4s elapsed 330s
layer 16 rows 3 1.5s elapsed 332s
layer 17 rows 3 1.5s elapsed 333s
layer 18 rows 3 1.4s elapsed 335s
layer 19 rows 3 1.4s elapsed 336s
layer 20 rows 3 1.6s elapsed 338s
layer 21 rows 3 1.2s elapsed 339s
layer 22 rows 3 1.3s elapsed 340s
layer 23 rows 3 1.2s elapsed 341s
layer 24 rows 3 1.3s elapsed 343s
layer 25 rows 3 1.4s elapsed 344s
layer 26 rows 3 1.2s elapsed 345s
layer 27 rows 3 1.2s elapsed 346s
layer 28 rows 3 1.4s elapsed 348s
layer 29 rows 3 1.3s elapsed 349s
layer 30 rows 3 1.2s elapsed 350s
layer 31 rows 3 1.2s elapsed 352s
layer 32 rows 3 1.3s elapsed 353s
layer 33 rows 3 1.2s elapsed 354s
layer 34 rows 3 1.4s elapsed 356s
layer 35 rows 3 1.3s elapsed 357s
layer 36 rows 3 1.3s elapsed 358s
layer 37 rows 3 1.3s elapsed 359s
layer 38 rows 3 1.1s elapsed 361s
layer 39 rows 3 1.5s elapsed 362s
layer 40 rows 3 1.4s elapsed 363s
layer 41 rows 3 1.3s elapsed 365s
layer 42 rows 3 1.5s elapsed 366s
layer 43 rows 3 1.4s elapsed 368s
layer 44 rows 3 1.4s elapsed 369s
layer 45 rows 3 1.3s elapsed 370s
layer 46 rows 3 1.3s elapsed 372s
layer 47 rows 3 1.4s elapsed 373s
layer 48 rows 3 1.3s elapsed 374s
layer 49 rows 3 1.3s elapsed 376s
layer 50 rows 3 1.4s elapsed 377s
layer 51 rows 3 1.3s elapsed 378s
layer 52 rows 3 1.9s elapsed 380s
layer 53 rows 3 1.4s elapsed 382s
layer 54 rows 3 1.5s elapsed 383s
layer 55 rows 3 1.3s elapsed 385s
layer 56 rows 3 1.3s elapsed 386s
layer 57 rows 3 1.4s elapsed 387s
layer 58 rows 3 1.5s elapsed 389s
layer 59 rows 3 1.4s elapsed 390s
layer 60 rows 3 1.3s elapsed 392s
layer 61 rows 3 1.8s elapsed 393s
layer 62 rows 3 1.4s elapsed 395s
layer 63 rows 3 1.4s elapsed 396s
layer 64 rows 3 1.4s elapsed 397s
layer 65 rows 3 1.4s elapsed 399s
layer 66 rows 3 1.3s elapsed 400s
layer 67 rows 3 1.2s elapsed 401s
layer 68 rows 3 1.4s elapsed 403s
layer 69 rows 3 1.4s elapsed 404s
layer 70 rows 3 1.4s elapsed 405s
layer 71 rows 3 1.6s elapsed 407s
layer 72 rows 3 1.4s elapsed 408s
layer 73 rows 3 1.5s elapsed 410s
layer 74 rows 3 1.5s elapsed 411s
layer 75 rows 3 1.4s elapsed 413s
layer 76 rows 3 1.4s elapsed 414s
layer 77 rows 3 2.3s elapsed 417s
step 1 capital pos 6 token 13 score 16.5705
step 1 code pos 16 token 762 score 16.5292
step 1 science pos 9 token 269 score 15.1581
layer 0 rows 3 0.7s elapsed 418s
layer 1 rows 3 1.8s elapsed 420s
layer 2 rows 3 2.5s elapsed 423s
layer 3 rows 3 3.1s elapsed 426s
layer 4 rows 3 1.9s elapsed 428s
layer 5 rows 3 1.3s elapsed 429s
layer 6 rows 3 1.4s elapsed 430s
layer 7 rows 3 1.3s elapsed 432s
layer 8 rows 3 1.2s elapsed 433s
layer 9 rows 3 1.3s elapsed 434s
layer 10 rows 3 1.4s elapsed 436s
layer 11 rows 3 1.2s elapsed 437s
layer 12 rows 3 1.3s elapsed 438s
layer 13 rows 3 1.5s elapsed 440s
layer 14 rows 3 1.1s elapsed 441s
layer 15 rows 3 1.4s elapsed 442s
layer 16 rows 3 1.4s elapsed 444s
layer 17 rows 3 1.4s elapsed 445s
layer 18 rows 3 1.3s elapsed 446s
layer 19 rows 3 1.4s elapsed 448s
layer 20 rows 3 1.3s elapsed 449s
layer 21 rows 3 1.4s elapsed 450s
layer 22 rows 3 1.3s elapsed 452s
layer 23 rows 3 1.2s elapsed 453s
layer 24 rows 3 1.2s elapsed 454s
layer 25 rows 3 1.3s elapsed 455s
layer 26 rows 3 1.3s elapsed 457s
layer 27 rows 3 1.2s elapsed 458s
layer 28 rows 3 1.1s elapsed 459s
layer 29 rows 3 1.3s elapsed 460s
layer 30 rows 3 1.2s elapsed 461s
layer 31 rows 3 1.1s elapsed 462s
layer 32 rows 3 1.3s elapsed 464s
layer 33 rows 3 1.2s elapsed 465s
layer 34 rows 3 1.1s elapsed 466s
layer 35 rows 3 1.4s elapsed 467s
layer 36 rows 3 1.3s elapsed 469s
layer 37 rows 3 1.1s elapsed 470s
layer 38 rows 3 1.1s elapsed 471s
layer 39 rows 3 1.5s elapsed 472s
layer 40 rows 3 1.4s elapsed 474s
layer 41 rows 3 1.4s elapsed 475s
layer 42 rows 3 1.3s elapsed 476s
layer 43 rows 3 1.6s elapsed 478s
layer 44 rows 3 2.9s elapsed 481s
layer 45 rows 3 4.2s elapsed 485s
layer 46 rows 3 4.2s elapsed 489s
layer 47 rows 3 2.1s elapsed 491s
layer 48 rows 3 1.4s elapsed 493s
layer 49 rows 3 1.8s elapsed 495s
layer 50 rows 3 1.7s elapsed 496s
layer 51 rows 3 1.5s elapsed 498s
layer 52 rows 3 1.4s elapsed 499s
layer 53 rows 3 1.3s elapsed 500s
layer 54 rows 3 1.3s elapsed 502s
layer 55 rows 3 1.5s elapsed 503s
layer 56 rows 3 1.3s elapsed 504s
layer 57 rows 3 1.5s elapsed 506s
layer 58 rows 3 1.6s elapsed 507s
layer 59 rows 3 1.5s elapsed 509s
layer 60 rows 3 1.3s elapsed 510s
layer 61 rows 3 1.4s elapsed 512s
layer 62 rows 3 1.6s elapsed 513s
layer 63 rows 3 1.3s elapsed 515s
layer 64 rows 3 1.4s elapsed 516s
layer 65 rows 3 1.4s elapsed 517s
layer 66 rows 3 1.3s elapsed 519s
layer 67 rows 3 1.8s elapsed 520s
layer 68 rows 3 1.9s elapsed 522s
layer 69 rows 3 1.7s elapsed 524s
layer 70 rows 3 2.0s elapsed 526s
layer 71 rows 3 1.8s elapsed 528s
layer 72 rows 3 1.6s elapsed 529s
layer 73 rows 3 3.1s elapsed 532s
layer 74 rows 3 3.4s elapsed 536s
layer 75 rows 3 1.6s elapsed 537s
layer 76 rows 3 1.6s elapsed 539s
layer 77 rows 3 3.3s elapsed 542s
step 2 capital pos 7 token 499 score 15.8611
step 2 code pos 17 token 312 score 18.2972
step 2 science pos 10 token 23017 score 14.5980
layer 0 rows 3 2.7s elapsed 548s
layer 1 rows 3 3.1s elapsed 552s
layer 2 rows 3 1.6s elapsed 553s
layer 3 rows 3 1.6s elapsed 555s
layer 4 rows 3 1.5s elapsed 556s
layer 5 rows 3 1.3s elapsed 558s
layer 6 rows 3 1.5s elapsed 559s
layer 7 rows 3 1.5s elapsed 561s
layer 8 rows 3 1.3s elapsed 562s
layer 9 rows 3 1.5s elapsed 563s
layer 10 rows 3 1.2s elapsed 565s
layer 11 rows 3 1.2s elapsed 566s
layer 12 rows 3 1.1s elapsed 567s
layer 13 rows 3 1.3s elapsed 568s
layer 14 rows 3 1.2s elapsed 569s
layer 15 rows 3 1.1s elapsed 570s
layer 16 rows 3 1.4s elapsed 572s
layer 17 rows 3 1.3s elapsed 573s
layer 18 rows 3 1.2s elapsed 574s
layer 19 rows 3 1.2s elapsed 576s
layer 20 rows 3 1.2s elapsed 577s
layer 21 rows 3 1.3s elapsed 578s
layer 22 rows 3 1.1s elapsed 579s
layer 23 rows 3 1.2s elapsed 580s
layer 24 rows 3 1.1s elapsed 581s
layer 25 rows 3 1.2s elapsed 583s
layer 26 rows 3 1.1s elapsed 584s
layer 27 rows 3 1.1s elapsed 585s
layer 28 rows 3 1.1s elapsed 586s
layer 29 rows 3 1.1s elapsed 587s
layer 30 rows 3 1.2s elapsed 588s
layer 31 rows 3 1.0s elapsed 589s
layer 32 rows 3 1.2s elapsed 590s
layer 33 rows 3 1.2s elapsed 591s
layer 34 rows 3 1.1s elapsed 593s
layer 35 rows 3 1.2s elapsed 594s
layer 36 rows 3 1.1s elapsed 595s
layer 37 rows 3 1.0s elapsed 596s
layer 38 rows 3 1.2s elapsed 597s
layer 39 rows 3 1.1s elapsed 598s
layer 40 rows 3 1.3s elapsed 599s
layer 41 rows 3 1.4s elapsed 601s
layer 42 rows 3 1.2s elapsed 602s
layer 43 rows 3 1.1s elapsed 603s
layer 44 rows 3 1.3s elapsed 604s
layer 45 rows 3 1.1s elapsed 606s
layer 46 rows 3 1.2s elapsed 607s
layer 47 rows 3 1.2s elapsed 608s
layer 48 rows 3 1.2s elapsed 609s
layer 49 rows 3 1.2s elapsed 610s
layer 50 rows 3 1.4s elapsed 612s
layer 51 rows 3 1.1s elapsed 613s
layer 52 rows 3 1.1s elapsed 614s
layer 53 rows 3 1.4s elapsed 616s
layer 54 rows 3 1.2s elapsed 617s
layer 55 rows 3 1.2s elapsed 618s
layer 56 rows 3 1.2s elapsed 619s
layer 57 rows 3 1.4s elapsed 621s
layer 58 rows 3 1.3s elapsed 622s
layer 59 rows 3 1.2s elapsed 623s
layer 60 rows 3 1.2s elapsed 624s
layer 61 rows 3 1.1s elapsed 625s
layer 62 rows 3 1.2s elapsed 627s
layer 63 rows 3 1.2s elapsed 628s
layer 64 rows 3 1.3s elapsed 629s
layer 65 rows 3 1.2s elapsed 630s
layer 66 rows 3 1.2s elapsed 632s
layer 67 rows 3 1.4s elapsed 633s
layer 68 rows 3 1.2s elapsed 634s
layer 69 rows 3 1.2s elapsed 636s
layer 70 rows 3 1.4s elapsed 637s
layer 71 rows 3 1.3s elapsed 638s
layer 72 rows 3 1.3s elapsed 640s
layer 73 rows 3 1.4s elapsed 641s
layer 74 rows 3 1.4s elapsed 642s
layer 75 rows 3 1.3s elapsed 644s
layer 76 rows 3 1.2s elapsed 645s
layer 77 rows 3 1.3s elapsed 646s
step 3 capital pos 8 token 8778 score 16.2766
step 3 code pos 18 token 9548 score 16.1616
step 3 science pos 11 token 4975 score 21.2823
layer 0 rows 3 0.3s elapsed 647s
layer 1 rows 3 1.4s elapsed 649s
layer 2 rows 3 1.3s elapsed 650s
layer 3 rows 3 1.1s elapsed 651s
layer 4 rows 3 1.2s elapsed 652s
layer 5 rows 3 1.1s elapsed 653s
layer 6 rows 3 1.4s elapsed 655s
layer 7 rows 3 1.1s elapsed 656s
layer 8 rows 3 1.1s elapsed 657s
layer 9 rows 3 1.4s elapsed 658s
layer 10 rows 3 1.3s elapsed 660s
layer 11 rows 3 1.2s elapsed 661s
layer 12 rows 3 1.1s elapsed 662s
layer 13 rows 3 1.2s elapsed 663s
layer 14 rows 3 1.0s elapsed 664s
layer 15 rows 3 1.3s elapsed 666s
layer 16 rows 3 1.3s elapsed 667s
layer 17 rows 3 1.5s elapsed 668s
layer 18 rows 3 1.2s elapsed 669s
layer 19 rows 3 1.2s elapsed 671s
layer 20 rows 3 1.1s elapsed 672s
layer 21 rows 3 1.6s elapsed 673s
layer 22 rows 3 1.2s elapsed 675s
layer 23 rows 3 1.3s elapsed 676s
layer 24 rows 3 1.3s elapsed 677s
layer 25 rows 3 1.2s elapsed 678s
layer 26 rows 3 1.1s elapsed 680s
layer 27 rows 3 1.2s elapsed 681s
layer 28 rows 3 1.2s elapsed 682s
layer 29 rows 3 1.1s elapsed 683s
layer 30 rows 3 1.1s elapsed 684s
layer 31 rows 3 1.0s elapsed 685s
layer 32 rows 3 1.2s elapsed 686s
layer 33 rows 3 1.1s elapsed 687s
layer 34 rows 3 1.4s elapsed 689s
layer 35 rows 3 1.2s elapsed 690s
layer 36 rows 3 1.2s elapsed 691s
layer 37 rows 3 1.2s elapsed 692s
layer 38 rows 3 1.2s elapsed 693s
layer 39 rows 3 1.0s elapsed 695s
layer 40 rows 3 1.3s elapsed 696s
layer 41 rows 3 1.4s elapsed 697s
layer 42 rows 3 1.2s elapsed 698s
layer 43 rows 3 1.2s elapsed 700s
layer 44 rows 3 1.2s elapsed 701s
layer 45 rows 3 1.3s elapsed 702s
layer 46 rows 3 1.1s elapsed 703s
layer 47 rows 3 1.2s elapsed 704s
layer 48 rows 3 1.4s elapsed 706s
layer 49 rows 3 1.2s elapsed 707s
layer 50 rows 3 1.3s elapsed 708s
layer 51 rows 3 1.2s elapsed 709s
layer 52 rows 3 1.1s elapsed 711s
layer 53 rows 3 1.1s elapsed 712s
layer 54 rows 3 1.2s elapsed 713s
layer 55 rows 3 1.2s elapsed 714s
layer 56 rows 3 1.2s elapsed 715s
layer 57 rows 3 1.5s elapsed 717s
layer 58 rows 3 1.1s elapsed 718s
layer 59 rows 3 1.2s elapsed 719s
layer 60 rows 3 1.1s elapsed 720s
layer 61 rows 3 1.4s elapsed 722s
layer 62 rows 3 1.2s elapsed 723s
layer 63 rows 3 1.2s elapsed 724s
layer 64 rows 3 1.1s elapsed 725s
layer 65 rows 3 1.3s elapsed 726s
layer 66 rows 3 1.4s elapsed 728s
layer 67 rows 3 1.3s elapsed 729s
layer 68 rows 3 1.1s elapsed 730s
layer 69 rows 3 1.1s elapsed 731s
layer 70 rows 3 1.1s elapsed 733s
layer 71 rows 3 1.2s elapsed 734s
layer 72 rows 3 1.4s elapsed 735s
layer 73 rows 3 1.3s elapsed 736s
layer 74 rows 3 1.1s elapsed 738s
layer 75 rows 3 1.2s elapsed 739s
layer 76 rows 3 1.2s elapsed 740s
layer 77 rows 3 1.3s elapsed 741s
step 4 capital pos 9 token 299 score 19.2015
step 4 code pos 19 token 220 score 18.9239
step 4 science pos 12 token 16686 score 18.5720
layer 0 rows 3 0.3s elapsed 742s
layer 1 rows 3 1.2s elapsed 744s
layer 2 rows 3 1.2s elapsed 745s
layer 3 rows 3 1.3s elapsed 746s
layer 4 rows 3 1.2s elapsed 747s
layer 5 rows 3 1.2s elapsed 748s
layer 6 rows 3 1.2s elapsed 750s
layer 7 rows 3 1.2s elapsed 751s
layer 8 rows 3 1.1s elapsed 752s
layer 9 rows 3 1.2s elapsed 753s
layer 10 rows 3 1.2s elapsed 754s
layer 11 rows 3 1.0s elapsed 755s
layer 12 rows 3 1.3s elapsed 757s
layer 13 rows 3 1.1s elapsed 758s
layer 14 rows 3 1.1s elapsed 759s
layer 15 rows 3 1.2s elapsed 760s
layer 16 rows 3 1.2s elapsed 761s
layer 17 rows 3 1.4s elapsed 763s
layer 18 rows 3 1.1s elapsed 764s
layer 19 rows 3 1.2s elapsed 765s
layer 20 rows 3 1.1s elapsed 766s
layer 21 rows 3 1.1s elapsed 767s
layer 22 rows 3 1.1s elapsed 768s
layer 23 rows 3 1.1s elapsed 769s
layer 24 rows 3 1.1s elapsed 771s
layer 25 rows 3 1.1s elapsed 772s
layer 26 rows 3 1.2s elapsed 773s
layer 27 rows 3 1.1s elapsed 774s
layer 28 rows 3 1.4s elapsed 775s
layer 29 rows 3 1.1s elapsed 776s
layer 30 rows 3 1.1s elapsed 778s
layer 31 rows 3 1.0s elapsed 778s
layer 32 rows 3 1.0s elapsed 780s
layer 33 rows 3 1.1s elapsed 781s
layer 34 rows 3 1.1s elapsed 782s
layer 35 rows 3 1.1s elapsed 783s
layer 36 rows 3 1.4s elapsed 784s
layer 37 rows 3 0.9s elapsed 785s
layer 38 rows 3 1.1s elapsed 786s
layer 39 rows 3 1.1s elapsed 787s
layer 40 rows 3 1.3s elapsed 789s
layer 41 rows 3 1.1s elapsed 790s
layer 42 rows 3 1.0s elapsed 791s
layer 43 rows 3 1.1s elapsed 792s
layer 44 rows 3 1.2s elapsed 793s
layer 45 rows 3 1.0s elapsed 794s
layer 46 rows 3 1.2s elapsed 795s
layer 47 rows 3 1.1s elapsed 796s
layer 48 rows 3 1.4s elapsed 798s
layer 49 rows 3 1.3s elapsed 799s
layer 50 rows 3 1.3s elapsed 800s
layer 51 rows 3 1.2s elapsed 802s
layer 52 rows 3 1.2s elapsed 803s
layer 53 rows 3 1.1s elapsed 804s
layer 54 rows 3 1.2s elapsed 805s
layer 55 rows 3 1.4s elapsed 806s
layer 56 rows 3 1.2s elapsed 808s
layer 57 rows 3 1.2s elapsed 809s
layer 58 rows 3 1.2s elapsed 810s
layer 59 rows 3 1.5s elapsed 811s
layer 60 rows 3 1.2s elapsed 813s
layer 61 rows 3 1.2s elapsed 814s
layer 62 rows 3 1.1s elapsed 815s
layer 63 rows 3 1.4s elapsed 816s
layer 64 rows 3 1.3s elapsed 818s
layer 65 rows 3 1.3s elapsed 819s
layer 66 rows 3 1.2s elapsed 820s
layer 67 rows 3 2.7s elapsed 823s
layer 68 rows 3 3.0s elapsed 826s
layer 69 rows 3 2.9s elapsed 829s
layer 70 rows 3 2.5s elapsed 831s
layer 71 rows 3 1.3s elapsed 833s
layer 72 rows 3 1.3s elapsed 834s
layer 73 rows 3 1.3s elapsed 835s
layer 74 rows 3 1.1s elapsed 836s
layer 75 rows 3 1.0s elapsed 837s
layer 76 rows 3 1.4s elapsed 839s
layer 77 rows 3 1.2s elapsed 840s
step 5 capital pos 10 token 12749 score 16.4716
step 5 code pos 20 token 15 score 17.9348
step 5 science pos 13 token 28680 score 17.7881
layer 0 rows 3 0.3s elapsed 841s
layer 1 rows 3 1.2s elapsed 842s
layer 2 rows 3 1.1s elapsed 843s
layer 3 rows 3 1.2s elapsed 845s
layer 4 rows 3 1.2s elapsed 846s
layer 5 rows 3 1.3s elapsed 847s
layer 6 rows 3 1.4s elapsed 848s
layer 7 rows 3 1.1s elapsed 850s
layer 8 rows 3 1.0s elapsed 851s
layer 9 rows 3 1.2s elapsed 852s
layer 10 rows 3 1.2s elapsed 853s
layer 11 rows 3 1.1s elapsed 854s
layer 12 rows 3 1.2s elapsed 855s
layer 13 rows 3 1.4s elapsed 857s
layer 14 rows 3 1.2s elapsed 858s
layer 15 rows 3 1.2s elapsed 859s
layer 16 rows 3 1.3s elapsed 860s
layer 17 rows 3 1.2s elapsed 862s
layer 18 rows 3 1.5s elapsed 863s
layer 19 rows 3 1.5s elapsed 865s
layer 20 rows 3 1.3s elapsed 866s
layer 21 rows 3 1.2s elapsed 867s
layer 22 rows 3 1.2s elapsed 868s
layer 23 rows 3 1.3s elapsed 870s
layer 24 rows 3 1.4s elapsed 871s
layer 25 rows 3 1.5s elapsed 872s
layer 26 rows 3 1.4s elapsed 874s
layer 27 rows 3 1.3s elapsed 875s
layer 28 rows 3 1.3s elapsed 876s
layer 29 rows 3 1.0s elapsed 877s
layer 30 rows 3 1.1s elapsed 879s
layer 31 rows 3 1.2s elapsed 880s
layer 32 rows 3 1.2s elapsed 881s
layer 33 rows 3 1.4s elapsed 882s
layer 34 rows 3 1.1s elapsed 884s
layer 35 rows 3 1.3s elapsed 885s
layer 36 rows 3 1.4s elapsed 886s
layer 37 rows 3 1.2s elapsed 887s
layer 38 rows 3 1.8s elapsed 889s
layer 39 rows 3 1.4s elapsed 891s
layer 40 rows 3 1.5s elapsed 892s
layer 41 rows 3 1.5s elapsed 894s
layer 42 rows 3 1.2s elapsed 895s
layer 43 rows 3 1.2s elapsed 896s
layer 44 rows 3 1.3s elapsed 897s
layer 45 rows 3 1.2s elapsed 899s
layer 46 rows 3 1.1s elapsed 900s
layer 47 rows 3 1.4s elapsed 901s
layer 48 rows 3 1.2s elapsed 902s
layer 49 rows 3 1.2s elapsed 903s
layer 50 rows 3 1.4s elapsed 905s
layer 51 rows 3 1.3s elapsed 906s
layer 52 rows 3 1.3s elapsed 908s
layer 53 rows 3 1.3s elapsed 909s
layer 54 rows 3 1.2s elapsed 910s
layer 55 rows 3 1.2s elapsed 911s
layer 56 rows 3 1.5s elapsed 913s
layer 57 rows 3 1.2s elapsed 914s
layer 58 rows 3 1.4s elapsed 915s
layer 59 rows 3 1.1s elapsed 916s
layer 60 rows 3 1.3s elapsed 918s
layer 61 rows 3 1.2s elapsed 919s
layer 62 rows 3 1.2s elapsed 920s
layer 63 rows 3 1.2s elapsed 921s
layer 64 rows 3 1.2s elapsed 922s
layer 65 rows 3 1.2s elapsed 924s
layer 66 rows 3 1.3s elapsed 925s
layer 67 rows 3 1.5s elapsed 926s
layer 68 rows 3 1.2s elapsed 928s
layer 69 rows 3 1.2s elapsed 929s
layer 70 rows 3 1.5s elapsed 930s
layer 71 rows 3 1.3s elapsed 932s
layer 72 rows 3 1.2s elapsed 933s
layer 73 rows 3 1.3s elapsed 934s
layer 74 rows 3 1.4s elapsed 936s
layer 75 rows 3 1.2s elapsed 937s
layer 76 rows 3 1.2s elapsed 938s
layer 77 rows 3 1.3s elapsed 939s
step 6 capital pos 11 token 341 score 17.8592
step 6 code pos 21 token 25 score 16.6995
step 6 science pos 14 token 4975 score 16.0161
layer 0 rows 3 0.3s elapsed 941s
layer 1 rows 3 1.2s elapsed 942s
layer 2 rows 3 1.1s elapsed 943s
layer 3 rows 3 1.4s elapsed 944s
layer 4 rows 3 1.3s elapsed 946s
layer 5 rows 3 1.2s elapsed 947s
layer 6 rows 3 1.2s elapsed 948s
layer 7 rows 3 1.2s elapsed 949s
layer 8 rows 3 1.1s elapsed 950s
layer 9 rows 3 1.2s elapsed 951s
layer 10 rows 3 1.1s elapsed 953s
layer 11 rows 3 1.1s elapsed 954s
layer 12 rows 3 1.2s elapsed 955s
layer 13 rows 3 1.4s elapsed 956s
layer 14 rows 3 1.2s elapsed 957s
layer 15 rows 3 1.3s elapsed 959s
layer 16 rows 3 1.1s elapsed 960s
layer 17 rows 3 1.2s elapsed 961s
layer 18 rows 3 1.2s elapsed 962s
layer 19 rows 3 1.2s elapsed 963s
layer 20 rows 3 1.2s elapsed 964s
layer 21 rows 3 1.1s elapsed 966s
layer 22 rows 3 1.1s elapsed 967s
layer 23 rows 3 1.2s elapsed 968s
layer 24 rows 3 1.3s elapsed 969s
layer 25 rows 3 1.2s elapsed 970s
layer 26 rows 3 1.1s elapsed 972s
layer 27 rows 3 1.0s elapsed 973s
layer 28 rows 3 1.0s elapsed 974s
layer 29 rows 3 1.1s elapsed 975s
layer 30 rows 3 1.4s elapsed 976s
layer 31 rows 3 1.0s elapsed 977s
layer 32 rows 3 1.3s elapsed 978s
layer 33 rows 3 1.2s elapsed 979s
layer 34 rows 3 1.1s elapsed 981s
layer 35 rows 3 1.2s elapsed 982s
layer 36 rows 3 1.1s elapsed 983s
layer 37 rows 3 1.2s elapsed 984s
layer 38 rows 3 1.2s elapsed 985s
layer 39 rows 3 1.0s elapsed 986s
layer 40 rows 3 1.2s elapsed 988s
layer 41 rows 3 1.1s elapsed 989s
layer 42 rows 3 1.2s elapsed 990s
layer 43 rows 3 1.2s elapsed 991s
layer 44 rows 3 1.1s elapsed 992s
layer 45 rows 3 1.1s elapsed 993s
layer 46 rows 3 1.1s elapsed 994s
layer 47 rows 3 1.4s elapsed 996s
layer 48 rows 3 1.3s elapsed 997s
layer 49 rows 3 1.4s elapsed 998s
layer 50 rows 3 1.4s elapsed 1000s
layer 51 rows 3 1.4s elapsed 1001s
layer 52 rows 3 1.2s elapsed 1003s
layer 53 rows 3 1.4s elapsed 1004s
layer 54 rows 3 1.2s elapsed 1005s
layer 55 rows 3 1.2s elapsed 1006s
layer 56 rows 3 1.2s elapsed 1008s
layer 57 rows 3 1.1s elapsed 1009s
layer 58 rows 3 1.2s elapsed 1010s
layer 59 rows 3 1.2s elapsed 1011s
layer 60 rows 3 1.1s elapsed 1012s
layer 61 rows 3 1.2s elapsed 1013s
layer 62 rows 3 1.4s elapsed 1015s
layer 63 rows 3 1.1s elapsed 1016s
layer 64 rows 3 1.1s elapsed 1017s
layer 65 rows 3 1.3s elapsed 1018s
layer 66 rows 3 1.2s elapsed 1020s
layer 67 rows 3 1.2s elapsed 1021s
layer 68 rows 3 1.4s elapsed 1022s
layer 69 rows 3 1.2s elapsed 1023s
layer 70 rows 3 1.3s elapsed 1025s
layer 71 rows 3 1.3s elapsed 1026s
layer 72 rows 3 1.1s elapsed 1027s
layer 73 rows 3 1.2s elapsed 1028s
layer 74 rows 3 1.1s elapsed 1029s
layer 75 rows 3 1.3s elapsed 1031s
layer 76 rows 3 1.2s elapsed 1032s
layer 77 rows 3 1.3s elapsed 1033s
step 7 capital pos 12 token 15641 score 17.6564
step 7 code pos 22 token 198 score 15.4350
step 7 science pos 15 token 13 score 16.4159
layer 0 rows 3 0.3s elapsed 1034s
layer 1 rows 3 1.2s elapsed 1036s
layer 2 rows 3 1.1s elapsed 1037s
layer 3 rows 3 1.2s elapsed 1038s
layer 4 rows 3 1.3s elapsed 1039s
layer 5 rows 3 1.1s elapsed 1040s
layer 6 rows 3 1.3s elapsed 1041s
layer 7 rows 3 1.2s elapsed 1043s
layer 8 rows 3 1.1s elapsed 1044s
layer 9 rows 3 1.2s elapsed 1045s
layer 10 rows 3 1.2s elapsed 1046s
layer 11 rows 3 1.1s elapsed 1047s
layer 12 rows 3 1.4s elapsed 1049s
layer 13 rows 3 1.0s elapsed 1050s
layer 14 rows 3 1.1s elapsed 1051s
layer 15 rows 3 1.1s elapsed 1052s
layer 16 rows 3 1.4s elapsed 1053s
layer 17 rows 3 1.1s elapsed 1054s
layer 18 rows 3 1.1s elapsed 1056s
layer 19 rows 3 1.1s elapsed 1057s
layer 20 rows 3 1.1s elapsed 1058s
layer 21 rows 3 1.1s elapsed 1059s
layer 22 rows 3 1.4s elapsed 1060s
layer 23 rows 3 1.2s elapsed 1061s
layer 24 rows 3 1.2s elapsed 1063s
layer 25 rows 3 1.1s elapsed 1064s
layer 26 rows 3 1.1s elapsed 1065s
layer 27 rows 3 1.1s elapsed 1066s
layer 28 rows 3 1.0s elapsed 1067s
layer 29 rows 3 1.1s elapsed 1068s
layer 30 rows 3 1.2s elapsed 1069s
layer 31 rows 3 0.9s elapsed 1070s
layer 32 rows 3 1.1s elapsed 1071s
layer 33 rows 3 1.1s elapsed 1072s
layer 34 rows 3 1.3s elapsed 1074s
layer 35 rows 3 1.2s elapsed 1075s
layer 36 rows 3 1.0s elapsed 1076s
layer 37 rows 3 0.9s elapsed 1077s
layer 38 rows 3 1.0s elapsed 1078s
layer 39 rows 3 1.4s elapsed 1079s
layer 40 rows 3 1.2s elapsed 1080s
layer 41 rows 3 1.1s elapsed 1081s
layer 42 rows 3 1.1s elapsed 1082s
layer 43 rows 3 1.1s elapsed 1084s
layer 44 rows 3 1.0s elapsed 1085s
layer 45 rows 3 1.0s elapsed 1085s
layer 46 rows 3 1.1s elapsed 1087s
layer 47 rows 3 1.2s elapsed 1088s
layer 48 rows 3 1.1s elapsed 1089s
layer 49 rows 3 1.4s elapsed 1090s
layer 50 rows 3 1.2s elapsed 1091s
layer 51 rows 3 1.1s elapsed 1093s
layer 52 rows 3 1.2s elapsed 1094s
layer 53 rows 3 1.1s elapsed 1095s
layer 54 rows 3 1.3s elapsed 1096s
layer 55 rows 3 1.2s elapsed 1097s
layer 56 rows 3 1.3s elapsed 1099s
layer 57 rows 3 1.1s elapsed 1100s
layer 58 rows 3 1.2s elapsed 1101s
layer 59 rows 3 1.1s elapsed 1102s
layer 60 rows 3 1.2s elapsed 1103s
layer 61 rows 3 1.6s elapsed 1105s
layer 62 rows 3 1.2s elapsed 1106s
layer 63 rows 3 1.1s elapsed 1107s
layer 64 rows 3 1.1s elapsed 1108s
layer 65 rows 3 1.2s elapsed 1110s
layer 66 rows 3 1.4s elapsed 1111s
layer 67 rows 3 1.2s elapsed 1112s
layer 68 rows 3 1.1s elapsed 1113s
layer 69 rows 3 1.1s elapsed 1114s
layer 70 rows 3 1.2s elapsed 1116s
layer 71 rows 3 1.3s elapsed 1117s
layer 72 rows 3 1.2s elapsed 1118s
layer 73 rows 3 1.4s elapsed 1119s
layer 74 rows 3 1.2s elapsed 1121s
layer 75 rows 3 1.2s elapsed 1122s
layer 76 rows 3 1.2s elapsed 1123s
layer 77 rows 3 1.5s elapsed 1124s
step 8 capital pos 13 token 13 score 16.4223
step 8 code pos 23 token 454 score 16.0656
step 8 science pos 16 token 1832 score 14.7460
layer 0 rows 3 0.4s elapsed 1126s
layer 1 rows 3 1.2s elapsed 1127s
layer 2 rows 3 1.3s elapsed 1128s
layer 3 rows 3 1.4s elapsed 1130s
layer 4 rows 3 1.2s elapsed 1131s
layer 5 rows 3 1.3s elapsed 1132s
layer 6 rows 3 1.0s elapsed 1133s
layer 7 rows 3 1.1s elapsed 1134s
layer 8 rows 3 1.3s elapsed 1135s
layer 9 rows 3 1.1s elapsed 1137s
layer 10 rows 3 1.0s elapsed 1138s
layer 11 rows 3 1.2s elapsed 1139s
layer 12 rows 3 1.2s elapsed 1140s
layer 13 rows 3 1.1s elapsed 1141s
layer 14 rows 3 1.1s elapsed 1142s
layer 15 rows 3 1.2s elapsed 1143s
layer 16 rows 3 1.1s elapsed 1145s
layer 17 rows 3 1.3s elapsed 1146s
layer 18 rows 3 1.1s elapsed 1147s
layer 19 rows 3 1.3s elapsed 1148s
layer 20 rows 3 1.1s elapsed 1149s
layer 21 rows 3 1.1s elapsed 1150s
layer 22 rows 3 1.1s elapsed 1152s
layer 23 rows 3 1.1s elapsed 1153s
layer 24 rows 3 1.1s elapsed 1154s
layer 25 rows 3 1.0s elapsed 1155s
layer 26 rows 3 1.0s elapsed 1156s
layer 27 rows 3 1.1s elapsed 1157s
layer 28 rows 3 1.0s elapsed 1158s
layer 29 rows 3 1.1s elapsed 1159s
layer 30 rows 3 1.0s elapsed 1160s
layer 31 rows 3 1.0s elapsed 1161s
layer 32 rows 3 1.3s elapsed 1162s
layer 33 rows 3 1.2s elapsed 1163s
layer 34 rows 3 1.1s elapsed 1165s
layer 35 rows 3 1.4s elapsed 1166s
layer 36 rows 3 1.1s elapsed 1167s
layer 37 rows 3 1.2s elapsed 1168s
layer 38 rows 3 1.0s elapsed 1169s
layer 39 rows 3 1.0s elapsed 1170s
layer 40 rows 3 1.0s elapsed 1171s
layer 41 rows 3 1.0s elapsed 1172s
layer 42 rows 3 1.0s elapsed 1173s
layer 43 rows 3 1.1s elapsed 1174s
layer 44 rows 3 1.0s elapsed 1175s
layer 45 rows 3 0.9s elapsed 1176s
layer 46 rows 3 1.1s elapsed 1177s
layer 47 rows 3 1.2s elapsed 1179s
layer 48 rows 3 1.1s elapsed 1180s
layer 49 rows 3 1.1s elapsed 1181s
layer 50 rows 3 1.5s elapsed 1182s
layer 51 rows 3 1.2s elapsed 1184s
layer 52 rows 3 1.2s elapsed 1185s
layer 53 rows 3 1.1s elapsed 1186s
layer 54 rows 3 1.2s elapsed 1187s
layer 55 rows 3 1.2s elapsed 1188s
layer 56 rows 3 1.1s elapsed 1189s
layer 57 rows 3 1.3s elapsed 1191s
layer 58 rows 3 1.1s elapsed 1192s
layer 59 rows 3 1.1s elapsed 1193s
layer 60 rows 3 1.4s elapsed 1194s
layer 61 rows 3 1.1s elapsed 1195s
layer 62 rows 3 1.3s elapsed 1197s
layer 63 rows 3 1.3s elapsed 1198s
layer 64 rows 3 1.2s elapsed 1199s
layer 65 rows 3 1.3s elapsed 1200s
layer 66 rows 3 1.2s elapsed 1202s
layer 67 rows 3 1.2s elapsed 1203s
layer 68 rows 3 1.2s elapsed 1204s
layer 69 rows 3 1.1s elapsed 1205s
layer 70 rows 3 1.7s elapsed 1207s
layer 71 rows 3 1.4s elapsed 1208s
layer 72 rows 3 1.2s elapsed 1210s
layer 73 rows 3 1.4s elapsed 1211s
layer 74 rows 3 1.2s elapsed 1212s
layer 75 rows 3 1.2s elapsed 1213s
layer 76 rows 3 1.5s elapsed 1215s
layer 77 rows 3 1.4s elapsed 1216s
step 9 capital pos 14 token 499 score 14.0036
step 9 code pos 24 token 1315 score 15.7890
step 9 science pos 17 token 435 score 17.4284
layer 0 rows 3 0.3s elapsed 1217s
layer 1 rows 3 1.5s elapsed 1219s
layer 2 rows 3 1.1s elapsed 1220s
layer 3 rows 3 1.2s elapsed 1221s
layer 4 rows 3 1.3s elapsed 1222s
layer 5 rows 3 1.1s elapsed 1224s
layer 6 rows 3 1.2s elapsed 1225s
layer 7 rows 3 1.1s elapsed 1226s
layer 8 rows 3 1.2s elapsed 1227s
layer 9 rows 3 1.1s elapsed 1228s
layer 10 rows 3 1.1s elapsed 1229s
layer 11 rows 3 0.9s elapsed 1230s
layer 12 rows 3 1.2s elapsed 1231s
layer 13 rows 3 1.6s elapsed 1233s
layer 14 rows 3 1.0s elapsed 1234s
layer 15 rows 3 1.3s elapsed 1235s
layer 16 rows 3 1.2s elapsed 1237s
layer 17 rows 3 1.2s elapsed 1238s
layer 18 rows 3 1.3s elapsed 1239s
layer 19 rows 3 1.2s elapsed 1240s
layer 20 rows 3 1.3s elapsed 1242s
layer 21 rows 3 1.1s elapsed 1243s
layer 22 rows 3 1.1s elapsed 1244s
layer 23 rows 3 1.2s elapsed 1245s
layer 24 rows 3 1.1s elapsed 1246s
layer 25 rows 3 1.2s elapsed 1247s
layer 26 rows 3 1.3s elapsed 1249s
layer 27 rows 3 1.1s elapsed 1250s
layer 28 rows 3 1.4s elapsed 1251s
layer 29 rows 3 1.1s elapsed 1252s
layer 30 rows 3 1.4s elapsed 1254s
layer 31 rows 3 1.0s elapsed 1255s
layer 32 rows 3 1.3s elapsed 1256s
layer 33 rows 3 1.0s elapsed 1257s
layer 34 rows 3 1.3s elapsed 1258s
layer 35 rows 3 1.4s elapsed 1260s
layer 36 rows 3 1.3s elapsed 1261s
layer 37 rows 3 1.2s elapsed 1262s
layer 38 rows 3 1.0s elapsed 1263s
layer 39 rows 3 1.2s elapsed 1264s
layer 40 rows 3 1.2s elapsed 1266s
layer 41 rows 3 1.5s elapsed 1267s
layer 42 rows 3 1.4s elapsed 1268s
layer 43 rows 3 1.2s elapsed 1270s
layer 44 rows 3 1.4s elapsed 1271s
layer 45 rows 3 1.3s elapsed 1272s
layer 46 rows 3 1.2s elapsed 1274s
layer 47 rows 3 1.4s elapsed 1275s
layer 48 rows 3 1.2s elapsed 1276s
layer 49 rows 3 1.3s elapsed 1277s
layer 50 rows 3 1.4s elapsed 1279s
layer 51 rows 3 1.2s elapsed 1280s
layer 52 rows 3 1.3s elapsed 1281s
layer 53 rows 3 1.4s elapsed 1283s
layer 54 rows 3 1.2s elapsed 1284s
layer 55 rows 3 1.2s elapsed 1285s
layer 56 rows 3 1.3s elapsed 1286s
layer 57 rows 3 1.2s elapsed 1288s
layer 58 rows 3 1.4s elapsed 1289s
layer 59 rows 3 1.2s elapsed 1290s
layer 60 rows 3 1.2s elapsed 1291s
layer 61 rows 3 1.2s elapsed 1293s
layer 62 rows 3 1.4s elapsed 1294s
layer 63 rows 3 1.2s elapsed 1295s
layer 64 rows 3 1.6s elapsed 1297s
layer 65 rows 3 1.3s elapsed 1298s
layer 66 rows 3 1.6s elapsed 1300s
layer 67 rows 3 1.5s elapsed 1301s
layer 68 rows 3 1.3s elapsed 1302s
layer 69 rows 3 1.3s elapsed 1304s
layer 70 rows 3 1.3s elapsed 1305s
layer 71 rows 3 1.5s elapsed 1307s
layer 72 rows 3 1.4s elapsed 1308s
layer 73 rows 3 1.5s elapsed 1309s
layer 74 rows 3 1.4s elapsed 1311s
layer 75 rows 3 1.3s elapsed 1312s
layer 76 rows 3 1.4s elapsed 1314s
layer 77 rows 3 1.3s elapsed 1315s
step 10 capital pos 15 token 8778 score 16.8380
step 10 code pos 25 token 312 score 16.2178
step 10 science pos 18 token 4479 score 16.4127
layer 0 rows 3 0.3s elapsed 1316s
layer 1 rows 3 1.3s elapsed 1317s
layer 2 rows 3 1.2s elapsed 1318s
layer 3 rows 3 1.3s elapsed 1320s
layer 4 rows 3 1.5s elapsed 1321s
layer 5 rows 3 1.3s elapsed 1323s
layer 6 rows 3 1.2s elapsed 1324s
layer 7 rows 3 1.5s elapsed 1325s
layer 8 rows 3 1.5s elapsed 1327s
layer 9 rows 3 1.3s elapsed 1328s
layer 10 rows 3 1.4s elapsed 1329s
layer 11 rows 3 1.2s elapsed 1331s
layer 12 rows 3 1.2s elapsed 1332s
layer 13 rows 3 1.1s elapsed 1333s
layer 14 rows 3 1.3s elapsed 1334s
layer 15 rows 3 1.2s elapsed 1335s
layer 16 rows 3 1.5s elapsed 1337s
layer 17 rows 3 1.8s elapsed 1339s
layer 18 rows 3 1.3s elapsed 1340s
layer 19 rows 3 1.2s elapsed 1341s
layer 20 rows 3 1.2s elapsed 1342s
layer 21 rows 3 1.2s elapsed 1344s
layer 22 rows 3 1.1s elapsed 1345s
layer 23 rows 3 1.3s elapsed 1346s
layer 24 rows 3 1.3s elapsed 1347s
layer 25 rows 3 1.4s elapsed 1349s
layer 26 rows 3 1.2s elapsed 1350s
layer 27 rows 3 1.3s elapsed 1351s
layer 28 rows 3 1.2s elapsed 1353s
layer 29 rows 3 1.2s elapsed 1354s
layer 30 rows 3 1.5s elapsed 1355s
layer 31 rows 3 1.1s elapsed 1356s
layer 32 rows 3 1.3s elapsed 1358s
layer 33 rows 3 1.2s elapsed 1359s
layer 34 rows 3 1.3s elapsed 1360s
layer 35 rows 3 1.6s elapsed 1362s
layer 36 rows 3 1.3s elapsed 1363s
layer 37 rows 3 1.1s elapsed 1364s
layer 38 rows 3 1.1s elapsed 1365s
layer 39 rows 3 1.2s elapsed 1366s
layer 40 rows 3 1.2s elapsed 1368s
layer 41 rows 3 1.2s elapsed 1369s
layer 42 rows 3 1.2s elapsed 1370s
layer 43 rows 3 1.3s elapsed 1371s
layer 44 rows 3 1.5s elapsed 1373s
layer 45 rows 3 1.1s elapsed 1374s
layer 46 rows 3 1.1s elapsed 1375s
layer 47 rows 3 1.4s elapsed 1376s
layer 48 rows 3 1.3s elapsed 1378s
layer 49 rows 3 1.4s elapsed 1379s
layer 50 rows 3 1.3s elapsed 1380s
layer 51 rows 3 1.3s elapsed 1382s
layer 52 rows 3 1.3s elapsed 1383s
layer 53 rows 3 1.3s elapsed 1384s
layer 54 rows 3 1.3s elapsed 1386s
layer 55 rows 3 1.3s elapsed 1387s
layer 56 rows 3 1.3s elapsed 1388s
layer 57 rows 3 1.3s elapsed 1389s
layer 58 rows 3 1.3s elapsed 1391s
layer 59 rows 3 1.2s elapsed 1392s
layer 60 rows 3 1.3s elapsed 1393s
layer 61 rows 3 1.3s elapsed 1395s
layer 62 rows 3 1.2s elapsed 1396s
layer 63 rows 3 1.3s elapsed 1397s
layer 64 rows 3 1.3s elapsed 1398s
layer 65 rows 3 1.2s elapsed 1400s
layer 66 rows 3 1.3s elapsed 1401s
layer 67 rows 3 1.4s elapsed 1402s
layer 68 rows 3 1.4s elapsed 1404s
layer 69 rows 3 1.4s elapsed 1405s
layer 70 rows 3 1.5s elapsed 1406s
layer 71 rows 3 1.7s elapsed 1408s
layer 72 rows 3 1.4s elapsed 1410s
layer 73 rows 3 1.5s elapsed 1411s
layer 74 rows 3 1.4s elapsed 1412s
layer 75 rows 3 1.3s elapsed 1414s
layer 76 rows 3 1.2s elapsed 1415s
layer 77 rows 3 1.3s elapsed 1416s
step 11 capital pos 16 token 299 score 17.8764
step 11 code pos 26 token 198 score 15.5558
step 11 science pos 19 token 269 score 18.2992
layer 0 rows 3 0.3s elapsed 1417s
layer 1 rows 3 1.3s elapsed 1419s
layer 2 rows 3 1.1s elapsed 1420s
layer 3 rows 3 1.3s elapsed 1421s
layer 4 rows 3 1.3s elapsed 1422s
layer 5 rows 3 1.3s elapsed 1424s
layer 6 rows 3 1.3s elapsed 1425s
layer 7 rows 3 1.4s elapsed 1426s
layer 8 rows 3 1.1s elapsed 1427s
layer 9 rows 3 1.3s elapsed 1429s
layer 10 rows 3 1.2s elapsed 1430s
layer 11 rows 3 1.2s elapsed 1431s
layer 12 rows 3 1.2s elapsed 1432s
layer 13 rows 3 1.3s elapsed 1434s
layer 14 rows 3 1.1s elapsed 1435s
layer 15 rows 3 1.3s elapsed 1436s
layer 16 rows 3 1.1s elapsed 1437s
layer 17 rows 3 1.2s elapsed 1438s
layer 18 rows 3 1.2s elapsed 1440s
layer 19 rows 3 1.3s elapsed 1441s
layer 20 rows 3 1.2s elapsed 1442s
layer 21 rows 3 1.1s elapsed 1443s
layer 22 rows 3 1.3s elapsed 1445s
layer 23 rows 3 1.2s elapsed 1446s
layer 24 rows 3 1.2s elapsed 1447s
layer 25 rows 3 1.3s elapsed 1448s
layer 26 rows 3 1.2s elapsed 1449s
layer 27 rows 3 1.5s elapsed 1451s
layer 28 rows 3 1.1s elapsed 1452s
layer 29 rows 3 1.4s elapsed 1453s
layer 30 rows 3 1.2s elapsed 1455s
layer 31 rows 3 1.6s elapsed 1456s
layer 32 rows 3 1.1s elapsed 1457s
layer 33 rows 3 1.6s elapsed 1459s
layer 34 rows 3 1.1s elapsed 1460s
layer 35 rows 3 1.3s elapsed 1461s
layer 36 rows 3 1.2s elapsed 1462s
layer 37 rows 3 1.3s elapsed 1464s
layer 38 rows 3 1.1s elapsed 1465s
layer 39 rows 3 1.4s elapsed 1466s
layer 40 rows 3 1.2s elapsed 1467s
layer 41 rows 3 1.1s elapsed 1469s
layer 42 rows 3 1.1s elapsed 1470s
layer 43 rows 3 1.2s elapsed 1471s
layer 44 rows 3 1.3s elapsed 1472s
layer 45 rows 3 1.0s elapsed 1473s
layer 46 rows 3 1.3s elapsed 1474s
layer 47 rows 3 1.2s elapsed 1476s
layer 48 rows 3 1.2s elapsed 1477s
layer 49 rows 3 1.2s elapsed 1478s
layer 50 rows 3 1.4s elapsed 1479s
layer 51 rows 3 1.2s elapsed 1481s
layer 52 rows 3 1.4s elapsed 1482s
layer 53 rows 3 1.2s elapsed 1483s
layer 54 rows 3 1.3s elapsed 1485s
layer 55 rows 3 1.3s elapsed 1486s
layer 56 rows 3 1.2s elapsed 1487s
layer 57 rows 3 1.3s elapsed 1488s
layer 58 rows 3 1.2s elapsed 1490s
layer 59 rows 3 1.4s elapsed 1491s
layer 60 rows 3 1.2s elapsed 1492s
layer 61 rows 3 1.2s elapsed 1493s
layer 62 rows 3 1.4s elapsed 1495s
layer 63 rows 3 1.3s elapsed 1496s
layer 64 rows 3 1.3s elapsed 1497s
layer 65 rows 3 1.4s elapsed 1499s
layer 66 rows 3 1.5s elapsed 1500s
layer 67 rows 3 1.4s elapsed 1502s
layer 68 rows 3 1.4s elapsed 1503s
layer 69 rows 3 1.4s elapsed 1504s
layer 70 rows 3 1.3s elapsed 1506s
layer 71 rows 3 1.5s elapsed 1507s
layer 72 rows 3 1.3s elapsed 1509s
layer 73 rows 3 1.8s elapsed 1510s
layer 74 rows 3 1.7s elapsed 1512s
layer 75 rows 3 1.2s elapsed 1513s
layer 76 rows 3 1.4s elapsed 1515s
layer 77 rows 3 1.3s elapsed 1516s
step 12 capital pos 17 token 12749 score 17.4017
step 12 code pos 27 token 326 score 16.3344
step 12 science pos 20 token 4975 score 17.3736
layer 0 rows 3 0.5s elapsed 1517s
layer 1 rows 3 1.3s elapsed 1518s
layer 2 rows 3 1.1s elapsed 1520s
layer 3 rows 3 1.4s elapsed 1521s
layer 4 rows 3 1.4s elapsed 1522s
layer 5 rows 3 1.2s elapsed 1524s
layer 6 rows 3 1.4s elapsed 1525s
layer 7 rows 3 1.4s elapsed 1526s
layer 8 rows 3 1.2s elapsed 1528s
layer 9 rows 3 1.1s elapsed 1529s
layer 10 rows 3 1.3s elapsed 1530s
layer 11 rows 3 1.1s elapsed 1531s
layer 12 rows 3 1.2s elapsed 1532s
layer 13 rows 3 1.3s elapsed 1533s
layer 14 rows 3 1.2s elapsed 1535s
layer 15 rows 3 1.2s elapsed 1536s
layer 16 rows 3 1.6s elapsed 1537s
layer 17 rows 3 1.3s elapsed 1539s
layer 18 rows 3 1.3s elapsed 1540s
layer 19 rows 3 1.3s elapsed 1541s
layer 20 rows 3 1.3s elapsed 1543s
layer 21 rows 3 1.2s elapsed 1544s
layer 22 rows 3 1.4s elapsed 1545s
layer 23 rows 3 1.4s elapsed 1547s
layer 24 rows 3 1.4s elapsed 1548s
layer 25 rows 3 1.3s elapsed 1549s
layer 26 rows 3 1.3s elapsed 1551s
layer 27 rows 3 1.3s elapsed 1552s
layer 28 rows 3 1.1s elapsed 1553s
layer 29 rows 3 1.2s elapsed 1554s
layer 30 rows 3 1.2s elapsed 1555s
layer 31 rows 3 1.0s elapsed 1556s
layer 32 rows 3 1.2s elapsed 1557s
layer 33 rows 3 1.3s elapsed 1559s
layer 34 rows 3 1.2s elapsed 1560s
layer 35 rows 3 1.2s elapsed 1561s
layer 36 rows 3 1.2s elapsed 1562s
layer 37 rows 3 1.1s elapsed 1563s
layer 38 rows 3 1.3s elapsed 1565s
layer 39 rows 3 1.0s elapsed 1566s
layer 40 rows 3 1.2s elapsed 1567s
layer 41 rows 3 1.3s elapsed 1568s
layer 42 rows 3 1.3s elapsed 1570s
layer 43 rows 3 1.4s elapsed 1571s
layer 44 rows 3 1.3s elapsed 1572s
layer 45 rows 3 1.2s elapsed 1573s
layer 46 rows 3 1.2s elapsed 1575s
layer 47 rows 3 1.3s elapsed 1576s
layer 48 rows 3 1.6s elapsed 1578s
layer 49 rows 3 1.3s elapsed 1579s
layer 50 rows 3 1.4s elapsed 1580s
layer 51 rows 3 1.2s elapsed 1582s
layer 52 rows 3 1.4s elapsed 1583s
layer 53 rows 3 1.5s elapsed 1584s
layer 54 rows 3 1.6s elapsed 1586s
layer 55 rows 3 3.1s elapsed 1589s
layer 56 rows 3 3.1s elapsed 1592s
layer 57 rows 3 2.1s elapsed 1594s
layer 58 rows 3 1.7s elapsed 1596s
layer 59 rows 3 3.0s elapsed 1599s
layer 60 rows 3 2.7s elapsed 1602s
layer 61 rows 3 2.9s elapsed 1605s
layer 62 rows 3 1.8s elapsed 1606s
layer 63 rows 3 2.6s elapsed 1609s
layer 64 rows 3 1.8s elapsed 1611s
layer 65 rows 3 1.7s elapsed 1612s
layer 66 rows 3 2.3s elapsed 1615s
layer 67 rows 3 3.1s elapsed 1618s
layer 68 rows 3 2.7s elapsed 1621s
layer 69 rows 3 1.9s elapsed 1622s
layer 70 rows 3 1.8s elapsed 1624s
layer 71 rows 3 1.9s elapsed 1626s
layer 72 rows 3 1.5s elapsed 1628s
layer 73 rows 3 1.6s elapsed 1629s
layer 74 rows 3 2.3s elapsed 1631s
layer 75 rows 3 2.5s elapsed 1634s
layer 76 rows 3 3.4s elapsed 1637s
layer 77 rows 3 2.1s elapsed 1639s
step 13 capital pos 18 token 341 score 18.6367
step 13 code pos 28 token 762 score 16.3801
step 13 science pos 21 token 11 score 17.0321
layer 0 rows 3 0.4s elapsed 1641s
layer 1 rows 3 1.3s elapsed 1642s
layer 2 rows 3 1.4s elapsed 1643s
layer 3 rows 3 1.4s elapsed 1645s
layer 4 rows 3 1.4s elapsed 1646s
layer 5 rows 3 1.3s elapsed 1648s
layer 6 rows 3 1.3s elapsed 1649s
layer 7 rows 3 1.1s elapsed 1650s
layer 8 rows 3 1.3s elapsed 1651s
layer 9 rows 3 1.2s elapsed 1653s
layer 10 rows 3 1.1s elapsed 1654s
layer 11 rows 3 1.2s elapsed 1655s
layer 12 rows 3 1.3s elapsed 1656s
layer 13 rows 3 1.1s elapsed 1657s
layer 14 rows 3 1.3s elapsed 1658s
layer 15 rows 3 1.4s elapsed 1660s
layer 16 rows 3 1.2s elapsed 1661s
layer 17 rows 3 1.1s elapsed 1662s
layer 18 rows 3 1.5s elapsed 1664s
layer 19 rows 3 1.2s elapsed 1665s
layer 20 rows 3 1.4s elapsed 1666s
layer 21 rows 3 1.4s elapsed 1668s
layer 22 rows 3 1.4s elapsed 1669s
layer 23 rows 3 1.2s elapsed 1670s
layer 24 rows 3 1.3s elapsed 1672s
layer 25 rows 3 1.3s elapsed 1673s
layer 26 rows 3 1.2s elapsed 1674s
layer 27 rows 3 1.6s elapsed 1676s
layer 28 rows 3 1.2s elapsed 1677s
layer 29 rows 3 1.4s elapsed 1678s
layer 30 rows 3 1.2s elapsed 1679s
layer 31 rows 3 1.0s elapsed 1680s
layer 32 rows 3 1.5s elapsed 1682s
layer 33 rows 3 1.1s elapsed 1683s
layer 34 rows 3 1.4s elapsed 1684s
layer 35 rows 3 1.3s elapsed 1686s
layer 36 rows 3 1.5s elapsed 1687s
layer 37 rows 3 1.0s elapsed 1688s
layer 38 rows 3 1.1s elapsed 1689s
layer 39 rows 3 1.1s elapsed 1690s
layer 40 rows 3 1.4s elapsed 1692s
layer 41 rows 3 1.3s elapsed 1693s
layer 42 rows 3 1.3s elapsed 1694s
layer 43 rows 3 1.1s elapsed 1695s
layer 44 rows 3 1.3s elapsed 1697s
layer 45 rows 3 1.1s elapsed 1698s
layer 46 rows 3 1.2s elapsed 1699s
layer 47 rows 3 1.1s elapsed 1700s
layer 48 rows 3 1.1s elapsed 1701s
layer 49 rows 3 1.2s elapsed 1703s
layer 50 rows 3 1.4s elapsed 1704s
layer 51 rows 3 1.3s elapsed 1705s
layer 52 rows 3 1.2s elapsed 1706s
layer 53 rows 3 1.2s elapsed 1708s
layer 54 rows 3 1.2s elapsed 1709s
layer 55 rows 3 1.3s elapsed 1710s
layer 56 rows 3 1.3s elapsed 1712s
layer 57 rows 3 1.3s elapsed 1713s
layer 58 rows 3 1.2s elapsed 1714s
layer 59 rows 3 1.3s elapsed 1715s
layer 60 rows 3 1.5s elapsed 1717s
layer 61 rows 3 1.3s elapsed 1718s
layer 62 rows 3 1.2s elapsed 1719s
layer 63 rows 3 1.5s elapsed 1721s
layer 64 rows 3 1.3s elapsed 1722s
layer 65 rows 3 1.2s elapsed 1723s
layer 66 rows 3 1.4s elapsed 1725s
layer 67 rows 3 1.2s elapsed 1726s
layer 68 rows 3 1.4s elapsed 1727s
layer 69 rows 3 1.5s elapsed 1729s
layer 70 rows 3 1.4s elapsed 1730s
layer 71 rows 3 1.3s elapsed 1732s
layer 72 rows 3 1.2s elapsed 1733s
layer 73 rows 3 1.6s elapsed 1734s
layer 74 rows 3 1.5s elapsed 1736s
layer 75 rows 3 1.3s elapsed 1737s
layer 76 rows 3 1.2s elapsed 1738s
layer 77 rows 3 1.4s elapsed 1740s
step 14 capital pos 19 token 15641 score 17.5440
step 14 code pos 29 token 312 score 17.1497
step 14 science pos 22 token 269 score 17.9535
layer 0 rows 3 0.3s elapsed 1741s
layer 1 rows 3 1.4s elapsed 1742s
layer 2 rows 3 1.3s elapsed 1743s
layer 3 rows 3 1.2s elapsed 1745s
layer 4 rows 3 1.8s elapsed 1746s
layer 5 rows 3 1.1s elapsed 1748s
layer 6 rows 3 1.7s elapsed 1749s
layer 7 rows 3 1.4s elapsed 1751s
layer 8 rows 3 1.2s elapsed 1752s
layer 9 rows 3 1.2s elapsed 1753s
layer 10 rows 3 1.5s elapsed 1754s
layer 11 rows 3 1.2s elapsed 1756s
layer 12 rows 3 1.3s elapsed 1757s
layer 13 rows 3 1.3s elapsed 1758s
layer 14 rows 3 1.2s elapsed 1759s
layer 15 rows 3 1.3s elapsed 1761s
layer 16 rows 3 1.1s elapsed 1762s
layer 17 rows 3 1.3s elapsed 1763s
layer 18 rows 3 1.3s elapsed 1764s
layer 19 rows 3 1.3s elapsed 1766s
layer 20 rows 3 1.2s elapsed 1767s
layer 21 rows 3 1.1s elapsed 1768s
layer 22 rows 3 1.4s elapsed 1770s
layer 23 rows 3 1.3s elapsed 1771s
layer 24 rows 3 1.3s elapsed 1772s
layer 25 rows 3 1.2s elapsed 1773s
layer 26 rows 3 1.2s elapsed 1775s
layer 27 rows 3 1.2s elapsed 1776s
layer 28 rows 3 1.3s elapsed 1777s
layer 29 rows 3 1.3s elapsed 1778s
layer 30 rows 3 1.3s elapsed 1780s
layer 31 rows 3 1.2s elapsed 1781s
layer 32 rows 3 1.2s elapsed 1782s
layer 33 rows 3 1.2s elapsed 1783s
layer 34 rows 3 1.3s elapsed 1785s
layer 35 rows 3 1.3s elapsed 1786s
layer 36 rows 3 1.4s elapsed 1787s
layer 37 rows 3 1.0s elapsed 1788s
layer 38 rows 3 1.1s elapsed 1789s
layer 39 rows 3 1.3s elapsed 1791s
layer 40 rows 3 1.4s elapsed 1792s
layer 41 rows 3 1.3s elapsed 1793s
layer 42 rows 3 1.1s elapsed 1794s
layer 43 rows 3 1.3s elapsed 1796s
layer 44 rows 3 1.5s elapsed 1797s
layer 45 rows 3 1.1s elapsed 1798s
layer 46 rows 3 1.2s elapsed 1799s
layer 47 rows 3 1.3s elapsed 1801s
layer 48 rows 3 1.4s elapsed 1802s
layer 49 rows 3 1.2s elapsed 1803s
layer 50 rows 3 1.3s elapsed 1805s
layer 51 rows 3 1.3s elapsed 1806s
layer 52 rows 3 1.5s elapsed 1807s
layer 53 rows 3 1.3s elapsed 1809s
layer 54 rows 3 2.4s elapsed 1811s
layer 55 rows 3 2.7s elapsed 1814s
layer 56 rows 3 2.2s elapsed 1816s
layer 57 rows 3 2.8s elapsed 1819s
layer 58 rows 3 2.1s elapsed 1821s
layer 59 rows 3 1.7s elapsed 1823s
layer 60 rows 3 2.2s elapsed 1825s
layer 61 rows 3 2.5s elapsed 1827s
layer 62 rows 3 2.5s elapsed 1830s
layer 63 rows 3 3.0s elapsed 1833s
layer 64 rows 3 1.9s elapsed 1835s
layer 65 rows 3 1.6s elapsed 1836s
layer 66 rows 3 1.7s elapsed 1838s
layer 67 rows 3 1.6s elapsed 1840s
layer 68 rows 3 1.4s elapsed 1841s
layer 69 rows 3 2.2s elapsed 1843s
layer 70 rows 3 2.6s elapsed 1846s
layer 71 rows 3 2.3s elapsed 1848s
layer 72 rows 3 3.1s elapsed 1851s
layer 73 rows 3 3.4s elapsed 1855s
layer 74 rows 3 3.6s elapsed 1858s
layer 75 rows 3 1.3s elapsed 1860s
layer 76 rows 3 1.3s elapsed 1861s
layer 77 rows 3 1.7s elapsed 1863s
step 15 capital pos 20 token 13 score 17.1021
step 15 code pos 30 token 676 score 16.2555
step 15 science pos 23 token 30869 score 16.0994
done 1864s
