tensors 2838 files 130 prompts 3 layers 78 steps 16
layer 0 rows 28 0.6s elapsed 1s
layer 1 rows 28 5.9s elapsed 7s
layer 2 rows 28 4.3s elapsed 11s
layer 3 rows 28 5.2s elapsed 17s
layer 4 rows 28 4.9s elapsed 21s
layer 5 rows 28 4.9s elapsed 26s
layer 6 rows 28 5.4s elapsed 32s
layer 7 rows 28 5.5s elapsed 37s
layer 8 rows 28 4.0s elapsed 41s
layer 9 rows 28 3.5s elapsed 45s
layer 10 rows 28 5.4s elapsed 50s
layer 11 rows 28 6.1s elapsed 56s
layer 12 rows 28 6.4s elapsed 63s
layer 13 rows 28 6.9s elapsed 69s
layer 14 rows 28 6.7s elapsed 76s
layer 15 rows 28 7.1s elapsed 83s
layer 16 rows 28 5.7s elapsed 89s
layer 17 rows 28 6.9s elapsed 96s
layer 18 rows 28 4.9s elapsed 101s
layer 19 rows 28 5.9s elapsed 107s
layer 20 rows 28 7.9s elapsed 115s
layer 21 rows 28 4.6s elapsed 119s
layer 22 rows 28 4.4s elapsed 124s
layer 23 rows 28 5.5s elapsed 129s
layer 24 rows 28 5.0s elapsed 134s
layer 25 rows 28 4.5s elapsed 139s
layer 26 rows 28 5.0s elapsed 144s
layer 27 rows 28 4.9s elapsed 148s
layer 28 rows 28 4.3s elapsed 153s
layer 29 rows 28 4.7s elapsed 157s
layer 30 rows 28 5.1s elapsed 162s
layer 31 rows 28 4.9s elapsed 167s
layer 32 rows 28 3.6s elapsed 171s
layer 33 rows 28 3.4s elapsed 174s
layer 34 rows 28 5.0s elapsed 179s
layer 35 rows 28 5.3s elapsed 185s
layer 36 rows 28 4.6s elapsed 189s
layer 37 rows 28 3.8s elapsed 193s
layer 38 rows 28 4.5s elapsed 198s
layer 39 rows 28 5.3s elapsed 203s
layer 40 rows 28 4.4s elapsed 207s
layer 41 rows 28 4.8s elapsed 212s
layer 42 rows 28 4.2s elapsed 216s
layer 43 rows 28 4.8s elapsed 221s
layer 44 rows 28 4.1s elapsed 225s
layer 45 rows 28 4.7s elapsed 230s
layer 46 rows 28 4.4s elapsed 234s
layer 47 rows 28 5.2s elapsed 240s
layer 48 rows 28 3.9s elapsed 244s
layer 49 rows 28 4.6s elapsed 248s
layer 50 rows 28 5.5s elapsed 254s
layer 51 rows 28 4.8s elapsed 259s
layer 52 rows 28 4.0s elapsed 263s
layer 53 rows 28 3.5s elapsed 266s
layer 54 rows 28 4.0s elapsed 270s
layer 55 rows 28 4.4s elapsed 274s
layer 56 rows 28 4.4s elapsed 279s
layer 57 rows 28 4.2s elapsed 283s
layer 58 rows 28 4.1s elapsed 287s
layer 59 rows 28 3.6s elapsed 291s
layer 60 rows 28 4.3s elapsed 295s
layer 61 rows 28 4.4s elapsed 300s
layer 62 rows 28 4.2s elapsed 304s
layer 63 rows 28 4.3s elapsed 308s
layer 64 rows 28 4.2s elapsed 312s
layer 65 rows 28 4.9s elapsed 317s
layer 66 rows 28 4.2s elapsed 321s
layer 67 rows 28 4.5s elapsed 326s
layer 68 rows 28 4.7s elapsed 331s
layer 69 rows 28 3.9s elapsed 334s
layer 70 rows 28 4.8s elapsed 339s
layer 71 rows 28 3.9s elapsed 343s
layer 72 rows 28 3.8s elapsed 347s
layer 73 rows 28 4.4s elapsed 351s
layer 74 rows 28 4.1s elapsed 356s
layer 75 rows 28 3.5s elapsed 359s
layer 76 rows 28 4.2s elapsed 363s
layer 77 rows 28 4.1s elapsed 367s
step 0 capital pos 5 token 15641 score 15.7963
step 0 code pos 15 token 326 score 15.8801
step 0 science pos 8 token 299 score 17.8289
layer 0 rows 3 0.4s elapsed 369s
layer 1 rows 3 1.3s elapsed 370s
layer 2 rows 3 1.2s elapsed 371s
layer 3 rows 3 1.2s elapsed 372s
layer 4 rows 3 1.2s elapsed 373s
layer 5 rows 3 1.3s elapsed 375s
layer 6 rows 3 1.3s elapsed 376s
layer 7 rows 3 1.3s elapsed 377s
layer 8 rows 3 1.2s elapsed 378s
layer 9 rows 3 1.0s elapsed 379s
layer 10 rows 3 1.1s elapsed 381s
layer 11 rows 3 1.0s elapsed 382s
layer 12 rows 3 1.4s elapsed 383s
layer 13 rows 3 1.2s elapsed 384s
layer 14 rows 3 1.3s elapsed 385s
layer 15 rows 3 1.2s elapsed 387s
layer 16 rows 3 1.3s elapsed 388s
layer 17 rows 3 1.6s elapsed 390s
layer 18 rows 3 1.3s elapsed 391s
layer 19 rows 3 1.3s elapsed 392s
layer 20 rows 3 1.2s elapsed 393s
layer 21 rows 3 1.4s elapsed 395s
layer 22 rows 3 1.5s elapsed 396s
layer 23 rows 3 1.1s elapsed 397s
layer 24 rows 3 1.2s elapsed 399s
layer 25 rows 3 1.2s elapsed 400s
layer 26 rows 3 1.2s elapsed 401s
layer 27 rows 3 1.4s elapsed 402s
layer 28 rows 3 1.1s elapsed 404s
layer 29 rows 3 1.1s elapsed 405s
layer 30 rows 3 1.1s elapsed 406s
layer 31 rows 3 1.4s elapsed 407s
layer 32 rows 3 1.2s elapsed 408s
layer 33 rows 3 1.4s elapsed 410s
layer 34 rows 3 1.2s elapsed 411s
layer 35 rows 3 1.3s elapsed 412s
layer 36 rows 3 1.2s elapsed 414s
layer 37 rows 3 0.9s elapsed 415s
layer 38 rows 3 1.0s elapsed 416s
layer 39 rows 3 1.2s elapsed 417s
layer 40 rows 3 1.3s elapsed 418s
layer 41 rows 3 1.2s elapsed 419s
layer 42 rows 3 1.1s elapsed 420s
layer 43 rows 3 1.2s elapsed 422s
layer 44 rows 3 1.4s elapsed 423s
layer 45 rows 3 1.2s elapsed 424s
layer 46 rows 3 1.2s elapsed 425s
layer 47 rows 3 1.3s elapsed 427s
layer 48 rows 3 1.2s elapsed 428s
layer 49 rows 3 1.2s elapsed 429s
layer 50 rows 3 1.4s elapsed 431s
layer 51 rows 3 1.3s elapsed 432s
layer 52 rows 3 1.3s elapsed 433s
layer 53 rows 3 1.2s elapsed 434s
layer 54 rows 3 1.3s elapsed 436s
layer 55 rows 3 1.3s elapsed 437s
layer 56 rows 3 1.3s elapsed 438s
layer 57 rows 3 1.2s elapsed 440s
layer 58 rows 3 1.2s elapsed 441s
layer 59 rows 3 1.2s elapsed 442s
layer 60 rows 3 1.2s elapsed 443s
layer 61 rows 3 1.3s elapsed 445s
layer 62 rows 3 1.5s elapsed 446s
layer 63 rows 3 1.2s elapsed 447s
layer 64 rows 3 1.3s elapsed 448s
layer 65 rows 3 1.3s elapsed 450s
layer 66 rows 3 1.2s elapsed 451s
layer 67 rows 3 1.2s elapsed 452s
layer 68 rows 3 1.3s elapsed 454s
layer 69 rows 3 1.3s elapsed 455s
layer 70 rows 3 1.4s elapsed 456s
layer 71 rows 3 0.9s elapsed 457s
layer 72 rows 3 0.9s elapsed 458s
layer 73 rows 3 0.8s elapsed 459s
layer 74 rows 3 0.6s elapsed 459s
layer 75 rows 3 0.8s elapsed 460s
layer 76 rows 3 0.9s elapsed 461s
layer 77 rows 3 0.7s elapsed 462s
step 1 capital pos 6 token 13 score 16.5705
step 1 code pos 16 token 762 score 16.5292
step 1 science pos 9 token 269 score 15.1581
layer 0 rows 3 0.3s elapsed 463s
layer 1 rows 3 1.2s elapsed 464s
layer 2 rows 3 1.1s elapsed 465s
layer 3 rows 3 1.3s elapsed 466s
layer 4 rows 3 1.2s elapsed 467s
layer 5 rows 3 1.0s elapsed 468s
layer 6 rows 3 1.5s elapsed 470s
layer 7 rows 3 1.2s elapsed 471s
layer 8 rows 3 1.0s elapsed 472s
layer 9 rows 3 1.1s elapsed 473s
layer 10 rows 3 1.1s elapsed 474s
layer 11 rows 3 1.3s elapsed 476s
layer 12 rows 3 1.2s elapsed 477s
layer 13 rows 3 1.3s elapsed 478s
layer 14 rows 3 1.1s elapsed 479s
layer 15 rows 3 1.3s elapsed 481s
layer 16 rows 3 1.2s elapsed 482s
layer 17 rows 3 1.2s elapsed 483s
layer 18 rows 3 1.1s elapsed 484s
layer 19 rows 3 1.4s elapsed 485s
layer 20 rows 3 1.3s elapsed 487s
layer 21 rows 3 1.1s elapsed 488s
layer 22 rows 3 1.2s elapsed 489s
layer 23 rows 3 1.2s elapsed 490s
layer 24 rows 3 1.1s elapsed 491s
layer 25 rows 3 1.1s elapsed 492s
layer 26 rows 3 1.2s elapsed 494s
layer 27 rows 3 1.1s elapsed 495s
layer 28 rows 3 1.0s elapsed 496s
layer 29 rows 3 1.3s elapsed 497s
layer 30 rows 3 1.1s elapsed 498s
layer 31 rows 3 1.1s elapsed 499s
layer 32 rows 3 1.3s elapsed 500s
layer 33 rows 3 1.2s elapsed 502s
layer 34 rows 3 1.1s elapsed 503s
layer 35 rows 3 1.4s elapsed 504s
layer 36 rows 3 1.4s elapsed 505s
layer 37 rows 3 1.0s elapsed 506s
layer 38 rows 3 1.0s elapsed 507s
layer 39 rows 3 1.2s elapsed 509s
layer 40 rows 3 1.2s elapsed 510s
layer 41 rows 3 1.4s elapsed 511s
layer 42 rows 3 1.2s elapsed 512s
layer 43 rows 3 1.2s elapsed 514s
layer 44 rows 3 1.5s elapsed 515s
layer 45 rows 3 1.2s elapsed 516s
layer 46 rows 3 1.1s elapsed 517s
layer 47 rows 3 1.3s elapsed 519s
layer 48 rows 3 1.3s elapsed 520s
layer 49 rows 3 1.2s elapsed 521s
layer 50 rows 3 1.3s elapsed 522s
layer 51 rows 3 1.3s elapsed 524s
layer 52 rows 3 1.5s elapsed 525s
layer 53 rows 3 1.2s elapsed 526s
layer 54 rows 3 1.3s elapsed 528s
layer 55 rows 3 1.3s elapsed 529s
layer 56 rows 3 1.4s elapsed 530s
layer 57 rows 3 1.3s elapsed 532s
layer 58 rows 3 1.3s elapsed 533s
layer 59 rows 3 1.3s elapsed 534s
layer 60 rows 3 1.2s elapsed 535s
layer 61 rows 3 1.2s elapsed 537s
layer 62 rows 3 1.2s elapsed 538s
layer 63 rows 3 1.2s elapsed 539s
layer 64 rows 3 1.2s elapsed 540s
layer 65 rows 3 1.5s elapsed 542s
layer 66 rows 3 1.3s elapsed 543s
layer 67 rows 3 1.6s elapsed 545s
layer 68 rows 3 1.4s elapsed 546s
layer 69 rows 3 1.5s elapsed 547s
layer 70 rows 3 1.3s elapsed 549s
layer 71 rows 3 0.7s elapsed 549s
layer 72 rows 3 0.7s elapsed 550s
layer 73 rows 3 0.6s elapsed 551s
layer 74 rows 3 0.6s elapsed 551s
layer 75 rows 3 0.5s elapsed 552s
layer 76 rows 3 0.7s elapsed 553s
layer 77 rows 3 0.7s elapsed 553s
step 2 capital pos 7 token 499 score 15.8611
step 2 code pos 17 token 312 score 18.2972
step 2 science pos 10 token 28680 score 14.5980
layer 0 rows 3 0.3s elapsed 554s
layer 1 rows 3 1.2s elapsed 555s
layer 2 rows 3 1.1s elapsed 557s
layer 3 rows 3 1.2s elapsed 558s
layer 4 rows 3 1.1s elapsed 559s
layer 5 rows 3 1.2s elapsed 560s
layer 6 rows 3 1.2s elapsed 561s
layer 7 rows 3 1.4s elapsed 563s
layer 8 rows 3 1.1s elapsed 564s
layer 9 rows 3 1.2s elapsed 565s
layer 10 rows 3 1.4s elapsed 566s
layer 11 rows 3 1.3s elapsed 568s
layer 12 rows 3 1.1s elapsed 569s
layer 13 rows 3 1.5s elapsed 570s
layer 14 rows 3 1.4s elapsed 572s
layer 15 rows 3 1.2s elapsed 573s
layer 16 rows 3 1.5s elapsed 574s
layer 17 rows 3 1.2s elapsed 575s
layer 18 rows 3 1.5s elapsed 577s
layer 19 rows 3 1.4s elapsed 578s
layer 20 rows 3 1.1s elapsed 579s
layer 21 rows 3 1.2s elapsed 581s
layer 22 rows 3 1.2s elapsed 582s
layer 23 rows 3 1.3s elapsed 583s
layer 24 rows 3 1.3s elapsed 584s
layer 25 rows 3 1.3s elapsed 586s
layer 26 rows 3 1.2s elapsed 587s
layer 27 rows 3 1.2s elapsed 588s
layer 28 rows 3 1.1s elapsed 589s
layer 29 rows 3 1.1s elapsed 590s
layer 30 rows 3 1.1s elapsed 591s
layer 31 rows 3 1.1s elapsed 592s
layer 32 rows 3 1.4s elapsed 594s
layer 33 rows 3 1.2s elapsed 595s
layer 34 rows 3 1.1s elapsed 596s
layer 35 rows 3 1.3s elapsed 598s
layer 36 rows 3 1.1s elapsed 599s
layer 37 rows 3 1.2s elapsed 600s
layer 38 rows 3 1.4s elapsed 601s
layer 39 rows 3 1.2s elapsed 602s
layer 40 rows 3 1.4s elapsed 604s
layer 41 rows 3 1.3s elapsed 605s
layer 42 rows 3 1.3s elapsed 606s
layer 43 rows 3 1.3s elapsed 608s
layer 44 rows 3 1.3s elapsed 609s
layer 45 rows 3 1.5s elapsed 610s
layer 46 rows 3 1.2s elapsed 612s
layer 47 rows 3 1.2s elapsed 613s
layer 48 rows 3 1.5s elapsed 614s
layer 49 rows 3 1.3s elapsed 616s
layer 50 rows 3 1.4s elapsed 617s
layer 51 rows 3 1.5s elapsed 619s
layer 52 rows 3 1.3s elapsed 620s
layer 53 rows 3 1.3s elapsed 621s
layer 54 rows 3 1.3s elapsed 623s
layer 55 rows 3 1.3s elapsed 624s
layer 56 rows 3 1.3s elapsed 625s
layer 57 rows 3 1.3s elapsed 626s
layer 58 rows 3 1.5s elapsed 628s
layer 59 rows 3 1.3s elapsed 629s
layer 60 rows 3 1.2s elapsed 631s
layer 61 rows 3 1.5s elapsed 632s
layer 62 rows 3 1.3s elapsed 633s
layer 63 rows 3 1.3s elapsed 635s
layer 64 rows 3 1.4s elapsed 636s
layer 65 rows 3 1.4s elapsed 637s
layer 66 rows 3 1.7s elapsed 639s
layer 67 rows 3 1.4s elapsed 640s
layer 68 rows 3 1.4s elapsed 642s
layer 69 rows 3 1.3s elapsed 643s
layer 70 rows 3 1.7s elapsed 645s
layer 71 rows 3 0.9s elapsed 646s
layer 72 rows 3 0.7s elapsed 646s
layer 73 rows 3 0.6s elapsed 647s
layer 74 rows 3 0.6s elapsed 648s
layer 75 rows 3 0.6s elapsed 648s
layer 76 rows 3 0.7s elapsed 649s
layer 77 rows 3 0.5s elapsed 649s
step 3 capital pos 8 token 8778 score 16.2766
step 3 code pos 18 token 9548 score 16.1616
step 3 science pos 11 token 4975 score 20.8141
layer 0 rows 3 0.3s elapsed 650s
layer 1 rows 3 1.2s elapsed 651s
layer 2 rows 3 1.4s elapsed 653s
layer 3 rows 3 1.2s elapsed 654s
layer 4 rows 3 1.4s elapsed 655s
layer 5 rows 3 1.2s elapsed 657s
layer 6 rows 3 1.3s elapsed 658s
layer 7 rows 3 1.4s elapsed 659s
layer 8 rows 3 1.1s elapsed 660s
layer 9 rows 3 1.3s elapsed 662s
layer 10 rows 3 1.2s elapsed 663s
layer 11 rows 3 1.2s elapsed 664s
layer 12 rows 3 1.2s elapsed 665s
layer 13 rows 3 1.2s elapsed 667s
layer 14 rows 3 1.1s elapsed 668s
layer 15 rows 3 1.2s elapsed 669s
layer 16 rows 3 1.1s elapsed 670s
layer 17 rows 3 1.4s elapsed 671s
layer 18 rows 3 1.2s elapsed 673s
layer 19 rows 3 1.3s elapsed 674s
layer 20 rows 3 1.6s elapsed 675s
layer 21 rows 3 1.7s elapsed 677s
layer 22 rows 3 1.3s elapsed 678s
layer 23 rows 3 1.3s elapsed 680s
layer 24 rows 3 1.3s elapsed 681s
layer 25 rows 3 1.3s elapsed 682s
layer 26 rows 3 1.3s elapsed 684s
layer 27 rows 3 1.3s elapsed 685s
layer 28 rows 3 1.3s elapsed 686s
layer 29 rows 3 1.1s elapsed 687s
layer 30 rows 3 1.3s elapsed 689s
layer 31 rows 3 1.1s elapsed 690s
layer 32 rows 3 1.3s elapsed 691s
layer 33 rows 3 1.2s elapsed 692s
layer 34 rows 3 1.2s elapsed 694s
layer 35 rows 3 1.3s elapsed 695s
layer 36 rows 3 1.5s elapsed 696s
layer 37 rows 3 1.1s elapsed 697s
layer 38 rows 3 1.2s elapsed 699s
layer 39 rows 3 1.1s elapsed 700s
layer 40 rows 3 1.6s elapsed 701s
layer 41 rows 3 1.3s elapsed 703s
layer 42 rows 3 1.3s elapsed 704s
layer 43 rows 3 1.6s elapsed 706s
layer 44 rows 3 1.4s elapsed 707s
layer 45 rows 3 1.3s elapsed 708s
layer 46 rows 3 1.3s elapsed 710s
layer 47 rows 3 1.3s elapsed 711s
layer 48 rows 3 1.3s elapsed 712s
layer 49 rows 3 1.4s elapsed 714s
layer 50 rows 3 1.3s elapsed 715s
layer 51 rows 3 1.3s elapsed 716s
layer 52 rows 3 1.3s elapsed 717s
layer 53 rows 3 3.0s elapsed 720s
layer 54 rows 3 1.3s elapsed 722s
layer 55 rows 3 1.4s elapsed 723s
layer 56 rows 3 1.2s elapsed 724s
layer 57 rows 3 1.2s elapsed 726s
layer 58 rows 3 1.3s elapsed 727s
layer 59 rows 3 1.4s elapsed 728s
layer 60 rows 3 1.5s elapsed 730s
layer 61 rows 3 1.5s elapsed 731s
layer 62 rows 3 1.4s elapsed 733s
layer 63 rows 3 1.3s elapsed 734s
layer 64 rows 3 1.3s elapsed 735s
layer 65 rows 3 1.4s elapsed 737s
layer 66 rows 3 1.3s elapsed 738s
layer 67 rows 3 1.7s elapsed 740s
layer 68 rows 3 1.2s elapsed 741s
layer 69 rows 3 1.5s elapsed 742s
layer 70 rows 3 1.5s elapsed 744s
layer 71 rows 3 1.2s elapsed 745s
layer 72 rows 3 1.5s elapsed 747s
layer 73 rows 3 1.6s elapsed 748s
layer 74 rows 3 1.3s elapsed 749s
layer 75 rows 3 1.3s elapsed 751s
layer 76 rows 3 1.8s elapsed 753s
layer 77 rows 3 1.3s elapsed 754s
step 4 capital pos 9 token 299 score 19.2015
step 4 code pos 19 token 220 score 18.9239
step 4 science pos 12 token 341 score 17.9292
layer 0 rows 3 0.4s elapsed 755s
layer 1 rows 3 1.2s elapsed 756s
layer 2 rows 3 1.2s elapsed 757s
layer 3 rows 3 1.6s elapsed 759s
layer 4 rows 3 1.4s elapsed 760s
layer 5 rows 3 1.2s elapsed 762s
layer 6 rows 3 1.5s elapsed 763s
layer 7 rows 3 1.3s elapsed 764s
layer 8 rows 3 1.2s elapsed 766s
layer 9 rows 3 1.1s elapsed 767s
layer 10 rows 3 1.3s elapsed 768s
layer 11 rows 3 1.2s elapsed 769s
layer 12 rows 3 1.3s elapsed 770s
layer 13 rows 3 1.4s elapsed 772s
layer 14 rows 3 1.2s elapsed 773s
layer 15 rows 3 1.4s elapsed 774s
layer 16 rows 3 1.2s elapsed 775s
layer 17 rows 3 1.3s elapsed 777s
layer 18 rows 3 1.3s elapsed 778s
layer 19 rows 3 1.3s elapsed 779s
layer 20 rows 3 1.6s elapsed 781s
layer 21 rows 3 1.6s elapsed 783s
layer 22 rows 3 1.4s elapsed 784s
layer 23 rows 3 1.4s elapsed 785s
layer 24 rows 3 1.4s elapsed 787s
layer 25 rows 3 1.4s elapsed 788s
layer 26 rows 3 1.3s elapsed 789s
layer 27 rows 3 1.4s elapsed 791s
layer 28 rows 3 1.2s elapsed 792s
layer 29 rows 3 1.6s elapsed 794s
layer 30 rows 3 1.2s elapsed 795s
layer 31 rows 3 1.2s elapsed 796s
layer 32 rows 3 1.2s elapsed 797s
layer 33 rows 3 1.3s elapsed 799s
layer 34 rows 3 1.1s elapsed 800s
layer 35 rows 3 1.3s elapsed 801s
layer 36 rows 3 1.4s elapsed 802s
layer 37 rows 3 1.0s elapsed 803s
layer 38 rows 3 1.1s elapsed 804s
layer 39 rows 3 1.2s elapsed 806s
layer 40 rows 3 1.4s elapsed 807s
layer 41 rows 3 1.3s elapsed 808s
layer 42 rows 3 1.2s elapsed 810s
layer 43 rows 3 1.3s elapsed 811s
layer 44 rows 3 1.1s elapsed 812s
layer 45 rows 3 1.3s elapsed 813s
layer 46 rows 3 1.2s elapsed 814s
layer 47 rows 3 1.4s elapsed 816s
layer 48 rows 3 1.5s elapsed 817s
layer 49 rows 3 1.4s elapsed 819s
layer 50 rows 3 1.4s elapsed 820s
layer 51 rows 3 1.4s elapsed 821s
layer 52 rows 3 1.3s elapsed 823s
layer 53 rows 3 1.4s elapsed 824s
layer 54 rows 3 1.4s elapsed 826s
layer 55 rows 3 1.4s elapsed 827s
layer 56 rows 3 1.4s elapsed 828s
layer 57 rows 3 1.5s elapsed 830s
layer 58 rows 3 1.6s elapsed 831s
layer 59 rows 3 1.4s elapsed 833s
layer 60 rows 3 1.4s elapsed 834s
layer 61 rows 3 1.4s elapsed 836s
layer 62 rows 3 1.5s elapsed 837s
layer 63 rows 3 1.4s elapsed 838s
layer 64 rows 3 1.5s elapsed 840s
layer 65 rows 3 1.4s elapsed 841s
layer 66 rows 3 1.6s elapsed 843s
layer 67 rows 3 1.8s elapsed 845s
layer 68 rows 3 1.4s elapsed 846s
layer 69 rows 3 1.6s elapsed 848s
layer 70 rows 3 1.6s elapsed 849s
layer 71 rows 3 1.4s elapsed 851s
layer 72 rows 3 1.2s elapsed 852s
layer 73 rows 3 1.5s elapsed 853s
layer 74 rows 3 1.2s elapsed 855s
layer 75 rows 3 1.4s elapsed 856s
layer 76 rows 3 1.3s elapsed 857s
layer 77 rows 3 1.6s elapsed 859s
step 5 capital pos 10 token 12749 score 16.4716
step 5 code pos 20 token 16 score 17.9348
step 5 science pos 13 token 220 score 18.4148
layer 0 rows 3 0.4s elapsed 860s
layer 1 rows 3 1.3s elapsed 861s
layer 2 rows 3 1.3s elapsed 863s
layer 3 rows 3 1.4s elapsed 864s
layer 4 rows 3 1.6s elapsed 866s
layer 5 rows 3 1.3s elapsed 867s
layer 6 rows 3 1.3s elapsed 868s
layer 7 rows 3 1.3s elapsed 870s
layer 8 rows 3 1.1s elapsed 871s
layer 9 rows 3 1.3s elapsed 872s
layer 10 rows 3 1.2s elapsed 873s
layer 11 rows 3 1.1s elapsed 874s
layer 12 rows 3 1.3s elapsed 876s
layer 13 rows 3 1.3s elapsed 877s
layer 14 rows 3 1.2s elapsed 878s
layer 15 rows 3 1.5s elapsed 880s
layer 16 rows 3 1.4s elapsed 881s
layer 17 rows 3 1.3s elapsed 882s
layer 18 rows 3 1.3s elapsed 884s
layer 19 rows 3 1.4s elapsed 885s
layer 20 rows 3 1.3s elapsed 886s
layer 21 rows 3 1.4s elapsed 888s
layer 22 rows 3 1.4s elapsed 889s
layer 23 rows 3 1.4s elapsed 890s
layer 24 rows 3 1.5s elapsed 892s
layer 25 rows 3 1.7s elapsed 894s
layer 26 rows 3 1.4s elapsed 895s
layer 27 rows 3 1.5s elapsed 897s
layer 28 rows 3 1.3s elapsed 898s
layer 29 rows 3 1.3s elapsed 899s
layer 30 rows 3 1.7s elapsed 901s
layer 31 rows 3 1.2s elapsed 902s
layer 32 rows 3 1.4s elapsed 903s
layer 33 rows 3 1.4s elapsed 905s
layer 34 rows 3 1.5s elapsed 906s
layer 35 rows 3 1.3s elapsed 908s
layer 36 rows 3 1.6s elapsed 909s
layer 37 rows 3 1.1s elapsed 910s
layer 38 rows 3 1.2s elapsed 912s
layer 39 rows 3 1.2s elapsed 913s
layer 40 rows 3 1.7s elapsed 914s
layer 41 rows 3 1.4s elapsed 916s
layer 42 rows 3 1.2s elapsed 917s
layer 43 rows 3 1.3s elapsed 918s
layer 44 rows 3 1.3s elapsed 920s
layer 45 rows 3 1.2s elapsed 921s
layer 46 rows 3 1.2s elapsed 922s
layer 47 rows 3 1.3s elapsed 923s
layer 48 rows 3 1.3s elapsed 925s
layer 49 rows 3 1.4s elapsed 926s
layer 50 rows 3 1.4s elapsed 927s
layer 51 rows 3 1.3s elapsed 929s
layer 52 rows 3 1.4s elapsed 930s
layer 53 rows 3 1.5s elapsed 932s
layer 54 rows 3 1.3s elapsed 933s
layer 55 rows 3 1.4s elapsed 934s
layer 56 rows 3 1.6s elapsed 936s
layer 57 rows 3 1.4s elapsed 937s
layer 58 rows 3 1.4s elapsed 939s
layer 59 rows 3 1.4s elapsed 940s
layer 60 rows 3 1.3s elapsed 942s
layer 61 rows 3 1.3s elapsed 943s
layer 62 rows 3 1.8s elapsed 945s
layer 63 rows 3 1.4s elapsed 946s
layer 64 rows 3 1.4s elapsed 948s
layer 65 rows 3 1.5s elapsed 949s
layer 66 rows 3 1.6s elapsed 951s
layer 67 rows 3 1.6s elapsed 952s
layer 68 rows 3 1.4s elapsed 954s
layer 69 rows 3 1.4s elapsed 955s
layer 70 rows 3 1.6s elapsed 957s
layer 71 rows 3 1.5s elapsed 958s
layer 72 rows 3 1.6s elapsed 960s
layer 73 rows 3 1.5s elapsed 961s
layer 74 rows 3 1.4s elapsed 963s
layer 75 rows 3 1.5s elapsed 964s
layer 76 rows 3 1.4s elapsed 966s
layer 77 rows 3 1.5s elapsed 967s
step 6 capital pos 11 token 341 score 17.8592
step 6 code pos 21 token 25 score 16.7011
step 6 science pos 14 token 16 score 18.2274
layer 0 rows 3 0.4s elapsed 968s
layer 1 rows 3 1.6s elapsed 970s
layer 2 rows 3 1.5s elapsed 971s
layer 3 rows 3 1.3s elapsed 973s
layer 4 rows 3 1.4s elapsed 974s
layer 5 rows 3 1.3s elapsed 975s
layer 6 rows 3 1.4s elapsed 977s
layer 7 rows 3 1.4s elapsed 978s
layer 8 rows 3 1.2s elapsed 980s
layer 9 rows 3 1.4s elapsed 981s
layer 10 rows 3 1.2s elapsed 982s
layer 11 rows 3 1.1s elapsed 983s
layer 12 rows 3 1.3s elapsed 985s
layer 13 rows 3 1.3s elapsed 986s
layer 14 rows 3 1.2s elapsed 987s
layer 15 rows 3 1.6s elapsed 989s
layer 16 rows 3 1.2s elapsed 990s
layer 17 rows 3 1.4s elapsed 991s
layer 18 rows 3 1.3s elapsed 993s
layer 19 rows 3 1.4s elapsed 994s
layer 20 rows 3 1.6s elapsed 996s
layer 21 rows 3 1.2s elapsed 997s
layer 22 rows 3 1.3s elapsed 998s
layer 23 rows 3 1.4s elapsed 1000s
layer 24 rows 3 1.7s elapsed 1001s
layer 25 rows 3 1.4s elapsed 1003s
layer 26 rows 3 1.3s elapsed 1004s
layer 27 rows 3 1.7s elapsed 1006s
layer 28 rows 3 1.2s elapsed 1007s
layer 29 rows 3 1.3s elapsed 1008s
layer 30 rows 3 1.6s elapsed 1010s
layer 31 rows 3 1.7s elapsed 1012s
layer 32 rows 3 1.4s elapsed 1013s
layer 33 rows 3 1.5s elapsed 1014s
layer 34 rows 3 1.2s elapsed 1016s
layer 35 rows 3 1.3s elapsed 1017s
layer 36 rows 3 1.3s elapsed 1018s
layer 37 rows 3 1.1s elapsed 1019s
layer 38 rows 3 1.3s elapsed 1021s
layer 39 rows 3 1.2s elapsed 1022s
layer 40 rows 3 1.3s elapsed 1023s
layer 41 rows 3 1.2s elapsed 1024s
layer 42 rows 3 1.4s elapsed 1026s
layer 43 rows 3 1.4s elapsed 1027s
layer 44 rows 3 1.2s elapsed 1028s
layer 45 rows 3 1.2s elapsed 1030s
layer 46 rows 3 1.2s elapsed 1031s
layer 47 rows 3 1.5s elapsed 1032s
layer 48 rows 3 1.3s elapsed 1034s
layer 49 rows 3 1.3s elapsed 1035s
layer 50 rows 3 1.6s elapsed 1036s
layer 51 rows 3 1.3s elapsed 1038s
layer 52 rows 3 1.2s elapsed 1039s
layer 53 rows 3 1.3s elapsed 1040s
layer 54 rows 3 1.4s elapsed 1042s
layer 55 rows 3 1.6s elapsed 1043s
layer 56 rows 3 1.4s elapsed 1045s
layer 57 rows 3 1.4s elapsed 1046s
layer 58 rows 3 1.5s elapsed 1048s
layer 59 rows 3 1.4s elapsed 1049s
layer 60 rows 3 1.3s elapsed 1050s
layer 61 rows 3 1.4s elapsed 1052s
layer 62 rows 3 1.4s elapsed 1053s
layer 63 rows 3 1.7s elapsed 1055s
layer 64 rows 3 1.4s elapsed 1056s
layer 65 rows 3 1.5s elapsed 1058s
layer 66 rows 3 1.5s elapsed 1059s
layer 67 rows 3 1.4s elapsed 1061s
layer 68 rows 3 1.7s elapsed 1062s
layer 69 rows 3 1.5s elapsed 1064s
layer 70 rows 3 1.6s elapsed 1065s
layer 71 rows 3 1.4s elapsed 1067s
layer 72 rows 3 1.5s elapsed 1068s
layer 73 rows 3 1.7s elapsed 1070s
layer 74 rows 3 1.3s elapsed 1071s
layer 75 rows 3 1.3s elapsed 1073s
layer 76 rows 3 1.4s elapsed 1074s
layer 77 rows 3 1.6s elapsed 1076s
step 7 capital pos 12 token 15641 score 17.6564
step 7 code pos 22 token 1315 score 15.2252
step 7 science pos 15 token 10227 score 15.8312
layer 0 rows 3 0.4s elapsed 1077s
layer 1 rows 3 1.6s elapsed 1079s
layer 2 rows 3 1.4s elapsed 1080s
layer 3 rows 3 1.5s elapsed 1082s
layer 4 rows 3 1.6s elapsed 1083s
layer 5 rows 3 1.5s elapsed 1085s
layer 6 rows 3 1.8s elapsed 1087s
layer 7 rows 3 1.3s elapsed 1088s
layer 8 rows 3 1.2s elapsed 1089s
layer 9 rows 3 1.3s elapsed 1090s
layer 10 rows 3 1.2s elapsed 1092s
layer 11 rows 3 1.2s elapsed 1093s
layer 12 rows 3 2.0s elapsed 1095s
layer 13 rows 3 1.1s elapsed 1096s
layer 14 rows 3 3.4s elapsed 1099s
layer 15 rows 3 1.6s elapsed 1101s
layer 16 rows 3 1.2s elapsed 1102s
layer 17 rows 3 1.9s elapsed 1104s
layer 18 rows 3 2.2s elapsed 1106s
layer 19 rows 3 1.5s elapsed 1108s
layer 20 rows 3 1.5s elapsed 1109s
layer 21 rows 3 1.5s elapsed 1111s
layer 22 rows 3 1.9s elapsed 1113s
layer 23 rows 3 1.2s elapsed 1114s
layer 24 rows 3 1.5s elapsed 1115s
layer 25 rows 3 2.2s elapsed 1118s
layer 26 rows 3 1.5s elapsed 1119s
layer 27 rows 3 1.7s elapsed 1121s
layer 28 rows 3 1.0s elapsed 1122s
layer 29 rows 3 1.3s elapsed 1123s
layer 30 rows 3 1.2s elapsed 1124s
layer 31 rows 3 1.2s elapsed 1125s
layer 32 rows 3 1.3s elapsed 1127s
layer 33 rows 3 1.3s elapsed 1128s
layer 34 rows 3 1.3s elapsed 1129s
layer 35 rows 3 1.3s elapsed 1131s
layer 36 rows 3 1.2s elapsed 1132s
layer 37 rows 3 1.0s elapsed 1133s
layer 38 rows 3 1.1s elapsed 1134s
layer 39 rows 3 1.1s elapsed 1135s
layer 40 rows 3 1.4s elapsed 1136s
layer 41 rows 3 1.4s elapsed 1138s
layer 42 rows 3 1.1s elapsed 1139s
layer 43 rows 3 1.3s elapsed 1140s
layer 44 rows 3 1.6s elapsed 1142s
layer 45 rows 3 1.2s elapsed 1143s
layer 46 rows 3 1.2s elapsed 1144s
layer 47 rows 3 1.3s elapsed 1145s
layer 48 rows 3 1.2s elapsed 1147s
layer 49 rows 3 1.3s elapsed 1148s
layer 50 rows 3 1.3s elapsed 1149s
layer 51 rows 3 1.7s elapsed 1151s
layer 52 rows 3 1.3s elapsed 1152s
layer 53 rows 3 1.3s elapsed 1154s
layer 54 rows 3 1.4s elapsed 1155s
layer 55 rows 3 1.4s elapsed 1156s
layer 56 rows 3 1.6s elapsed 1158s
layer 57 rows 3 1.5s elapsed 1159s
layer 58 rows 3 1.4s elapsed 1161s
layer 59 rows 3 1.4s elapsed 1162s
layer 60 rows 3 1.2s elapsed 1163s
layer 61 rows 3 1.5s elapsed 1165s
layer 62 rows 3 1.4s elapsed 1166s
layer 63 rows 3 1.6s elapsed 1168s
layer 64 rows 3 1.4s elapsed 1169s
layer 65 rows 3 1.3s elapsed 1171s
layer 66 rows 3 1.7s elapsed 1172s
layer 67 rows 3 1.4s elapsed 1174s
layer 68 rows 3 1.4s elapsed 1175s
layer 69 rows 3 1.2s elapsed 1176s
layer 70 rows 3 1.3s elapsed 1178s
layer 71 rows 3 1.4s elapsed 1179s
layer 72 rows 3 1.2s elapsed 1180s
layer 73 rows 3 1.5s elapsed 1182s
layer 74 rows 3 1.2s elapsed 1183s
layer 75 rows 3 1.2s elapsed 1184s
layer 76 rows 3 1.3s elapsed 1186s
layer 77 rows 3 1.3s elapsed 1187s
step 8 capital pos 13 token 13 score 16.4223
step 8 code pos 23 token 220 score 16.0718
step 8 science pos 16 token 13 score 17.1310
layer 0 rows 3 0.4s elapsed 1188s
layer 1 rows 3 1.0s elapsed 1189s
layer 2 rows 3 0.9s elapsed 1190s
layer 3 rows 3 1.0s elapsed 1191s
layer 4 rows 3 1.4s elapsed 1192s
layer 5 rows 3 1.1s elapsed 1193s
layer 6 rows 3 1.1s elapsed 1194s
layer 7 rows 3 1.0s elapsed 1196s
layer 8 rows 3 1.0s elapsed 1197s
layer 9 rows 3 1.2s elapsed 1198s
layer 10 rows 3 1.0s elapsed 1199s
layer 11 rows 3 1.0s elapsed 1200s
layer 12 rows 3 1.1s elapsed 1201s
layer 13 rows 3 1.2s elapsed 1202s
layer 14 rows 3 1.0s elapsed 1203s
layer 15 rows 3 1.1s elapsed 1204s
layer 16 rows 3 1.0s elapsed 1205s
layer 17 rows 3 1.1s elapsed 1206s
layer 18 rows 3 1.1s elapsed 1207s
layer 19 rows 3 1.1s elapsed 1208s
layer 20 rows 3 1.1s elapsed 1210s
layer 21 rows 3 1.0s elapsed 1210s
layer 22 rows 3 1.2s elapsed 1212s
layer 23 rows 3 1.4s elapsed 1213s
layer 24 rows 3 1.3s elapsed 1214s
layer 25 rows 3 1.2s elapsed 1216s
layer 26 rows 3 1.2s elapsed 1217s
layer 27 rows 3 1.1s elapsed 1218s
layer 28 rows 3 1.1s elapsed 1219s
layer 29 rows 3 1.1s elapsed 1220s
layer 30 rows 3 1.1s elapsed 1221s
layer 31 rows 3 1.0s elapsed 1222s
layer 32 rows 3 1.0s elapsed 1223s
layer 33 rows 3 1.1s elapsed 1224s
layer 34 rows 3 1.0s elapsed 1225s
layer 35 rows 3 1.2s elapsed 1227s
layer 36 rows 3 1.0s elapsed 1228s
layer 37 rows 3 0.9s elapsed 1228s
layer 38 rows 3 1.1s elapsed 1230s
layer 39 rows 3 1.3s elapsed 1231s
layer 40 rows 3 1.0s elapsed 1232s
layer 41 rows 3 1.2s elapsed 1233s
layer 42 rows 3 1.1s elapsed 1234s
layer 43 rows 3 1.2s elapsed 1235s
layer 44 rows 3 1.1s elapsed 1236s
layer 45 rows 3 1.1s elapsed 1238s
layer 46 rows 3 1.2s elapsed 1239s
layer 47 rows 3 1.3s elapsed 1240s
layer 48 rows 3 1.3s elapsed 1241s
layer 49 rows 3 1.0s elapsed 1242s
layer 50 rows 3 1.4s elapsed 1244s
layer 51 rows 3 1.2s elapsed 1245s
layer 52 rows 3 1.4s elapsed 1246s
layer 53 rows 3 1.4s elapsed 1248s
layer 54 rows 3 1.3s elapsed 1249s
layer 55 rows 3 1.6s elapsed 1251s
layer 56 rows 3 1.2s elapsed 1252s
layer 57 rows 3 1.2s elapsed 1253s
layer 58 rows 3 1.2s elapsed 1254s
layer 59 rows 3 1.2s elapsed 1256s
layer 60 rows 3 1.4s elapsed 1257s
layer 61 rows 3 1.2s elapsed 1258s
layer 62 rows 3 1.3s elapsed 1259s
layer 63 rows 3 1.2s elapsed 1261s
layer 64 rows 3 1.3s elapsed 1262s
layer 65 rows 3 1.6s elapsed 1263s
layer 66 rows 3 1.4s elapsed 1265s
layer 67 rows 3 1.4s elapsed 1266s
layer 68 rows 3 1.3s elapsed 1267s
layer 69 rows 3 1.4s elapsed 1269s
layer 70 rows 3 1.4s elapsed 1270s
layer 71 rows 3 1.5s elapsed 1272s
layer 72 rows 3 1.2s elapsed 1273s
layer 73 rows 3 1.4s elapsed 1274s
layer 74 rows 3 1.2s elapsed 1276s
layer 75 rows 3 1.2s elapsed 1277s
layer 76 rows 3 1.4s elapsed 1278s
layer 77 rows 3 1.3s elapsed 1279s
step 9 capital pos 14 token 499 score 14.0036
step 9 code pos 24 token 16 score 18.1664
step 9 science pos 17 token 3477 score 15.8179
layer 0 rows 3 0.4s elapsed 1281s
layer 1 rows 3 1.5s elapsed 1282s
layer 2 rows 3 1.3s elapsed 1284s
layer 3 rows 3 1.4s elapsed 1285s
layer 4 rows 3 1.6s elapsed 1286s
layer 5 rows 3 1.2s elapsed 1288s
layer 6 rows 3 1.3s elapsed 1289s
layer 7 rows 3 1.2s elapsed 1290s
layer 8 rows 3 1.3s elapsed 1292s
layer 9 rows 3 1.3s elapsed 1293s
layer 10 rows 3 1.3s elapsed 1294s
layer 11 rows 3 1.0s elapsed 1295s
layer 12 rows 3 1.3s elapsed 1296s
layer 13 rows 3 1.4s elapsed 1298s
layer 14 rows 3 1.1s elapsed 1299s
layer 15 rows 3 1.3s elapsed 1300s
layer 16 rows 3 1.2s elapsed 1301s
layer 17 rows 3 1.3s elapsed 1303s
layer 18 rows 3 1.0s elapsed 1304s
layer 19 rows 3 1.1s elapsed 1305s
layer 20 rows 3 1.5s elapsed 1306s
layer 21 rows 3 1.2s elapsed 1308s
layer 22 rows 3 1.4s elapsed 1309s
layer 23 rows 3 1.3s elapsed 1310s
layer 24 rows 3 1.4s elapsed 1312s
layer 25 rows 3 1.3s elapsed 1313s
layer 26 rows 3 1.1s elapsed 1314s
layer 27 rows 3 1.3s elapsed 1315s
layer 28 rows 3 1.1s elapsed 1316s
layer 29 rows 3 1.2s elapsed 1318s
layer 30 rows 3 1.2s elapsed 1319s
layer 31 rows 3 1.2s elapsed 1320s
layer 32 rows 3 1.3s elapsed 1321s
layer 33 rows 3 1.5s elapsed 1323s
layer 34 rows 3 1.2s elapsed 1324s
layer 35 rows 3 1.3s elapsed 1325s
layer 36 rows 3 1.1s elapsed 1326s
layer 37 rows 3 0.9s elapsed 1327s
layer 38 rows 3 0.9s elapsed 1328s
layer 39 rows 3 1.3s elapsed 1330s
layer 40 rows 3 1.0s elapsed 1331s
layer 41 rows 3 1.2s elapsed 1332s
layer 42 rows 3 1.0s elapsed 1333s
layer 43 rows 3 1.4s elapsed 1334s
layer 44 rows 3 1.3s elapsed 1336s
layer 45 rows 3 1.4s elapsed 1337s
layer 46 rows 3 1.4s elapsed 1338s
layer 47 rows 3 1.4s elapsed 1340s
layer 48 rows 3 1.5s elapsed 1341s
layer 49 rows 3 1.4s elapsed 1342s
layer 50 rows 3 1.6s elapsed 1344s
layer 51 rows 3 1.2s elapsed 1345s
layer 52 rows 3 1.3s elapsed 1346s
layer 53 rows 3 1.3s elapsed 1348s
layer 54 rows 3 1.3s elapsed 1349s
layer 55 rows 3 1.4s elapsed 1350s
layer 56 rows 3 1.4s elapsed 1352s
layer 57 rows 3 1.4s elapsed 1353s
layer 58 rows 3 1.3s elapsed 1355s
layer 59 rows 3 1.3s elapsed 1356s
layer 60 rows 3 1.3s elapsed 1357s
layer 61 rows 3 1.4s elapsed 1358s
layer 62 rows 3 1.3s elapsed 1360s
layer 63 rows 3 1.4s elapsed 1361s
layer 64 rows 3 1.2s elapsed 1362s
layer 65 rows 3 1.4s elapsed 1364s
layer 66 rows 3 1.6s elapsed 1365s
layer 67 rows 3 1.4s elapsed 1367s
layer 68 rows 3 1.6s elapsed 1368s
layer 69 rows 3 1.4s elapsed 1370s
layer 70 rows 3 1.5s elapsed 1371s
layer 71 rows 3 1.4s elapsed 1373s
layer 72 rows 3 1.3s elapsed 1374s
layer 73 rows 3 1.5s elapsed 1376s
layer 74 rows 3 1.4s elapsed 1377s
layer 75 rows 3 1.3s elapsed 1378s
layer 76 rows 3 1.3s elapsed 1380s
layer 77 rows 3 1.6s elapsed 1381s
step 10 capital pos 15 token 8778 score 16.8380
step 10 code pos 25 token 198 score 14.1882
step 10 science pos 18 token 341 score 16.4037
layer 0 rows 3 0.6s elapsed 1383s
layer 1 rows 3 1.4s elapsed 1384s
layer 2 rows 3 1.6s elapsed 1386s
layer 3 rows 3 1.5s elapsed 1387s
layer 4 rows 3 1.6s elapsed 1389s
layer 5 rows 3 1.3s elapsed 1390s
layer 6 rows 3 1.4s elapsed 1391s
layer 7 rows 3 1.5s elapsed 1393s
layer 8 rows 3 1.2s elapsed 1394s
layer 9 rows 3 1.3s elapsed 1395s
layer 10 rows 3 1.3s elapsed 1397s
layer 11 rows 3 1.2s elapsed 1398s
layer 12 rows 3 1.2s elapsed 1399s
layer 13 rows 3 1.3s elapsed 1400s
layer 14 rows 3 1.2s elapsed 1402s
layer 15 rows 3 1.3s elapsed 1403s
layer 16 rows 3 1.1s elapsed 1404s
layer 17 rows 3 1.4s elapsed 1405s
layer 18 rows 3 1.2s elapsed 1407s
layer 19 rows 3 1.2s elapsed 1408s
layer 20 rows 3 1.3s elapsed 1409s
layer 21 rows 3 1.2s elapsed 1410s
layer 22 rows 3 1.2s elapsed 1411s
layer 23 rows 3 1.2s elapsed 1413s
layer 24 rows 3 1.3s elapsed 1414s
layer 25 rows 3 1.4s elapsed 1415s
layer 26 rows 3 1.3s elapsed 1417s
layer 27 rows 3 1.2s elapsed 1418s
layer 28 rows 3 1.2s elapsed 1419s
layer 29 rows 3 1.3s elapsed 1420s
layer 30 rows 3 1.3s elapsed 1422s
layer 31 rows 3 1.3s elapsed 1423s
layer 32 rows 3 1.4s elapsed 1424s
layer 33 rows 3 2.2s elapsed 1426s
layer 34 rows 3 2.5s elapsed 1429s
layer 35 rows 3 2.2s elapsed 1431s
layer 36 rows 3 2.3s elapsed 1433s
layer 37 rows 3 1.3s elapsed 1435s
layer 38 rows 3 2.8s elapsed 1437s
layer 39 rows 3 1.6s elapsed 1439s
layer 40 rows 3 1.6s elapsed 1441s
layer 41 rows 3 1.6s elapsed 1442s
layer 42 rows 3 2.0s elapsed 1444s
layer 43 rows 3 1.5s elapsed 1446s
layer 44 rows 3 1.6s elapsed 1447s
layer 45 rows 3 1.3s elapsed 1449s
layer 46 rows 3 3.3s elapsed 1452s
layer 47 rows 3 3.4s elapsed 1455s
layer 48 rows 3 2.7s elapsed 1458s
layer 49 rows 3 1.7s elapsed 1460s
layer 50 rows 3 1.7s elapsed 1461s
layer 51 rows 3 1.5s elapsed 1463s
layer 52 rows 3 2.1s elapsed 1465s
layer 53 rows 3 1.4s elapsed 1466s
layer 54 rows 3 2.0s elapsed 1468s
layer 55 rows 3 2.5s elapsed 1471s
layer 56 rows 3 1.9s elapsed 1473s
layer 57 rows 3 1.7s elapsed 1475s
layer 58 rows 3 1.8s elapsed 1476s
layer 59 rows 3 1.6s elapsed 1478s
layer 60 rows 3 1.7s elapsed 1480s
layer 61 rows 3 1.7s elapsed 1481s
layer 62 rows 3 1.7s elapsed 1483s
layer 63 rows 3 1.7s elapsed 1485s
layer 64 rows 3 1.6s elapsed 1486s
layer 65 rows 3 1.7s elapsed 1488s
layer 66 rows 3 2.6s elapsed 1491s
layer 67 rows 3 1.7s elapsed 1492s
layer 68 rows 3 1.8s elapsed 1494s
layer 69 rows 3 2.0s elapsed 1496s
layer 70 rows 3 1.7s elapsed 1498s
layer 71 rows 3 1.7s elapsed 1500s
layer 72 rows 3 1.8s elapsed 1501s
layer 73 rows 3 1.9s elapsed 1503s
layer 74 rows 3 1.6s elapsed 1505s
layer 75 rows 3 1.6s elapsed 1506s
layer 76 rows 3 1.7s elapsed 1508s
layer 77 rows 3 1.6s elapsed 1510s
step 11 capital pos 16 token 299 score 17.8764
step 11 code pos 26 token 326 score 15.5553
step 11 science pos 19 token 269 score 18.1164
layer 0 rows 3 0.5s elapsed 1512s
layer 1 rows 3 1.5s elapsed 1513s
layer 2 rows 3 1.3s elapsed 1515s
layer 3 rows 3 1.8s elapsed 1516s
layer 4 rows 3 1.5s elapsed 1518s
layer 5 rows 3 1.6s elapsed 1519s
layer 6 rows 3 1.9s elapsed 1521s
layer 7 rows 3 1.6s elapsed 1523s
layer 8 rows 3 1.3s elapsed 1524s
layer 9 rows 3 1.4s elapsed 1526s
layer 10 rows 3 1.5s elapsed 1527s
layer 11 rows 3 1.4s elapsed 1528s
layer 12 rows 3 1.6s elapsed 1530s
layer 13 rows 3 1.6s elapsed 1532s
layer 14 rows 3 1.4s elapsed 1533s
layer 15 rows 3 1.7s elapsed 1535s
layer 16 rows 3 1.4s elapsed 1536s
layer 17 rows 3 1.4s elapsed 1537s
layer 18 rows 3 1.9s elapsed 1539s
layer 19 rows 3 2.9s elapsed 1542s
layer 20 rows 3 1.6s elapsed 1544s
layer 21 rows 3 1.5s elapsed 1545s
layer 22 rows 3 1.7s elapsed 1547s
layer 23 rows 3 2.3s elapsed 1549s
layer 24 rows 3 1.6s elapsed 1551s
layer 25 rows 3 1.5s elapsed 1552s
layer 26 rows 3 1.7s elapsed 1554s
layer 27 rows 3 2.4s elapsed 1557s
layer 28 rows 3 1.3s elapsed 1558s
layer 29 rows 3 1.5s elapsed 1559s
layer 30 rows 3 1.8s elapsed 1561s
layer 31 rows 3 1.5s elapsed 1563s
layer 32 rows 3 1.7s elapsed 1564s
layer 33 rows 3 2.1s elapsed 1566s
layer 34 rows 3 1.8s elapsed 1568s
layer 35 rows 3 1.6s elapsed 1570s
layer 36 rows 3 1.4s elapsed 1571s
layer 37 rows 3 2.9s elapsed 1574s
layer 38 rows 3 1.4s elapsed 1575s
layer 39 rows 3 3.5s elapsed 1579s
layer 40 rows 3 1.8s elapsed 1581s
layer 41 rows 3 1.6s elapsed 1582s
layer 42 rows 3 2.3s elapsed 1585s
layer 43 rows 3 2.7s elapsed 1587s
layer 44 rows 3 2.2s elapsed 1590s
layer 45 rows 3 1.7s elapsed 1591s
layer 46 rows 3 2.2s elapsed 1593s
layer 47 rows 3 3.7s elapsed 1597s
layer 48 rows 3 3.4s elapsed 1601s
layer 49 rows 3 3.0s elapsed 1604s
layer 50 rows 3 2.4s elapsed 1606s
layer 51 rows 3 2.1s elapsed 1608s
layer 52 rows 3 2.1s elapsed 1610s
layer 53 rows 3 1.9s elapsed 1612s
layer 54 rows 3 1.7s elapsed 1614s
layer 55 rows 3 2.8s elapsed 1617s
layer 56 rows 3 2.1s elapsed 1619s
layer 57 rows 3 2.0s elapsed 1621s
layer 58 rows 3 2.1s elapsed 1623s
layer 59 rows 3 3.6s elapsed 1626s
layer 60 rows 3 2.8s elapsed 1629s
layer 61 rows 3 3.3s elapsed 1632s
layer 62 rows 3 2.0s elapsed 1634s
layer 63 rows 3 2.0s elapsed 1636s
layer 64 rows 3 2.2s elapsed 1639s
layer 65 rows 3 2.9s elapsed 1641s
layer 66 rows 3 2.1s elapsed 1644s
layer 67 rows 3 2.8s elapsed 1646s
layer 68 rows 3 2.3s elapsed 1649s
layer 69 rows 3 2.3s elapsed 1651s
layer 70 rows 3 2.1s elapsed 1653s
layer 71 rows 3 2.1s elapsed 1655s
layer 72 rows 3 2.0s elapsed 1657s
layer 73 rows 3 2.5s elapsed 1660s
layer 74 rows 3 1.8s elapsed 1661s
layer 75 rows 3 2.9s elapsed 1664s
layer 76 rows 3 2.2s elapsed 1667s
layer 77 rows 3 2.1s elapsed 1669s
step 12 capital pos 17 token 12749 score 17.4017
step 12 code pos 27 token 762 score 15.9680
step 12 science pos 20 token 30869 score 15.9897
layer 0 rows 3 0.6s elapsed 1671s
layer 1 rows 3 1.8s elapsed 1673s
layer 2 rows 3 1.7s elapsed 1674s
layer 3 rows 3 3.3s elapsed 1678s
layer 4 rows 3 1.8s elapsed 1679s
layer 5 rows 3 2.4s elapsed 1682s
layer 6 rows 3 1.7s elapsed 1684s
layer 7 rows 3 1.8s elapsed 1685s
layer 8 rows 3 1.9s elapsed 1687s
layer 9 rows 3 2.6s elapsed 1690s
layer 10 rows 3 1.6s elapsed 1691s
layer 11 rows 3 1.6s elapsed 1693s
layer 12 rows 3 2.7s elapsed 1696s
layer 13 rows 3 1.8s elapsed 1698s
layer 14 rows 3 4.4s elapsed 1702s
layer 15 rows 3 2.3s elapsed 1704s
layer 16 rows 3 2.1s elapsed 1706s
layer 17 rows 3 1.9s elapsed 1708s
layer 18 rows 3 3.2s elapsed 1711s
layer 19 rows 3 1.9s elapsed 1713s
layer 20 rows 3 1.7s elapsed 1715s
layer 21 rows 3 1.9s elapsed 1717s
layer 22 rows 3 1.6s elapsed 1719s
layer 23 rows 3 2.2s elapsed 1721s
layer 24 rows 3 2.6s elapsed 1723s
layer 25 rows 3 2.1s elapsed 1725s
layer 26 rows 3 2.8s elapsed 1728s
layer 27 rows 3 1.7s elapsed 1730s
layer 28 rows 3 1.5s elapsed 1732s
layer 29 rows 3 2.9s elapsed 1734s
layer 30 rows 3 3.0s elapsed 1737s
layer 31 rows 3 2.5s elapsed 1740s
layer 32 rows 3 1.4s elapsed 1741s
layer 33 rows 3 1.7s elapsed 1743s
layer 34 rows 3 2.0s elapsed 1745s
layer 35 rows 3 2.3s elapsed 1747s
layer 36 rows 3 1.6s elapsed 1749s
layer 37 rows 3 1.2s elapsed 1750s
layer 38 rows 3 2.1s elapsed 1752s
layer 39 rows 3 1.5s elapsed 1754s
layer 40 rows 3 3.2s elapsed 1757s
layer 41 rows 3 1.8s elapsed 1759s
layer 42 rows 3 1.7s elapsed 1761s
layer 43 rows 3 2.2s elapsed 1763s
layer 44 rows 3 1.6s elapsed 1764s
layer 45 rows 3 1.5s elapsed 1766s
layer 46 rows 3 2.6s elapsed 1768s
layer 47 rows 3 2.1s elapsed 1770s
layer 48 rows 3 1.8s elapsed 1772s
layer 49 rows 3 1.8s elapsed 1774s
layer 50 rows 3 1.6s elapsed 1776s
layer 51 rows 3 2.5s elapsed 1778s
layer 52 rows 3 4.3s elapsed 1782s
layer 53 rows 3 1.8s elapsed 1784s
layer 54 rows 3 2.0s elapsed 1786s
layer 55 rows 3 1.5s elapsed 1788s
layer 56 rows 3 1.7s elapsed 1790s
layer 57 rows 3 1.6s elapsed 1791s
layer 58 rows 3 3.0s elapsed 1794s
layer 59 rows 3 1.6s elapsed 1796s
layer 60 rows 3 1.6s elapsed 1797s
layer 61 rows 3 1.5s elapsed 1799s
layer 62 rows 3 2.8s elapsed 1802s
layer 63 rows 3 4.5s elapsed 1806s
layer 64 rows 3 1.8s elapsed 1808s
layer 65 rows 3 1.7s elapsed 1810s
layer 66 rows 3 2.9s elapsed 1812s
layer 67 rows 3 1.8s elapsed 1814s
layer 68 rows 3 1.8s elapsed 1816s
layer 69 rows 3 2.0s elapsed 1818s
layer 70 rows 3 1.8s elapsed 1820s
layer 71 rows 3 2.6s elapsed 1823s
layer 72 rows 3 1.5s elapsed 1824s
layer 73 rows 3 1.5s elapsed 1826s
layer 74 rows 3 1.2s elapsed 1827s
layer 75 rows 3 1.8s elapsed 1829s
layer 76 rows 3 1.9s elapsed 1831s
layer 77 rows 3 2.4s elapsed 1833s
step 13 capital pos 18 token 341 score 18.6367
step 13 code pos 28 token 312 score 16.5097
step 13 science pos 21 token 1767 score 19.4342
layer 0 rows 3 0.5s elapsed 1835s
layer 1 rows 3 1.3s elapsed 1836s
layer 2 rows 3 2.7s elapsed 1838s
layer 3 rows 3 1.6s elapsed 1840s
layer 4 rows 3 2.0s elapsed 1842s
layer 5 rows 3 3.0s elapsed 1845s
layer 6 rows 3 2.5s elapsed 1848s
layer 7 rows 3 1.6s elapsed 1849s
layer 8 rows 3 2.9s elapsed 1852s
layer 9 rows 3 1.7s elapsed 1854s
layer 10 rows 3 1.7s elapsed 1856s
layer 11 rows 3 2.7s elapsed 1858s
layer 12 rows 3 1.7s elapsed 1860s
layer 13 rows 3 1.9s elapsed 1862s
layer 14 rows 3 2.0s elapsed 1864s
layer 15 rows 3 1.8s elapsed 1866s
layer 16 rows 3 3.8s elapsed 1869s
layer 17 rows 3 1.4s elapsed 1871s
layer 18 rows 3 2.4s elapsed 1873s
layer 19 rows 3 3.0s elapsed 1876s
layer 20 rows 3 1.6s elapsed 1878s
layer 21 rows 3 2.9s elapsed 1881s
layer 22 rows 3 2.6s elapsed 1883s
layer 23 rows 3 1.7s elapsed 1885s
layer 24 rows 3 1.6s elapsed 1887s
layer 25 rows 3 2.4s elapsed 1889s
layer 26 rows 3 1.4s elapsed 1890s
layer 27 rows 3 3.1s elapsed 1893s
layer 28 rows 3 2.2s elapsed 1896s
layer 29 rows 3 3.2s elapsed 1899s
layer 30 rows 3 1.4s elapsed 1900s
layer 31 rows 3 1.3s elapsed 1902s
layer 32 rows 3 2.9s elapsed 1904s
layer 33 rows 3 1.5s elapsed 1906s
layer 34 rows 3 1.7s elapsed 1908s
layer 35 rows 3 1.4s elapsed 1909s
layer 36 rows 3 4.9s elapsed 1914s
layer 37 rows 3 1.8s elapsed 1916s
layer 38 rows 3 1.2s elapsed 1917s
layer 39 rows 3 2.6s elapsed 1919s
layer 40 rows 3 3.6s elapsed 1923s
layer 41 rows 3 1.5s elapsed 1925s
layer 42 rows 3 1.9s elapsed 1926s
layer 43 rows 3 1.6s elapsed 1928s
layer 44 rows 3 3.3s elapsed 1931s
layer 45 rows 3 2.7s elapsed 1934s
layer 46 rows 3 3.3s elapsed 1937s
layer 47 rows 3 2.1s elapsed 1939s
layer 48 rows 3 1.7s elapsed 1941s
layer 49 rows 3 2.6s elapsed 1944s
layer 50 rows 3 1.9s elapsed 1946s
layer 51 rows 3 2.5s elapsed 1948s
layer 52 rows 3 1.7s elapsed 1950s
layer 53 rows 3 2.0s elapsed 1952s
layer 54 rows 3 3.2s elapsed 1955s
layer 55 rows 3 2.0s elapsed 1957s
layer 56 rows 3 1.8s elapsed 1959s
layer 57 rows 3 2.7s elapsed 1962s
layer 58 rows 3 2.3s elapsed 1964s
layer 59 rows 3 2.3s elapsed 1966s
layer 60 rows 3 1.9s elapsed 1968s
layer 61 rows 3 2.1s elapsed 1970s
layer 62 rows 3 3.4s elapsed 1974s
layer 63 rows 3 1.7s elapsed 1975s
layer 64 rows 3 2.2s elapsed 1978s
layer 65 rows 3 2.3s elapsed 1980s
layer 66 rows 3 2.7s elapsed 1983s
layer 67 rows 3 1.7s elapsed 1984s
layer 68 rows 3 2.8s elapsed 1987s
layer 69 rows 3 1.7s elapsed 1989s
layer 70 rows 3 2.2s elapsed 1991s
layer 71 rows 3 1.8s elapsed 1993s
layer 72 rows 3 2.5s elapsed 1995s
layer 73 rows 3 2.4s elapsed 1998s
layer 74 rows 3 2.5s elapsed 2000s
layer 75 rows 3 2.2s elapsed 2002s
layer 76 rows 3 3.0s elapsed 2005s
layer 77 rows 3 2.2s elapsed 2008s
step 14 capital pos 19 token 15641 score 17.5440
step 14 code pos 29 token 676 score 16.0422
step 14 science pos 22 token 299 score 17.6547
layer 0 rows 3 0.9s elapsed 2011s
layer 1 rows 3 1.8s elapsed 2012s
layer 2 rows 3 1.4s elapsed 2014s
layer 3 rows 3 1.7s elapsed 2016s
layer 4 rows 3 3.6s elapsed 2019s
layer 5 rows 3 1.7s elapsed 2021s
layer 6 rows 3 2.0s elapsed 2023s
layer 7 rows 3 2.4s elapsed 2025s
layer 8 rows 3 1.5s elapsed 2027s
layer 9 rows 3 2.4s elapsed 2029s
layer 10 rows 3 1.6s elapsed 2031s
layer 11 rows 3 2.8s elapsed 2034s
layer 12 rows 3 3.6s elapsed 2037s
layer 13 rows 3 2.2s elapsed 2039s
layer 14 rows 3 2.8s elapsed 2042s
layer 15 rows 3 3.2s elapsed 2045s
layer 16 rows 3 3.6s elapsed 2049s
layer 17 rows 3 2.0s elapsed 2051s
layer 18 rows 3 2.0s elapsed 2053s
layer 19 rows 3 2.2s elapsed 2055s
layer 20 rows 3 4.2s elapsed 2059s
layer 21 rows 3 2.0s elapsed 2061s
layer 22 rows 3 3.9s elapsed 2065s
layer 23 rows 3 3.1s elapsed 2068s
layer 24 rows 3 2.5s elapsed 2071s
layer 25 rows 3 1.8s elapsed 2073s
layer 26 rows 3 1.5s elapsed 2074s
layer 27 rows 3 2.3s elapsed 2077s
layer 28 rows 3 3.4s elapsed 2080s
layer 29 rows 3 1.6s elapsed 2082s
layer 30 rows 3 3.2s elapsed 2085s
layer 31 rows 3 1.7s elapsed 2086s
layer 32 rows 3 3.1s elapsed 2090s
layer 33 rows 3 1.9s elapsed 2091s
layer 34 rows 3 1.9s elapsed 2093s
layer 35 rows 3 2.8s elapsed 2096s
layer 36 rows 3 3.0s elapsed 2099s
layer 37 rows 3 2.5s elapsed 2102s
layer 38 rows 3 1.6s elapsed 2103s
layer 39 rows 3 1.8s elapsed 2105s
layer 40 rows 3 2.5s elapsed 2107s
layer 41 rows 3 2.8s elapsed 2110s
layer 42 rows 3 1.7s elapsed 2112s
layer 43 rows 3 1.7s elapsed 2113s
layer 44 rows 3 1.9s elapsed 2115s
layer 45 rows 3 1.7s elapsed 2117s
layer 46 rows 3 1.5s elapsed 2119s
layer 47 rows 3 1.6s elapsed 2120s
layer 48 rows 3 2.3s elapsed 2122s
layer 49 rows 3 2.4s elapsed 2125s
layer 50 rows 3 1.8s elapsed 2127s
layer 51 rows 3 1.7s elapsed 2128s
layer 52 rows 3 1.9s elapsed 2130s
layer 53 rows 3 2.7s elapsed 2133s
layer 54 rows 3 3.2s elapsed 2136s
layer 55 rows 3 2.0s elapsed 2138s
layer 56 rows 3 2.1s elapsed 2140s
layer 57 rows 3 2.5s elapsed 2143s
layer 58 rows 3 2.3s elapsed 2145s
layer 59 rows 3 1.8s elapsed 2147s
layer 60 rows 3 1.6s elapsed 2148s
layer 61 rows 3 2.2s elapsed 2151s
layer 62 rows 3 2.0s elapsed 2153s
layer 63 rows 3 1.7s elapsed 2154s
layer 64 rows 3 2.5s elapsed 2157s
layer 65 rows 3 2.4s elapsed 2159s
layer 66 rows 3 1.8s elapsed 2161s
layer 67 rows 3 1.8s elapsed 2163s
layer 68 rows 3 2.1s elapsed 2165s
layer 69 rows 3 2.1s elapsed 2167s
layer 70 rows 3 1.9s elapsed 2169s
layer 71 rows 3 1.7s elapsed 2171s
layer 72 rows 3 1.4s elapsed 2172s
layer 73 rows 3 2.2s elapsed 2174s
layer 74 rows 3 1.6s elapsed 2176s
layer 75 rows 3 1.6s elapsed 2177s
layer 76 rows 3 2.0s elapsed 2179s
layer 77 rows 3 3.4s elapsed 2183s
step 15 capital pos 20 token 13 score 17.1021
step 15 code pos 30 token 220 score 17.0243
step 15 science pos 23 token 2599 score 17.6974
done 2184s
