spark_weightd ready unix=/home/spark0/mesh1-fixed/runs/mesh-lane-ladder-after-20260915-013529/ladder.sock ceiling=8589934592
weightd-mesh: identity not stated; mesh disabled
weightd lazy-attach model=mesh-lane-evict experts=4 arena=8388608 pool=6291456
weightd evict requester_lane=0 target_lane=1 released=1
weightd evict requester_lane=0 target_lane=2 released=1
weightd evict requester_lane=0 target_lane=3 released=1
weightd evict requester_lane=0 target_lane=4 released=1
weightd evict requester_lane=0 target_lane=5 released=1
weightd evict requester_lane=0 target_lane=6 released=1
weightd evict requester_lane=0 target_lane=7 released=1
weightd evict_denied requester_lane=1 target_lane=0
weightd evict requester_lane=1 target_lane=2 released=0
weightd evict requester_lane=1 target_lane=3 released=0
weightd evict requester_lane=1 target_lane=4 released=0
weightd evict requester_lane=1 target_lane=5 released=0
weightd evict requester_lane=1 target_lane=6 released=0
weightd evict requester_lane=1 target_lane=7 released=0
weightd evict_denied requester_lane=2 target_lane=0
weightd evict_denied requester_lane=2 target_lane=1
weightd evict requester_lane=2 target_lane=3 released=0
weightd evict requester_lane=2 target_lane=4 released=0
weightd evict requester_lane=2 target_lane=5 released=0
weightd evict requester_lane=2 target_lane=6 released=0
weightd evict requester_lane=2 target_lane=7 released=0
weightd evict_denied requester_lane=3 target_lane=0
weightd evict_denied requester_lane=3 target_lane=1
weightd evict_denied requester_lane=3 target_lane=2
weightd evict requester_lane=3 target_lane=4 released=0
weightd evict requester_lane=3 target_lane=5 released=0
weightd evict requester_lane=3 target_lane=6 released=0
weightd evict requester_lane=3 target_lane=7 released=0
weightd evict_denied requester_lane=4 target_lane=0
weightd evict_denied requester_lane=4 target_lane=1
weightd evict_denied requester_lane=4 target_lane=2
weightd evict_denied requester_lane=4 target_lane=3
weightd evict requester_lane=4 target_lane=5 released=0
weightd evict requester_lane=4 target_lane=6 released=0
weightd evict requester_lane=4 target_lane=7 released=0
weightd evict_denied requester_lane=5 target_lane=0
weightd evict_denied requester_lane=5 target_lane=1
weightd evict_denied requester_lane=5 target_lane=2
weightd evict_denied requester_lane=5 target_lane=3
weightd evict_denied requester_lane=5 target_lane=4
weightd evict requester_lane=5 target_lane=6 released=0
weightd evict requester_lane=5 target_lane=7 released=0
weightd evict_denied requester_lane=6 target_lane=0
weightd evict_denied requester_lane=6 target_lane=1
weightd evict_denied requester_lane=6 target_lane=2
weightd evict_denied requester_lane=6 target_lane=3
weightd evict_denied requester_lane=6 target_lane=4
weightd evict_denied requester_lane=6 target_lane=5
weightd evict requester_lane=6 target_lane=7 released=0
weightd evict_denied requester_lane=7 target_lane=0
weightd evict_denied requester_lane=7 target_lane=1
weightd evict_denied requester_lane=7 target_lane=2
weightd evict_denied requester_lane=7 target_lane=3
weightd evict_denied requester_lane=7 target_lane=4
weightd evict_denied requester_lane=7 target_lane=5
weightd evict_denied requester_lane=7 target_lane=6
spark_weightd stopped arenas=1 bytes=4194304
