tensors 2838 files 130 prompts 3 threads 24
layer 0 rows 28 0.5s elapsed 1s
layer 1 rows 28 5.5s elapsed 6s
layer 2 rows 28 5.0s elapsed 11s
layer 3 rows 28 5.3s elapsed 16s
layer 4 rows 28 4.3s elapsed 21s
layer 5 rows 28 4.9s elapsed 26s
layer 6 rows 28 4.7s elapsed 30s
layer 7 rows 28 4.5s elapsed 35s
layer 8 rows 28 3.4s elapsed 38s
layer 9 rows 28 0.6s elapsed 39s
layer 10 rows 28 0.4s elapsed 39s
layer 11 rows 28 3.7s elapsed 43s
layer 12 rows 28 5.9s elapsed 49s
layer 13 rows 28 5.6s elapsed 55s
layer 14 rows 28 5.9s elapsed 60s
layer 15 rows 28 6.8s elapsed 67s
layer 16 rows 28 6.0s elapsed 73s
layer 17 rows 28 6.3s elapsed 80s
layer 18 rows 28 5.6s elapsed 85s
layer 19 rows 28 6.2s elapsed 91s
layer 20 rows 28 5.7s elapsed 97s
layer 21 rows 28 5.4s elapsed 102s
layer 22 rows 28 5.6s elapsed 108s
layer 23 rows 28 5.3s elapsed 113s
layer 24 rows 28 5.6s elapsed 119s
layer 25 rows 28 5.4s elapsed 124s
layer 26 rows 28 5.1s elapsed 129s
layer 27 rows 28 4.7s elapsed 134s
layer 28 rows 28 11.0s elapsed 145s
layer 29 rows 28 5.1s elapsed 150s
layer 30 rows 28 5.4s elapsed 156s
layer 31 rows 28 5.3s elapsed 161s
layer 32 rows 28 4.5s elapsed 166s
layer 33 rows 28 4.5s elapsed 170s
layer 34 rows 28 5.3s elapsed 175s
layer 35 rows 28 5.3s elapsed 181s
layer 36 rows 28 5.2s elapsed 186s
layer 37 rows 28 4.6s elapsed 190s
layer 38 rows 28 5.4s elapsed 196s
layer 39 rows 28 5.8s elapsed 202s
layer 40 rows 28 5.8s elapsed 207s
layer 41 rows 28 6.9s elapsed 214s
layer 42 rows 28 7.3s elapsed 222s
layer 43 rows 28 5.4s elapsed 227s
layer 44 rows 28 5.3s elapsed 232s
layer 45 rows 28 5.4s elapsed 238s
layer 46 rows 28 4.8s elapsed 242s
layer 47 rows 28 5.5s elapsed 248s
layer 48 rows 28 5.0s elapsed 253s
layer 49 rows 28 5.1s elapsed 258s
layer 50 rows 28 5.7s elapsed 264s
layer 51 rows 28 5.2s elapsed 269s
layer 52 rows 28 5.4s elapsed 274s
layer 53 rows 28 5.1s elapsed 279s
layer 54 rows 28 5.3s elapsed 285s
layer 55 rows 28 5.5s elapsed 290s
layer 56 rows 28 5.5s elapsed 296s
layer 57 rows 28 5.7s elapsed 301s
layer 58 rows 28 5.3s elapsed 307s
layer 59 rows 28 5.2s elapsed 312s
layer 60 rows 28 5.7s elapsed 317s
layer 61 rows 28 5.8s elapsed 323s
layer 62 rows 28 6.0s elapsed 329s
layer 63 rows 28 6.3s elapsed 336s
layer 64 rows 28 5.6s elapsed 341s
layer 65 rows 28 6.7s elapsed 348s
layer 66 rows 28 5.9s elapsed 354s
layer 67 rows 28 5.6s elapsed 359s
layer 68 rows 28 5.9s elapsed 365s
layer 69 rows 28 5.2s elapsed 370s
layer 70 rows 28 6.3s elapsed 377s
layer 71 rows 28 6.0s elapsed 383s
layer 72 rows 28 5.9s elapsed 389s
layer 73 rows 28 6.2s elapsed 395s
layer 74 rows 28 6.0s elapsed 401s
layer 75 rows 28 5.6s elapsed 406s
layer 76 rows 28 6.0s elapsed 412s
layer 77 rows 28 6.3s elapsed 419s
step 0 capital pos 5 token 15641 score 15.8117
step 0 code pos 15 token 326 score 15.9123
step 0 science pos 8 token 299 score 17.3883
layer 0 rows 3 0.4s elapsed 420s
layer 1 rows 3 1.8s elapsed 422s
layer 2 rows 3 1.4s elapsed 423s
layer 3 rows 3 1.6s elapsed 425s
layer 4 rows 3 1.7s elapsed 426s
layer 5 rows 3 1.7s elapsed 428s
layer 6 rows 3 1.8s elapsed 430s
layer 7 rows 3 1.6s elapsed 431s
layer 8 rows 3 1.5s elapsed 433s
layer 9 rows 3 0.5s elapsed 433s
layer 10 rows 3 0.3s elapsed 434s
layer 11 rows 3 0.9s elapsed 434s
layer 12 rows 3 1.6s elapsed 436s
layer 13 rows 3 1.7s elapsed 438s
layer 14 rows 3 1.7s elapsed 440s
layer 15 rows 3 1.7s elapsed 441s
layer 16 rows 3 1.9s elapsed 443s
layer 17 rows 3 1.9s elapsed 445s
layer 18 rows 3 1.9s elapsed 447s
layer 19 rows 3 1.7s elapsed 449s
layer 20 rows 3 1.8s elapsed 450s
layer 21 rows 3 1.6s elapsed 452s
layer 22 rows 3 1.8s elapsed 454s
layer 23 rows 3 1.7s elapsed 456s
layer 24 rows 3 1.7s elapsed 457s
layer 25 rows 3 1.7s elapsed 459s
layer 26 rows 3 1.6s elapsed 461s
layer 27 rows 3 1.6s elapsed 462s
layer 28 rows 3 1.5s elapsed 464s
layer 29 rows 3 1.6s elapsed 465s
layer 30 rows 3 1.7s elapsed 467s
layer 31 rows 3 1.7s elapsed 469s
layer 32 rows 3 1.6s elapsed 470s
layer 33 rows 3 1.6s elapsed 472s
layer 34 rows 3 1.7s elapsed 474s
layer 35 rows 3 2.0s elapsed 476s
layer 36 rows 3 1.7s elapsed 477s
layer 37 rows 3 1.4s elapsed 479s
layer 38 rows 3 1.5s elapsed 480s
layer 39 rows 3 1.6s elapsed 482s
layer 40 rows 3 1.8s elapsed 484s
layer 41 rows 3 1.8s elapsed 485s
layer 42 rows 3 1.6s elapsed 487s
layer 43 rows 3 1.8s elapsed 489s
layer 44 rows 3 1.8s elapsed 491s
layer 45 rows 3 1.5s elapsed 492s
layer 46 rows 3 1.7s elapsed 494s
layer 47 rows 3 1.8s elapsed 496s
layer 48 rows 3 1.7s elapsed 497s
layer 49 rows 3 1.6s elapsed 499s
layer 50 rows 3 1.8s elapsed 501s
layer 51 rows 3 1.7s elapsed 503s
layer 52 rows 3 1.8s elapsed 504s
layer 53 rows 3 1.8s elapsed 506s
layer 54 rows 3 1.8s elapsed 508s
layer 55 rows 3 1.7s elapsed 510s
layer 56 rows 3 1.8s elapsed 511s
layer 57 rows 3 1.9s elapsed 513s
layer 58 rows 3 1.7s elapsed 515s
layer 59 rows 3 1.8s elapsed 517s
layer 60 rows 3 1.7s elapsed 519s
layer 61 rows 3 1.9s elapsed 521s
layer 62 rows 3 1.8s elapsed 522s
layer 63 rows 3 1.8s elapsed 524s
layer 64 rows 3 1.8s elapsed 526s
layer 65 rows 3 1.8s elapsed 528s
layer 66 rows 3 1.7s elapsed 529s
layer 67 rows 3 1.7s elapsed 531s
layer 68 rows 3 1.8s elapsed 533s
layer 69 rows 3 1.9s elapsed 535s
layer 70 rows 3 1.7s elapsed 536s
layer 71 rows 3 1.8s elapsed 538s
layer 72 rows 3 1.7s elapsed 540s
layer 73 rows 3 1.9s elapsed 542s
layer 74 rows 3 1.5s elapsed 544s
layer 75 rows 3 1.7s elapsed 545s
layer 76 rows 3 1.8s elapsed 547s
layer 77 rows 3 1.8s elapsed 549s
step 1 capital pos 6 token 13 score 16.8173
step 1 code pos 16 token 762 score 16.3974
step 1 science pos 9 token 269 score 14.4208
layer 0 rows 3 0.4s elapsed 550s
layer 1 rows 3 1.6s elapsed 551s
layer 2 rows 3 1.7s elapsed 553s
layer 3 rows 3 1.7s elapsed 555s
layer 4 rows 3 1.7s elapsed 557s
layer 5 rows 3 1.4s elapsed 558s
layer 6 rows 3 1.7s elapsed 560s
layer 7 rows 3 1.6s elapsed 561s
layer 8 rows 3 1.5s elapsed 563s
layer 9 rows 3 0.7s elapsed 563s
layer 10 rows 3 0.5s elapsed 564s
layer 11 rows 3 1.1s elapsed 565s
layer 12 rows 3 1.7s elapsed 567s
layer 13 rows 3 1.6s elapsed 568s
layer 14 rows 3 1.4s elapsed 570s
layer 15 rows 3 1.8s elapsed 572s
layer 16 rows 3 1.8s elapsed 573s
layer 17 rows 3 1.7s elapsed 575s
layer 18 rows 3 1.6s elapsed 577s
layer 19 rows 3 1.8s elapsed 578s
layer 20 rows 3 1.8s elapsed 580s
layer 21 rows 3 1.5s elapsed 582s
layer 22 rows 3 1.6s elapsed 583s
layer 23 rows 3 1.6s elapsed 585s
layer 24 rows 3 1.7s elapsed 587s
layer 25 rows 3 1.6s elapsed 588s
layer 26 rows 3 1.7s elapsed 590s
layer 27 rows 3 1.6s elapsed 591s
layer 28 rows 3 1.4s elapsed 593s
layer 29 rows 3 1.8s elapsed 595s
layer 30 rows 3 1.7s elapsed 596s
layer 31 rows 3 1.5s elapsed 598s
layer 32 rows 3 1.7s elapsed 599s
layer 33 rows 3 1.8s elapsed 601s
layer 34 rows 3 1.6s elapsed 603s
layer 35 rows 3 1.7s elapsed 605s
layer 36 rows 3 1.6s elapsed 606s
layer 37 rows 3 1.4s elapsed 608s
layer 38 rows 3 1.3s elapsed 609s
layer 39 rows 3 1.7s elapsed 611s
layer 40 rows 3 1.6s elapsed 612s
layer 41 rows 3 1.7s elapsed 614s
layer 42 rows 3 1.6s elapsed 616s
layer 43 rows 3 1.6s elapsed 617s
layer 44 rows 3 1.7s elapsed 619s
layer 45 rows 3 1.7s elapsed 620s
layer 46 rows 3 1.6s elapsed 622s
layer 47 rows 3 1.7s elapsed 624s
layer 48 rows 3 1.6s elapsed 625s
layer 49 rows 3 1.8s elapsed 627s
layer 50 rows 3 1.8s elapsed 629s
layer 51 rows 3 1.8s elapsed 631s
layer 52 rows 3 1.7s elapsed 632s
layer 53 rows 3 1.8s elapsed 634s
layer 54 rows 3 1.7s elapsed 636s
layer 55 rows 3 1.7s elapsed 638s
layer 56 rows 3 1.7s elapsed 639s
layer 57 rows 3 1.9s elapsed 641s
layer 58 rows 3 1.8s elapsed 643s
layer 59 rows 3 1.7s elapsed 645s
layer 60 rows 3 1.7s elapsed 646s
layer 61 rows 3 1.7s elapsed 648s
layer 62 rows 3 1.8s elapsed 650s
layer 63 rows 3 1.9s elapsed 652s
layer 64 rows 3 1.9s elapsed 654s
layer 65 rows 3 1.8s elapsed 655s
layer 66 rows 3 1.8s elapsed 657s
layer 67 rows 3 1.8s elapsed 659s
layer 68 rows 3 1.7s elapsed 661s
layer 69 rows 3 1.8s elapsed 663s
layer 70 rows 3 2.1s elapsed 665s
layer 71 rows 3 1.9s elapsed 667s
layer 72 rows 3 1.7s elapsed 668s
layer 73 rows 3 1.8s elapsed 670s
layer 74 rows 3 1.7s elapsed 672s
layer 75 rows 3 1.4s elapsed 673s
layer 76 rows 3 1.7s elapsed 675s
layer 77 rows 3 1.9s elapsed 677s
step 2 capital pos 7 token 499 score 16.4940
step 2 code pos 17 token 312 score 18.2100
step 2 science pos 10 token 28680 score 13.9181
layer 0 rows 3 0.4s elapsed 678s
layer 1 rows 3 1.7s elapsed 679s
layer 2 rows 3 1.8s elapsed 681s
layer 3 rows 3 1.7s elapsed 683s
layer 4 rows 3 1.6s elapsed 684s
layer 5 rows 3 1.6s elapsed 686s
layer 6 rows 3 1.6s elapsed 688s
layer 7 rows 3 1.5s elapsed 689s
layer 8 rows 3 1.5s elapsed 691s
layer 9 rows 3 0.8s elapsed 692s
layer 10 rows 3 0.4s elapsed 692s
layer 11 rows 3 1.1s elapsed 693s
layer 12 rows 3 1.6s elapsed 695s
layer 13 rows 3 1.7s elapsed 696s
layer 14 rows 3 1.7s elapsed 698s
layer 15 rows 3 1.8s elapsed 700s
layer 16 rows 3 1.7s elapsed 702s
layer 17 rows 3 1.8s elapsed 703s
layer 18 rows 3 1.8s elapsed 705s
layer 19 rows 3 1.7s elapsed 707s
layer 20 rows 3 1.7s elapsed 709s
layer 21 rows 3 1.7s elapsed 710s
layer 22 rows 3 1.9s elapsed 712s
layer 23 rows 3 1.8s elapsed 714s
layer 24 rows 3 1.8s elapsed 716s
layer 25 rows 3 1.9s elapsed 718s
layer 26 rows 3 1.8s elapsed 719s
layer 27 rows 3 1.8s elapsed 721s
layer 28 rows 3 1.7s elapsed 723s
layer 29 rows 3 1.8s elapsed 725s
layer 30 rows 3 1.8s elapsed 726s
layer 31 rows 3 1.7s elapsed 728s
layer 32 rows 3 1.7s elapsed 730s
layer 33 rows 3 1.8s elapsed 732s
layer 34 rows 3 1.6s elapsed 733s
layer 35 rows 3 1.9s elapsed 735s
layer 36 rows 3 1.6s elapsed 737s
layer 37 rows 3 1.5s elapsed 738s
layer 38 rows 3 1.7s elapsed 740s
layer 39 rows 3 1.5s elapsed 741s
layer 40 rows 3 1.8s elapsed 743s
layer 41 rows 3 1.8s elapsed 745s
layer 42 rows 3 1.7s elapsed 747s
layer 43 rows 3 1.6s elapsed 748s
layer 44 rows 3 1.8s elapsed 750s
layer 45 rows 3 1.6s elapsed 752s
layer 46 rows 3 1.6s elapsed 753s
layer 47 rows 3 1.6s elapsed 755s
layer 48 rows 3 1.8s elapsed 757s
layer 49 rows 3 1.8s elapsed 759s
layer 50 rows 3 2.1s elapsed 761s
layer 51 rows 3 1.8s elapsed 762s
layer 52 rows 3 1.7s elapsed 764s
layer 53 rows 3 1.8s elapsed 766s
layer 54 rows 3 1.8s elapsed 768s
layer 55 rows 3 1.8s elapsed 769s
layer 56 rows 3 1.8s elapsed 771s
layer 57 rows 3 2.1s elapsed 773s
layer 58 rows 3 1.8s elapsed 775s
layer 59 rows 3 1.9s elapsed 777s
layer 60 rows 3 1.8s elapsed 779s
layer 61 rows 3 1.8s elapsed 781s
layer 62 rows 3 1.7s elapsed 782s
layer 63 rows 3 1.8s elapsed 784s
layer 64 rows 3 1.7s elapsed 786s
layer 65 rows 3 1.9s elapsed 788s
layer 66 rows 3 1.7s elapsed 789s
layer 67 rows 3 1.8s elapsed 791s
layer 68 rows 3 1.7s elapsed 793s
layer 69 rows 3 1.8s elapsed 795s
layer 70 rows 3 1.9s elapsed 797s
layer 71 rows 3 1.9s elapsed 799s
layer 72 rows 3 1.8s elapsed 800s
layer 73 rows 3 1.7s elapsed 802s
layer 74 rows 3 1.7s elapsed 804s
layer 75 rows 3 1.6s elapsed 805s
layer 76 rows 3 1.6s elapsed 807s
layer 77 rows 3 1.6s elapsed 809s
step 3 capital pos 8 token 8778 score 15.2612
step 3 code pos 18 token 9548 score 16.3363
step 3 science pos 11 token 4975 score 20.6761
layer 0 rows 3 0.5s elapsed 810s
layer 1 rows 3 1.6s elapsed 811s
layer 2 rows 3 1.7s elapsed 813s
layer 3 rows 3 1.7s elapsed 815s
layer 4 rows 3 1.8s elapsed 816s
layer 5 rows 3 1.7s elapsed 818s
layer 6 rows 3 2.0s elapsed 820s
layer 7 rows 3 1.6s elapsed 822s
layer 8 rows 3 1.5s elapsed 823s
layer 9 rows 3 0.9s elapsed 824s
layer 10 rows 3 0.4s elapsed 824s
layer 11 rows 3 1.1s elapsed 826s
layer 12 rows 3 1.6s elapsed 827s
layer 13 rows 3 1.7s elapsed 829s
layer 14 rows 3 1.4s elapsed 830s
layer 15 rows 3 1.6s elapsed 832s
layer 16 rows 3 1.5s elapsed 833s
layer 17 rows 3 1.8s elapsed 835s
layer 18 rows 3 1.8s elapsed 837s
layer 19 rows 3 1.7s elapsed 839s
layer 20 rows 3 1.7s elapsed 840s
layer 21 rows 3 1.9s elapsed 842s
layer 22 rows 3 1.7s elapsed 844s
layer 23 rows 3 1.9s elapsed 846s
layer 24 rows 3 1.7s elapsed 848s
layer 25 rows 3 1.9s elapsed 850s
layer 26 rows 3 1.7s elapsed 851s
layer 27 rows 3 1.6s elapsed 853s
layer 28 rows 3 1.8s elapsed 855s
layer 29 rows 3 1.7s elapsed 856s
layer 30 rows 3 1.8s elapsed 858s
layer 31 rows 3 1.8s elapsed 860s
layer 32 rows 3 1.8s elapsed 862s
layer 33 rows 3 1.7s elapsed 863s
layer 34 rows 3 1.7s elapsed 865s
layer 35 rows 3 1.7s elapsed 867s
layer 36 rows 3 1.7s elapsed 868s
layer 37 rows 3 1.5s elapsed 870s
layer 38 rows 3 1.8s elapsed 872s
layer 39 rows 3 1.5s elapsed 873s
layer 40 rows 3 1.9s elapsed 875s
layer 41 rows 3 1.7s elapsed 877s
layer 42 rows 3 1.7s elapsed 879s
layer 43 rows 3 1.6s elapsed 880s
layer 44 rows 3 1.8s elapsed 882s
layer 45 rows 3 1.7s elapsed 884s
layer 46 rows 3 1.6s elapsed 885s
layer 47 rows 3 1.7s elapsed 887s
layer 48 rows 3 1.7s elapsed 889s
layer 49 rows 3 1.9s elapsed 891s
layer 50 rows 3 1.9s elapsed 893s
layer 51 rows 3 1.8s elapsed 894s
layer 52 rows 3 1.8s elapsed 896s
layer 53 rows 3 2.1s elapsed 898s
layer 54 rows 3 1.9s elapsed 900s
layer 55 rows 3 1.9s elapsed 902s
layer 56 rows 3 1.8s elapsed 904s
layer 57 rows 3 2.0s elapsed 906s
layer 58 rows 3 1.9s elapsed 908s
layer 59 rows 3 1.8s elapsed 909s
layer 60 rows 3 1.9s elapsed 911s
layer 61 rows 3 1.8s elapsed 913s
layer 62 rows 3 1.9s elapsed 915s
layer 63 rows 3 1.9s elapsed 917s
layer 64 rows 3 1.8s elapsed 919s
layer 65 rows 3 2.0s elapsed 921s
layer 66 rows 3 1.7s elapsed 922s
layer 67 rows 3 1.9s elapsed 924s
layer 68 rows 3 1.8s elapsed 926s
layer 69 rows 3 1.8s elapsed 928s
layer 70 rows 3 1.8s elapsed 930s
layer 71 rows 3 1.7s elapsed 932s
layer 72 rows 3 1.7s elapsed 933s
layer 73 rows 3 1.9s elapsed 935s
layer 74 rows 3 1.6s elapsed 937s
layer 75 rows 3 1.6s elapsed 938s
layer 76 rows 3 1.9s elapsed 940s
layer 77 rows 3 1.8s elapsed 942s
step 4 capital pos 9 token 299 score 19.4328
step 4 code pos 19 token 220 score 19.0627
step 4 science pos 12 token 341 score 17.8232
layer 0 rows 3 0.5s elapsed 943s
layer 1 rows 3 1.8s elapsed 945s
layer 2 rows 3 1.7s elapsed 946s
layer 3 rows 3 1.8s elapsed 948s
layer 4 rows 3 1.7s elapsed 950s
layer 5 rows 3 1.6s elapsed 952s
layer 6 rows 3 1.6s elapsed 953s
layer 7 rows 3 1.7s elapsed 955s
layer 8 rows 3 1.7s elapsed 957s
layer 9 rows 3 0.5s elapsed 957s
layer 10 rows 3 0.3s elapsed 957s
layer 11 rows 3 1.0s elapsed 959s
layer 12 rows 3 1.8s elapsed 960s
layer 13 rows 3 1.5s elapsed 962s
layer 14 rows 3 1.5s elapsed 963s
layer 15 rows 3 1.7s elapsed 965s
layer 16 rows 3 1.7s elapsed 967s
layer 17 rows 3 1.7s elapsed 968s
layer 18 rows 3 1.7s elapsed 970s
layer 19 rows 3 1.7s elapsed 972s
layer 20 rows 3 1.8s elapsed 974s
layer 21 rows 3 1.5s elapsed 975s
layer 22 rows 3 1.7s elapsed 977s
layer 23 rows 3 1.7s elapsed 979s
layer 24 rows 3 1.7s elapsed 980s
layer 25 rows 3 1.7s elapsed 982s
layer 26 rows 3 1.7s elapsed 984s
layer 27 rows 3 1.6s elapsed 985s
layer 28 rows 3 1.5s elapsed 987s
layer 29 rows 3 1.9s elapsed 989s
layer 30 rows 3 1.9s elapsed 991s
layer 31 rows 3 1.6s elapsed 992s
layer 32 rows 3 1.7s elapsed 994s
layer 33 rows 3 1.8s elapsed 996s
layer 34 rows 3 1.5s elapsed 997s
layer 35 rows 3 1.8s elapsed 999s
layer 36 rows 3 1.7s elapsed 1001s
layer 37 rows 3 1.4s elapsed 1002s
layer 38 rows 3 1.3s elapsed 1003s
layer 39 rows 3 1.6s elapsed 1005s
layer 40 rows 3 1.8s elapsed 1007s
layer 41 rows 3 1.8s elapsed 1009s
layer 42 rows 3 1.8s elapsed 1010s
layer 43 rows 3 1.5s elapsed 1012s
layer 44 rows 3 1.6s elapsed 1014s
layer 45 rows 3 1.6s elapsed 1015s
layer 46 rows 3 1.5s elapsed 1017s
layer 47 rows 3 1.7s elapsed 1018s
layer 48 rows 3 1.7s elapsed 1020s
layer 49 rows 3 1.8s elapsed 1022s
layer 50 rows 3 1.8s elapsed 1024s
layer 51 rows 3 1.9s elapsed 1026s
layer 52 rows 3 1.7s elapsed 1027s
layer 53 rows 3 1.7s elapsed 1029s
layer 54 rows 3 1.8s elapsed 1031s
layer 55 rows 3 1.7s elapsed 1032s
layer 56 rows 3 1.7s elapsed 1034s
layer 57 rows 3 2.0s elapsed 1036s
layer 58 rows 3 1.9s elapsed 1038s
layer 59 rows 3 1.8s elapsed 1040s
layer 60 rows 3 1.8s elapsed 1042s
layer 61 rows 3 1.9s elapsed 1044s
layer 62 rows 3 1.7s elapsed 1045s
layer 63 rows 3 1.9s elapsed 1047s
layer 64 rows 3 1.8s elapsed 1049s
layer 65 rows 3 1.9s elapsed 1051s
layer 66 rows 3 1.6s elapsed 1052s
layer 67 rows 3 1.6s elapsed 1054s
layer 68 rows 3 1.8s elapsed 1056s
layer 69 rows 3 1.7s elapsed 1058s
layer 70 rows 3 1.9s elapsed 1060s
layer 71 rows 3 1.8s elapsed 1061s
layer 72 rows 3 1.6s elapsed 1063s
layer 73 rows 3 1.8s elapsed 1065s
layer 74 rows 3 1.6s elapsed 1066s
layer 75 rows 3 1.5s elapsed 1068s
layer 76 rows 3 1.8s elapsed 1070s
layer 77 rows 3 1.7s elapsed 1071s
step 5 capital pos 10 token 12749 score 16.4224
step 5 code pos 20 token 16 score 18.3318
step 5 science pos 13 token 220 score 18.2219
layer 0 rows 3 0.4s elapsed 1072s
layer 1 rows 3 1.8s elapsed 1074s
layer 2 rows 3 1.7s elapsed 1076s
layer 3 rows 3 1.7s elapsed 1078s
layer 4 rows 3 1.6s elapsed 1079s
layer 5 rows 3 1.7s elapsed 1081s
layer 6 rows 3 1.7s elapsed 1083s
layer 7 rows 3 1.6s elapsed 1084s
layer 8 rows 3 1.5s elapsed 1086s
layer 9 rows 3 0.6s elapsed 1086s
layer 10 rows 3 0.4s elapsed 1087s
layer 11 rows 3 1.0s elapsed 1088s
layer 12 rows 3 1.7s elapsed 1090s
layer 13 rows 3 1.8s elapsed 1091s
layer 14 rows 3 1.6s elapsed 1093s
layer 15 rows 3 1.8s elapsed 1095s
layer 16 rows 3 1.9s elapsed 1097s
layer 17 rows 3 1.9s elapsed 1098s
layer 18 rows 3 2.1s elapsed 1101s
layer 19 rows 3 1.8s elapsed 1102s
layer 20 rows 3 1.8s elapsed 1104s
layer 21 rows 3 1.8s elapsed 1106s
layer 22 rows 3 1.8s elapsed 1108s
layer 23 rows 3 1.8s elapsed 1109s
layer 24 rows 3 2.0s elapsed 1111s
layer 25 rows 3 1.9s elapsed 1113s
layer 26 rows 3 1.9s elapsed 1115s
layer 27 rows 3 1.8s elapsed 1117s
layer 28 rows 3 1.8s elapsed 1119s
layer 29 rows 3 4.1s elapsed 1123s
layer 30 rows 3 4.6s elapsed 1128s
layer 31 rows 3 4.0s elapsed 1132s
layer 32 rows 3 2.6s elapsed 1134s
layer 33 rows 3 1.9s elapsed 1136s
layer 34 rows 3 1.7s elapsed 1138s
layer 35 rows 3 1.8s elapsed 1140s
layer 36 rows 3 1.9s elapsed 1141s
layer 37 rows 3 1.5s elapsed 1143s
layer 38 rows 3 1.7s elapsed 1145s
layer 39 rows 3 1.7s elapsed 1146s
layer 40 rows 3 1.9s elapsed 1148s
layer 41 rows 3 2.0s elapsed 1150s
layer 42 rows 3 1.8s elapsed 1152s
layer 43 rows 3 1.7s elapsed 1154s
layer 44 rows 3 1.8s elapsed 1155s
layer 45 rows 3 1.7s elapsed 1157s
layer 46 rows 3 1.6s elapsed 1159s
layer 47 rows 3 1.8s elapsed 1161s
layer 48 rows 3 1.7s elapsed 1162s
layer 49 rows 3 1.8s elapsed 1164s
layer 50 rows 3 2.0s elapsed 1166s
layer 51 rows 3 1.8s elapsed 1168s
layer 52 rows 3 1.8s elapsed 1170s
layer 53 rows 3 1.9s elapsed 1172s
layer 54 rows 3 1.9s elapsed 1174s
layer 55 rows 3 1.9s elapsed 1175s
layer 56 rows 3 1.9s elapsed 1177s
layer 57 rows 3 2.0s elapsed 1179s
layer 58 rows 3 2.0s elapsed 1181s
layer 59 rows 3 2.0s elapsed 1183s
layer 60 rows 3 8.1s elapsed 1191s
layer 61 rows 3 5.0s elapsed 1196s
layer 62 rows 3 1.9s elapsed 1198s
layer 63 rows 3 1.9s elapsed 1200s
layer 64 rows 3 1.9s elapsed 1202s
layer 65 rows 3 2.0s elapsed 1204s
layer 66 rows 3 1.8s elapsed 1206s
layer 67 rows 3 1.6s elapsed 1208s
layer 68 rows 3 1.9s elapsed 1209s
layer 69 rows 3 1.7s elapsed 1211s
layer 70 rows 3 2.0s elapsed 1213s
layer 71 rows 3 1.9s elapsed 1215s
layer 72 rows 3 1.7s elapsed 1217s
layer 73 rows 3 2.0s elapsed 1219s
layer 74 rows 3 1.7s elapsed 1220s
layer 75 rows 3 1.8s elapsed 1222s
layer 76 rows 3 1.9s elapsed 1224s
layer 77 rows 3 2.5s elapsed 1227s
step 6 capital pos 11 token 341 score 17.6575
step 6 code pos 21 token 25 score 16.7536
step 6 science pos 14 token 16 score 18.4551
layer 0 rows 3 0.6s elapsed 1228s
layer 1 rows 3 2.6s elapsed 1231s
layer 2 rows 3 2.3s elapsed 1233s
layer 3 rows 3 3.3s elapsed 1237s
layer 4 rows 3 5.2s elapsed 1242s
layer 5 rows 3 2.1s elapsed 1244s
layer 6 rows 3 11.4s elapsed 1255s
layer 7 rows 3 2.2s elapsed 1258s
layer 8 rows 3 2.5s elapsed 1260s
layer 9 rows 3 1.0s elapsed 1261s
layer 10 rows 3 0.5s elapsed 1262s
layer 11 rows 3 1.4s elapsed 1263s
layer 12 rows 3 2.3s elapsed 1265s
layer 13 rows 3 2.0s elapsed 1267s
layer 14 rows 3 1.8s elapsed 1269s
layer 15 rows 3 1.7s elapsed 1271s
layer 16 rows 3 1.5s elapsed 1272s
layer 17 rows 3 1.7s elapsed 1274s
layer 18 rows 3 1.6s elapsed 1275s
layer 19 rows 3 1.7s elapsed 1277s
layer 20 rows 3 1.7s elapsed 1279s
layer 21 rows 3 1.4s elapsed 1280s
layer 22 rows 3 1.5s elapsed 1282s
layer 23 rows 3 1.6s elapsed 1283s
layer 24 rows 3 1.6s elapsed 1285s
layer 25 rows 3 1.5s elapsed 1286s
layer 26 rows 3 1.5s elapsed 1288s
layer 27 rows 3 1.4s elapsed 1289s
layer 28 rows 3 1.4s elapsed 1291s
layer 29 rows 3 1.4s elapsed 1292s
layer 30 rows 3 1.5s elapsed 1294s
layer 31 rows 3 1.3s elapsed 1295s
layer 32 rows 3 1.4s elapsed 1296s
layer 33 rows 3 1.7s elapsed 1298s
layer 34 rows 3 1.5s elapsed 1300s
layer 35 rows 3 1.6s elapsed 1301s
layer 36 rows 3 1.5s elapsed 1303s
layer 37 rows 3 1.4s elapsed 1304s
layer 38 rows 3 1.3s elapsed 1305s
layer 39 rows 3 1.4s elapsed 1307s
layer 40 rows 3 1.6s elapsed 1308s
layer 41 rows 3 1.6s elapsed 1310s
layer 42 rows 3 1.5s elapsed 1311s
layer 43 rows 3 1.5s elapsed 1313s
layer 44 rows 3 1.4s elapsed 1314s
layer 45 rows 3 1.5s elapsed 1316s
layer 46 rows 3 1.4s elapsed 1317s
layer 47 rows 3 1.6s elapsed 1319s
layer 48 rows 3 1.6s elapsed 1320s
layer 49 rows 3 1.6s elapsed 1322s
layer 50 rows 3 1.5s elapsed 1324s
layer 51 rows 3 1.5s elapsed 1325s
layer 52 rows 3 1.5s elapsed 1327s
layer 53 rows 3 1.6s elapsed 1328s
layer 54 rows 3 1.5s elapsed 1330s
layer 55 rows 3 1.6s elapsed 1331s
layer 56 rows 3 1.5s elapsed 1333s
layer 57 rows 3 1.8s elapsed 1335s
layer 58 rows 3 1.5s elapsed 1336s
layer 59 rows 3 1.6s elapsed 1338s
layer 60 rows 3 1.6s elapsed 1340s
layer 61 rows 3 1.6s elapsed 1341s
layer 62 rows 3 1.6s elapsed 1343s
layer 63 rows 3 1.6s elapsed 1344s
layer 64 rows 3 1.6s elapsed 1346s
layer 65 rows 3 1.8s elapsed 1348s
layer 66 rows 3 1.7s elapsed 1350s
layer 67 rows 3 1.7s elapsed 1351s
layer 68 rows 3 1.9s elapsed 1353s
layer 69 rows 3 1.6s elapsed 1355s
layer 70 rows 3 1.7s elapsed 1356s
layer 71 rows 3 1.7s elapsed 1358s
layer 72 rows 3 1.7s elapsed 1360s
layer 73 rows 3 1.7s elapsed 1362s
layer 74 rows 3 1.4s elapsed 1363s
layer 75 rows 3 1.6s elapsed 1364s
layer 76 rows 3 1.7s elapsed 1366s
layer 77 rows 3 1.7s elapsed 1368s
step 7 capital pos 12 token 15641 score 17.5762
step 7 code pos 22 token 1315 score 15.1073
step 7 science pos 15 token 10227 score 15.8948
layer 0 rows 3 0.4s elapsed 1369s
layer 1 rows 3 1.6s elapsed 1370s
layer 2 rows 3 1.6s elapsed 1372s
layer 3 rows 3 1.6s elapsed 1374s
layer 4 rows 3 1.8s elapsed 1375s
layer 5 rows 3 1.6s elapsed 1377s
layer 6 rows 3 1.7s elapsed 1379s
layer 7 rows 3 1.6s elapsed 1380s
layer 8 rows 3 1.6s elapsed 1382s
layer 9 rows 3 0.8s elapsed 1383s
layer 10 rows 3 0.3s elapsed 1383s
layer 11 rows 3 1.0s elapsed 1384s
layer 12 rows 3 1.6s elapsed 1386s
layer 13 rows 3 1.6s elapsed 1387s
layer 14 rows 3 1.5s elapsed 1389s
layer 15 rows 3 1.5s elapsed 1390s
layer 16 rows 3 1.3s elapsed 1392s
layer 17 rows 3 1.7s elapsed 1393s
layer 18 rows 3 1.6s elapsed 1395s
layer 19 rows 3 1.7s elapsed 1397s
layer 20 rows 3 1.5s elapsed 1398s
layer 21 rows 3 1.7s elapsed 1400s
layer 22 rows 3 1.5s elapsed 1401s
layer 23 rows 3 1.6s elapsed 1403s
layer 24 rows 3 1.7s elapsed 1405s
layer 25 rows 3 1.6s elapsed 1406s
layer 26 rows 3 1.6s elapsed 1408s
layer 27 rows 3 1.5s elapsed 1409s
layer 28 rows 3 1.4s elapsed 1411s
layer 29 rows 3 1.6s elapsed 1412s
layer 30 rows 3 1.7s elapsed 1414s
layer 31 rows 3 1.3s elapsed 1415s
layer 32 rows 3 1.6s elapsed 1417s
layer 33 rows 3 1.5s elapsed 1418s
layer 34 rows 3 1.6s elapsed 1420s
layer 35 rows 3 1.7s elapsed 1422s
layer 36 rows 3 1.5s elapsed 1423s
layer 37 rows 3 1.3s elapsed 1425s
layer 38 rows 3 1.3s elapsed 1426s
layer 39 rows 3 1.4s elapsed 1427s
layer 40 rows 3 1.7s elapsed 1429s
layer 41 rows 3 1.8s elapsed 1431s
layer 42 rows 3 1.4s elapsed 1432s
layer 43 rows 3 1.7s elapsed 1434s
layer 44 rows 3 1.5s elapsed 1435s
layer 45 rows 3 1.5s elapsed 1437s
layer 46 rows 3 1.5s elapsed 1438s
layer 47 rows 3 1.6s elapsed 1440s
layer 48 rows 3 1.5s elapsed 1441s
layer 49 rows 3 1.6s elapsed 1443s
layer 50 rows 3 1.6s elapsed 1445s
layer 51 rows 3 1.6s elapsed 1446s
layer 52 rows 3 1.7s elapsed 1448s
layer 53 rows 3 1.8s elapsed 1450s
layer 54 rows 3 1.7s elapsed 1451s
layer 55 rows 3 1.6s elapsed 1453s
layer 56 rows 3 1.7s elapsed 1455s
layer 57 rows 3 1.6s elapsed 1456s
layer 58 rows 3 1.7s elapsed 1458s
layer 59 rows 3 1.7s elapsed 1460s
layer 60 rows 3 1.5s elapsed 1461s
layer 61 rows 3 1.6s elapsed 1463s
layer 62 rows 3 1.6s elapsed 1465s
layer 63 rows 3 1.6s elapsed 1466s
layer 64 rows 3 1.7s elapsed 1468s
layer 65 rows 3 1.8s elapsed 1470s
layer 66 rows 3 1.7s elapsed 1471s
layer 67 rows 3 1.7s elapsed 1473s
layer 68 rows 3 1.6s elapsed 1475s
layer 69 rows 3 1.5s elapsed 1476s
layer 70 rows 3 1.6s elapsed 1478s
layer 71 rows 3 1.7s elapsed 1480s
layer 72 rows 3 1.5s elapsed 1481s
layer 73 rows 3 1.8s elapsed 1483s
layer 74 rows 3 1.5s elapsed 1484s
layer 75 rows 3 1.5s elapsed 1486s
layer 76 rows 3 1.7s elapsed 1488s
layer 77 rows 3 1.7s elapsed 1489s
step 8 capital pos 13 token 13 score 16.2684
step 8 code pos 23 token 220 score 16.1679
step 8 science pos 16 token 13 score 17.0750
layer 0 rows 3 0.4s elapsed 1490s
layer 1 rows 3 1.4s elapsed 1492s
layer 2 rows 3 1.4s elapsed 1493s
layer 3 rows 3 1.5s elapsed 1495s
layer 4 rows 3 1.5s elapsed 1496s
layer 5 rows 3 1.3s elapsed 1498s
layer 6 rows 3 1.5s elapsed 1499s
layer 7 rows 3 1.4s elapsed 1501s
layer 8 rows 3 1.3s elapsed 1502s
layer 9 rows 3 0.6s elapsed 1502s
layer 10 rows 3 0.4s elapsed 1503s
layer 11 rows 3 0.7s elapsed 1504s
layer 12 rows 3 1.4s elapsed 1505s
layer 13 rows 3 1.3s elapsed 1506s
layer 14 rows 3 1.2s elapsed 1508s
layer 15 rows 3 1.5s elapsed 1509s
layer 16 rows 3 1.2s elapsed 1510s
layer 17 rows 3 1.4s elapsed 1512s
layer 18 rows 3 1.4s elapsed 1513s
layer 19 rows 3 1.5s elapsed 1515s
layer 20 rows 3 1.4s elapsed 1516s
layer 21 rows 3 1.1s elapsed 1517s
layer 22 rows 3 1.5s elapsed 1519s
layer 23 rows 3 1.6s elapsed 1520s
layer 24 rows 3 1.6s elapsed 1522s
layer 25 rows 3 1.5s elapsed 1523s
layer 26 rows 3 1.4s elapsed 1525s
layer 27 rows 3 3.1s elapsed 1528s
layer 28 rows 3 4.6s elapsed 1532s
layer 29 rows 3 3.7s elapsed 1536s
layer 30 rows 3 1.4s elapsed 1538s
layer 31 rows 3 1.2s elapsed 1539s
layer 32 rows 3 1.4s elapsed 1540s
layer 33 rows 3 1.6s elapsed 1542s
layer 34 rows 3 1.2s elapsed 1543s
layer 35 rows 3 1.6s elapsed 1545s
layer 36 rows 3 1.5s elapsed 1546s
layer 37 rows 3 1.2s elapsed 1547s
layer 38 rows 3 1.2s elapsed 1548s
layer 39 rows 3 1.4s elapsed 1550s
layer 40 rows 3 1.4s elapsed 1551s
layer 41 rows 3 1.5s elapsed 1553s
layer 42 rows 3 1.2s elapsed 1554s
layer 43 rows 3 1.4s elapsed 1555s
layer 44 rows 3 1.2s elapsed 1557s
layer 45 rows 3 1.4s elapsed 1558s
layer 46 rows 3 1.4s elapsed 1559s
layer 47 rows 3 1.5s elapsed 1561s
layer 48 rows 3 1.4s elapsed 1562s
layer 49 rows 3 1.5s elapsed 1564s
layer 50 rows 3 1.7s elapsed 1565s
layer 51 rows 3 1.6s elapsed 1567s
layer 52 rows 3 1.6s elapsed 1569s
layer 53 rows 3 1.5s elapsed 1570s
layer 54 rows 3 1.6s elapsed 1572s
layer 55 rows 3 1.5s elapsed 1573s
layer 56 rows 3 1.5s elapsed 1575s
layer 57 rows 3 1.5s elapsed 1576s
layer 58 rows 3 1.5s elapsed 1578s
layer 59 rows 3 1.6s elapsed 1579s
layer 60 rows 3 1.5s elapsed 1581s
layer 61 rows 3 1.5s elapsed 1582s
layer 62 rows 3 1.6s elapsed 1584s
layer 63 rows 3 1.4s elapsed 1585s
layer 64 rows 3 1.6s elapsed 1587s
layer 65 rows 3 1.6s elapsed 1589s
layer 66 rows 3 1.6s elapsed 1590s
layer 67 rows 3 1.4s elapsed 1591s
layer 68 rows 3 1.5s elapsed 1593s
layer 69 rows 3 1.3s elapsed 1594s
layer 70 rows 3 1.5s elapsed 1596s
layer 71 rows 3 1.6s elapsed 1597s
layer 72 rows 3 1.5s elapsed 1599s
layer 73 rows 3 1.6s elapsed 1600s
layer 74 rows 3 1.4s elapsed 1602s
layer 75 rows 3 1.5s elapsed 1603s
layer 76 rows 3 1.5s elapsed 1605s
layer 77 rows 3 1.6s elapsed 1606s
step 9 capital pos 14 token 499 score 14.2060
step 9 code pos 24 token 16 score 18.3407
step 9 science pos 17 token 3477 score 15.7557
layer 0 rows 3 0.4s elapsed 1607s
layer 1 rows 3 1.6s elapsed 1609s
layer 2 rows 3 1.7s elapsed 1611s
layer 3 rows 3 1.6s elapsed 1612s
layer 4 rows 3 1.8s elapsed 1614s
layer 5 rows 3 1.6s elapsed 1616s
layer 6 rows 3 1.6s elapsed 1617s
layer 7 rows 3 1.3s elapsed 1619s
layer 8 rows 3 1.3s elapsed 1620s
layer 9 rows 3 0.6s elapsed 1621s
layer 10 rows 3 0.5s elapsed 1621s
layer 11 rows 3 1.0s elapsed 1622s
layer 12 rows 3 1.6s elapsed 1624s
layer 13 rows 3 1.5s elapsed 1625s
layer 14 rows 3 1.4s elapsed 1627s
layer 15 rows 3 1.5s elapsed 1628s
layer 16 rows 3 1.6s elapsed 1630s
layer 17 rows 3 1.5s elapsed 1631s
layer 18 rows 3 1.4s elapsed 1633s
layer 19 rows 3 1.5s elapsed 1634s
layer 20 rows 3 1.9s elapsed 1636s
layer 21 rows 3 1.4s elapsed 1637s
layer 22 rows 3 1.7s elapsed 1639s
layer 23 rows 3 1.5s elapsed 1641s
layer 24 rows 3 1.7s elapsed 1642s
layer 25 rows 3 1.7s elapsed 1644s
layer 26 rows 3 1.3s elapsed 1645s
layer 27 rows 3 1.5s elapsed 1647s
layer 28 rows 3 1.5s elapsed 1648s
layer 29 rows 3 1.6s elapsed 1650s
layer 30 rows 3 1.5s elapsed 1651s
layer 31 rows 3 1.4s elapsed 1653s
layer 32 rows 3 1.5s elapsed 1654s
layer 33 rows 3 1.6s elapsed 1656s
layer 34 rows 3 1.4s elapsed 1657s
layer 35 rows 3 1.8s elapsed 1659s
layer 36 rows 3 1.4s elapsed 1660s
layer 37 rows 3 1.1s elapsed 1662s
layer 38 rows 3 1.2s elapsed 1663s
layer 39 rows 3 1.5s elapsed 1664s
layer 40 rows 3 1.2s elapsed 1665s
layer 41 rows 3 1.5s elapsed 1667s
layer 42 rows 3 1.3s elapsed 1668s
layer 43 rows 3 1.5s elapsed 1670s
layer 44 rows 3 1.5s elapsed 1671s
layer 45 rows 3 1.5s elapsed 1673s
layer 46 rows 3 1.6s elapsed 1674s
layer 47 rows 3 1.6s elapsed 1676s
layer 48 rows 3 1.6s elapsed 1678s
layer 49 rows 3 1.8s elapsed 1679s
layer 50 rows 3 1.7s elapsed 1681s
layer 51 rows 3 1.6s elapsed 1683s
layer 52 rows 3 1.6s elapsed 1684s
layer 53 rows 3 1.7s elapsed 1686s
layer 54 rows 3 1.6s elapsed 1688s
layer 55 rows 3 1.6s elapsed 1689s
layer 56 rows 3 1.7s elapsed 1691s
layer 57 rows 3 1.8s elapsed 1693s
layer 58 rows 3 1.5s elapsed 1694s
layer 59 rows 3 1.6s elapsed 1696s
layer 60 rows 3 1.5s elapsed 1697s
layer 61 rows 3 1.6s elapsed 1699s
layer 62 rows 3 1.5s elapsed 1700s
layer 63 rows 3 1.7s elapsed 1702s
layer 64 rows 3 1.7s elapsed 1704s
layer 65 rows 3 1.7s elapsed 1705s
layer 66 rows 3 1.8s elapsed 1707s
layer 67 rows 3 1.6s elapsed 1709s
layer 68 rows 3 1.6s elapsed 1710s
layer 69 rows 3 1.7s elapsed 1712s
layer 70 rows 3 1.7s elapsed 1714s
layer 71 rows 3 1.6s elapsed 1715s
layer 72 rows 3 1.7s elapsed 1717s
layer 73 rows 3 1.6s elapsed 1719s
layer 74 rows 3 1.6s elapsed 1720s
layer 75 rows 3 1.6s elapsed 1722s
layer 76 rows 3 1.6s elapsed 1724s
layer 77 rows 3 1.7s elapsed 1725s
step 10 capital pos 15 token 8778 score 17.0455
step 10 code pos 25 token 198 score 13.9743
step 10 science pos 18 token 341 score 16.3038
layer 0 rows 3 0.4s elapsed 1726s
layer 1 rows 3 1.6s elapsed 1728s
layer 2 rows 3 1.9s elapsed 1730s
layer 3 rows 3 1.8s elapsed 1731s
layer 4 rows 3 1.8s elapsed 1733s
layer 5 rows 3 1.7s elapsed 1735s
layer 6 rows 3 1.6s elapsed 1737s
layer 7 rows 3 1.5s elapsed 1738s
layer 8 rows 3 1.5s elapsed 1740s
layer 9 rows 3 0.9s elapsed 1741s
layer 10 rows 3 0.4s elapsed 1741s
layer 11 rows 3 1.1s elapsed 1742s
layer 12 rows 3 1.7s elapsed 1744s
layer 13 rows 3 1.6s elapsed 1745s
layer 14 rows 3 1.4s elapsed 1747s
layer 15 rows 3 1.8s elapsed 1748s
layer 16 rows 3 1.6s elapsed 1750s
layer 17 rows 3 1.6s elapsed 1752s
layer 18 rows 3 1.6s elapsed 1753s
layer 19 rows 3 1.5s elapsed 1755s
layer 20 rows 3 1.8s elapsed 1757s
layer 21 rows 3 1.6s elapsed 1758s
layer 22 rows 3 1.5s elapsed 1760s
layer 23 rows 3 1.5s elapsed 1761s
layer 24 rows 3 1.7s elapsed 1763s
layer 25 rows 3 1.6s elapsed 1764s
layer 26 rows 3 1.5s elapsed 1766s
layer 27 rows 3 1.5s elapsed 1768s
layer 28 rows 3 1.4s elapsed 1769s
layer 29 rows 3 1.6s elapsed 1771s
layer 30 rows 3 1.5s elapsed 1772s
layer 31 rows 3 1.5s elapsed 1774s
layer 32 rows 3 1.7s elapsed 1775s
layer 33 rows 3 1.7s elapsed 1777s
layer 34 rows 3 1.4s elapsed 1778s
layer 35 rows 3 1.4s elapsed 1780s
layer 36 rows 3 1.2s elapsed 1781s
layer 37 rows 3 1.3s elapsed 1782s
layer 38 rows 3 1.2s elapsed 1783s
layer 39 rows 3 1.3s elapsed 1785s
layer 40 rows 3 1.6s elapsed 1786s
layer 41 rows 3 1.5s elapsed 1788s
layer 42 rows 3 1.3s elapsed 1789s
layer 43 rows 3 1.4s elapsed 1791s
layer 44 rows 3 1.4s elapsed 1792s
layer 45 rows 3 1.2s elapsed 1793s
layer 46 rows 3 1.6s elapsed 1795s
layer 47 rows 3 1.7s elapsed 1797s
layer 48 rows 3 1.5s elapsed 1798s
layer 49 rows 3 1.6s elapsed 1800s
layer 50 rows 3 1.6s elapsed 1801s
layer 51 rows 3 1.7s elapsed 1803s
layer 52 rows 3 1.7s elapsed 1805s
layer 53 rows 3 1.5s elapsed 1806s
layer 54 rows 3 1.6s elapsed 1808s
layer 55 rows 3 1.6s elapsed 1810s
layer 56 rows 3 1.6s elapsed 1811s
layer 57 rows 3 1.8s elapsed 1813s
layer 58 rows 3 1.6s elapsed 1815s
layer 59 rows 3 1.9s elapsed 1816s
layer 60 rows 3 1.6s elapsed 1818s
layer 61 rows 3 1.6s elapsed 1820s
layer 62 rows 3 1.6s elapsed 1821s
layer 63 rows 3 1.8s elapsed 1823s
layer 64 rows 3 1.6s elapsed 1825s
layer 65 rows 3 1.9s elapsed 1827s
layer 66 rows 3 1.7s elapsed 1828s
layer 67 rows 3 1.6s elapsed 1830s
layer 68 rows 3 1.8s elapsed 1832s
layer 69 rows 3 1.6s elapsed 1833s
layer 70 rows 3 1.6s elapsed 1835s
layer 71 rows 3 1.8s elapsed 1837s
layer 72 rows 3 1.6s elapsed 1838s
layer 73 rows 3 1.7s elapsed 1840s
layer 74 rows 3 1.7s elapsed 1842s
layer 75 rows 3 1.6s elapsed 1843s
layer 76 rows 3 1.6s elapsed 1845s
layer 77 rows 3 1.7s elapsed 1847s
step 11 capital pos 16 token 299 score 18.2098
step 11 code pos 26 token 326 score 15.5429
step 11 science pos 19 token 269 score 18.1436
layer 0 rows 3 0.4s elapsed 1848s
layer 1 rows 3 1.5s elapsed 1849s
layer 2 rows 3 1.5s elapsed 1851s
layer 3 rows 3 1.7s elapsed 1852s
layer 4 rows 3 1.5s elapsed 1854s
layer 5 rows 3 1.5s elapsed 1855s
layer 6 rows 3 1.6s elapsed 1857s
layer 7 rows 3 1.3s elapsed 1858s
layer 8 rows 3 1.3s elapsed 1859s
layer 9 rows 3 0.8s elapsed 1860s
layer 10 rows 3 0.2s elapsed 1860s
layer 11 rows 3 1.0s elapsed 1861s
layer 12 rows 3 1.6s elapsed 1863s
layer 13 rows 3 1.5s elapsed 1864s
layer 14 rows 3 1.3s elapsed 1866s
layer 15 rows 3 1.5s elapsed 1867s
layer 16 rows 3 1.5s elapsed 1869s
layer 17 rows 3 1.6s elapsed 1870s
layer 18 rows 3 1.5s elapsed 1872s
layer 19 rows 3 1.6s elapsed 1873s
layer 20 rows 3 1.6s elapsed 1875s
layer 21 rows 3 1.4s elapsed 1876s
layer 22 rows 3 1.4s elapsed 1878s
layer 23 rows 3 1.5s elapsed 1879s
layer 24 rows 3 1.7s elapsed 1881s
layer 25 rows 3 1.5s elapsed 1882s
layer 26 rows 3 1.4s elapsed 1884s
layer 27 rows 3 1.4s elapsed 1885s
layer 28 rows 3 1.3s elapsed 1886s
layer 29 rows 3 1.5s elapsed 1888s
layer 30 rows 3 1.4s elapsed 1889s
layer 31 rows 3 1.4s elapsed 1891s
layer 32 rows 3 1.5s elapsed 1892s
layer 33 rows 3 1.5s elapsed 1894s
layer 34 rows 3 1.4s elapsed 1895s
layer 35 rows 3 1.5s elapsed 1897s
layer 36 rows 3 1.4s elapsed 1898s
layer 37 rows 3 1.1s elapsed 1899s
layer 38 rows 3 1.3s elapsed 1901s
layer 39 rows 3 1.3s elapsed 1902s
layer 40 rows 3 1.6s elapsed 1904s
layer 41 rows 3 1.4s elapsed 1905s
layer 42 rows 3 1.4s elapsed 1906s
layer 43 rows 3 1.5s elapsed 1908s
layer 44 rows 3 1.5s elapsed 1909s
layer 45 rows 3 1.5s elapsed 1911s
layer 46 rows 3 1.4s elapsed 1912s
layer 47 rows 3 1.6s elapsed 1914s
layer 48 rows 3 1.5s elapsed 1915s
layer 49 rows 3 1.7s elapsed 1917s
layer 50 rows 3 1.7s elapsed 1919s
layer 51 rows 3 1.6s elapsed 1920s
layer 52 rows 3 1.8s elapsed 1922s
layer 53 rows 3 1.6s elapsed 1924s
layer 54 rows 3 1.6s elapsed 1925s
layer 55 rows 3 1.7s elapsed 1927s
layer 56 rows 3 1.7s elapsed 1929s
layer 57 rows 3 1.7s elapsed 1931s
layer 58 rows 3 1.6s elapsed 1932s
layer 59 rows 3 1.7s elapsed 1934s
layer 60 rows 3 1.6s elapsed 1935s
layer 61 rows 3 1.7s elapsed 1937s
layer 62 rows 3 1.9s elapsed 1939s
layer 63 rows 3 1.8s elapsed 1941s
layer 64 rows 3 1.7s elapsed 1943s
layer 65 rows 3 1.9s elapsed 1944s
layer 66 rows 3 1.8s elapsed 1946s
layer 67 rows 3 1.8s elapsed 1948s
layer 68 rows 3 1.8s elapsed 1950s
layer 69 rows 3 1.7s elapsed 1952s
layer 70 rows 3 1.9s elapsed 1953s
layer 71 rows 3 1.9s elapsed 1955s
layer 72 rows 3 1.6s elapsed 1957s
layer 73 rows 3 1.8s elapsed 1959s
layer 74 rows 3 1.7s elapsed 1960s
layer 75 rows 3 1.7s elapsed 1962s
layer 76 rows 3 1.8s elapsed 1964s
layer 77 rows 3 1.7s elapsed 1966s
step 12 capital pos 17 token 12749 score 17.4548
step 12 code pos 27 token 762 score 15.8440
step 12 science pos 20 token 30869 score 15.9667
layer 0 rows 3 0.5s elapsed 1967s
layer 1 rows 3 1.7s elapsed 1969s
layer 2 rows 3 1.6s elapsed 1970s
layer 3 rows 3 1.8s elapsed 1972s
layer 4 rows 3 1.8s elapsed 1974s
layer 5 rows 3 1.8s elapsed 1976s
layer 6 rows 3 1.8s elapsed 1977s
layer 7 rows 3 1.5s elapsed 1979s
layer 8 rows 3 1.5s elapsed 1980s
layer 9 rows 3 0.7s elapsed 1981s
layer 10 rows 3 0.3s elapsed 1981s
layer 11 rows 3 1.0s elapsed 1982s
layer 12 rows 3 1.4s elapsed 1984s
layer 13 rows 3 1.7s elapsed 1986s
layer 14 rows 3 1.7s elapsed 1987s
layer 15 rows 3 1.7s elapsed 1989s
layer 16 rows 3 1.5s elapsed 1991s
layer 17 rows 3 1.8s elapsed 1992s
layer 18 rows 3 1.8s elapsed 1994s
layer 19 rows 3 1.6s elapsed 1996s
layer 20 rows 3 1.7s elapsed 1997s
layer 21 rows 3 1.8s elapsed 1999s
layer 22 rows 3 1.7s elapsed 2001s
layer 23 rows 3 1.6s elapsed 2003s
layer 24 rows 3 1.8s elapsed 2004s
layer 25 rows 3 1.9s elapsed 2006s
layer 26 rows 3 1.8s elapsed 2008s
layer 27 rows 3 1.6s elapsed 2010s
layer 28 rows 3 1.7s elapsed 2011s
layer 29 rows 3 1.9s elapsed 2013s
layer 30 rows 3 2.0s elapsed 2015s
layer 31 rows 3 1.4s elapsed 2017s
layer 32 rows 3 1.7s elapsed 2018s
layer 33 rows 3 1.8s elapsed 2020s
layer 34 rows 3 1.7s elapsed 2022s
layer 35 rows 3 1.8s elapsed 2024s
layer 36 rows 3 1.7s elapsed 2025s
layer 37 rows 3 1.4s elapsed 2027s
layer 38 rows 3 1.8s elapsed 2029s
layer 39 rows 3 1.7s elapsed 2030s
layer 40 rows 3 1.7s elapsed 2032s
layer 41 rows 3 1.7s elapsed 2034s
layer 42 rows 3 1.7s elapsed 2035s
layer 43 rows 3 1.6s elapsed 2037s
layer 44 rows 3 1.6s elapsed 2039s
layer 45 rows 3 1.6s elapsed 2040s
layer 46 rows 3 1.5s elapsed 2042s
layer 47 rows 3 1.9s elapsed 2043s
layer 48 rows 3 1.6s elapsed 2045s
layer 49 rows 3 1.9s elapsed 2047s
layer 50 rows 3 1.8s elapsed 2049s
layer 51 rows 3 1.8s elapsed 2051s
layer 52 rows 3 1.9s elapsed 2052s
layer 53 rows 3 1.8s elapsed 2054s
layer 54 rows 3 1.8s elapsed 2056s
layer 55 rows 3 1.8s elapsed 2058s
layer 56 rows 3 1.8s elapsed 2060s
layer 57 rows 3 1.7s elapsed 2061s
layer 58 rows 3 1.8s elapsed 2063s
layer 59 rows 3 1.8s elapsed 2065s
layer 60 rows 3 1.6s elapsed 2067s
layer 61 rows 3 1.8s elapsed 2068s
layer 62 rows 3 2.0s elapsed 2070s
layer 63 rows 3 1.8s elapsed 2072s
layer 64 rows 3 1.7s elapsed 2074s
layer 65 rows 3 1.9s elapsed 2076s
layer 66 rows 3 1.7s elapsed 2077s
layer 67 rows 3 1.7s elapsed 2079s
layer 68 rows 3 1.8s elapsed 2081s
layer 69 rows 3 1.6s elapsed 2083s
layer 70 rows 3 1.8s elapsed 2084s
layer 71 rows 3 1.6s elapsed 2086s
layer 72 rows 3 1.7s elapsed 2088s
layer 73 rows 3 1.7s elapsed 2089s
layer 74 rows 3 1.6s elapsed 2091s
layer 75 rows 3 1.7s elapsed 2093s
layer 76 rows 3 1.8s elapsed 2094s
layer 77 rows 3 1.8s elapsed 2096s
step 13 capital pos 18 token 341 score 18.5053
step 13 code pos 28 token 312 score 16.6803
step 13 science pos 21 token 1767 score 19.5354
layer 0 rows 3 0.4s elapsed 2097s
layer 1 rows 3 1.6s elapsed 2099s
layer 2 rows 3 1.8s elapsed 2101s
layer 3 rows 3 1.8s elapsed 2103s
layer 4 rows 3 1.9s elapsed 2105s
layer 5 rows 3 1.9s elapsed 2106s
layer 6 rows 3 1.9s elapsed 2108s
layer 7 rows 3 1.7s elapsed 2110s
layer 8 rows 3 1.9s elapsed 2112s
layer 9 rows 3 0.8s elapsed 2113s
layer 10 rows 3 0.4s elapsed 2113s
layer 11 rows 3 1.3s elapsed 2114s
layer 12 rows 3 1.6s elapsed 2116s
layer 13 rows 3 1.8s elapsed 2118s
layer 14 rows 3 1.7s elapsed 2120s
layer 15 rows 3 1.8s elapsed 2121s
layer 16 rows 3 1.8s elapsed 2123s
layer 17 rows 3 1.8s elapsed 2125s
layer 18 rows 3 1.8s elapsed 2127s
layer 19 rows 3 1.7s elapsed 2128s
layer 20 rows 3 1.9s elapsed 2130s
layer 21 rows 3 1.7s elapsed 2132s
layer 22 rows 3 1.6s elapsed 2134s
layer 23 rows 3 1.7s elapsed 2135s
layer 24 rows 3 1.8s elapsed 2137s
layer 25 rows 3 1.8s elapsed 2139s
layer 26 rows 3 1.6s elapsed 2140s
layer 27 rows 3 1.7s elapsed 2142s
layer 28 rows 3 1.7s elapsed 2144s
layer 29 rows 3 1.8s elapsed 2146s
layer 30 rows 3 1.6s elapsed 2147s
layer 31 rows 3 1.5s elapsed 2149s
layer 32 rows 3 1.7s elapsed 2150s
layer 33 rows 3 1.8s elapsed 2152s
layer 34 rows 3 1.5s elapsed 2154s
layer 35 rows 3 2.0s elapsed 2156s
layer 36 rows 3 2.0s elapsed 2158s
layer 37 rows 3 1.3s elapsed 2159s
layer 38 rows 3 1.6s elapsed 2161s
layer 39 rows 3 1.3s elapsed 2162s
layer 40 rows 3 2.0s elapsed 2164s
layer 41 rows 3 1.6s elapsed 2166s
layer 42 rows 3 1.5s elapsed 2167s
layer 43 rows 3 1.7s elapsed 2169s
layer 44 rows 3 1.6s elapsed 2170s
layer 45 rows 3 1.9s elapsed 2172s
layer 46 rows 3 1.7s elapsed 2174s
layer 47 rows 3 1.7s elapsed 2176s
layer 48 rows 3 1.8s elapsed 2177s
layer 49 rows 3 1.9s elapsed 2179s
layer 50 rows 3 1.8s elapsed 2181s
layer 51 rows 3 1.6s elapsed 2183s
layer 52 rows 3 1.6s elapsed 2184s
layer 53 rows 3 1.8s elapsed 2186s
layer 54 rows 3 1.7s elapsed 2188s
layer 55 rows 3 1.9s elapsed 2190s
layer 56 rows 3 1.8s elapsed 2192s
layer 57 rows 3 1.8s elapsed 2193s
layer 58 rows 3 1.7s elapsed 2195s
layer 59 rows 3 1.5s elapsed 2197s
layer 60 rows 3 1.7s elapsed 2198s
layer 61 rows 3 1.8s elapsed 2200s
layer 62 rows 3 1.9s elapsed 2202s
layer 63 rows 3 1.8s elapsed 2204s
layer 64 rows 3 1.8s elapsed 2206s
layer 65 rows 3 2.0s elapsed 2208s
layer 66 rows 3 2.0s elapsed 2210s
layer 67 rows 3 1.8s elapsed 2211s
layer 68 rows 3 1.8s elapsed 2213s
layer 69 rows 3 1.5s elapsed 2215s
layer 70 rows 3 1.9s elapsed 2217s
layer 71 rows 3 1.7s elapsed 2218s
layer 72 rows 3 1.6s elapsed 2220s
layer 73 rows 3 2.0s elapsed 2222s
layer 74 rows 3 1.7s elapsed 2224s
layer 75 rows 3 1.6s elapsed 2225s
layer 76 rows 3 1.8s elapsed 2227s
layer 77 rows 3 2.0s elapsed 2229s
step 14 capital pos 19 token 15641 score 17.8097
step 14 code pos 29 token 676 score 15.9807
step 14 science pos 22 token 299 score 17.8097
layer 0 rows 3 0.5s elapsed 2230s
layer 1 rows 3 1.9s elapsed 2232s
layer 2 rows 3 1.7s elapsed 2234s
layer 3 rows 3 1.8s elapsed 2236s
layer 4 rows 3 2.1s elapsed 2238s
layer 5 rows 3 1.8s elapsed 2239s
layer 6 rows 3 1.9s elapsed 2241s
layer 7 rows 3 1.8s elapsed 2243s
layer 8 rows 3 1.4s elapsed 2244s
layer 9 rows 3 0.9s elapsed 2245s
layer 10 rows 3 0.4s elapsed 2246s
layer 11 rows 3 1.1s elapsed 2247s
layer 12 rows 3 1.9s elapsed 2249s
layer 13 rows 3 1.8s elapsed 2251s
layer 14 rows 3 1.7s elapsed 2252s
layer 15 rows 3 1.7s elapsed 2254s
layer 16 rows 3 1.6s elapsed 2256s
layer 17 rows 3 1.7s elapsed 2257s
layer 18 rows 3 1.8s elapsed 2259s
layer 19 rows 3 1.9s elapsed 2261s
layer 20 rows 3 1.6s elapsed 2263s
layer 21 rows 3 1.6s elapsed 2264s
layer 22 rows 3 1.7s elapsed 2266s
layer 23 rows 3 1.9s elapsed 2268s
layer 24 rows 3 1.9s elapsed 2270s
layer 25 rows 3 1.8s elapsed 2271s
layer 26 rows 3 1.8s elapsed 2273s
layer 27 rows 3 1.7s elapsed 2275s
layer 28 rows 3 1.6s elapsed 2277s
layer 29 rows 3 1.7s elapsed 2278s
layer 30 rows 3 2.0s elapsed 2280s
layer 31 rows 3 1.7s elapsed 2282s
layer 32 rows 3 1.7s elapsed 2284s
layer 33 rows 3 2.0s elapsed 2286s
layer 34 rows 3 1.9s elapsed 2288s
layer 35 rows 3 1.8s elapsed 2289s
layer 36 rows 3 3.8s elapsed 2293s
layer 37 rows 3 4.4s elapsed 2298s
layer 38 rows 3 3.0s elapsed 2301s
layer 39 rows 3 5.6s elapsed 2306s
layer 40 rows 3 4.4s elapsed 2311s
layer 41 rows 3 3.2s elapsed 2314s
layer 42 rows 3 2.2s elapsed 2316s
layer 43 rows 3 3.1s elapsed 2319s
layer 44 rows 3 5.7s elapsed 2325s
layer 45 rows 3 3.4s elapsed 2328s
layer 46 rows 3 2.7s elapsed 2331s
layer 47 rows 3 2.6s elapsed 2333s
layer 48 rows 3 3.6s elapsed 2337s
layer 49 rows 3 6.3s elapsed 2343s
layer 50 rows 3 2.4s elapsed 2346s
layer 51 rows 3 2.0s elapsed 2348s
layer 52 rows 3 2.5s elapsed 2350s
layer 53 rows 3 1.9s elapsed 2352s
layer 54 rows 3 1.9s elapsed 2354s
layer 55 rows 3 1.9s elapsed 2356s
layer 56 rows 3 1.8s elapsed 2358s
layer 57 rows 3 1.9s elapsed 2360s
layer 58 rows 3 1.8s elapsed 2361s
layer 59 rows 3 1.9s elapsed 2363s
layer 60 rows 3 1.9s elapsed 2365s
layer 61 rows 3 1.6s elapsed 2367s
layer 62 rows 3 2.0s elapsed 2369s
layer 63 rows 3 1.8s elapsed 2371s
layer 64 rows 3 1.9s elapsed 2372s
layer 65 rows 3 2.0s elapsed 2374s
layer 66 rows 3 1.7s elapsed 2376s
layer 67 rows 3 1.9s elapsed 2378s
layer 68 rows 3 1.8s elapsed 2380s
layer 69 rows 3 1.6s elapsed 2381s
layer 70 rows 3 1.8s elapsed 2383s
layer 71 rows 3 1.9s elapsed 2385s
layer 72 rows 3 1.5s elapsed 2387s
layer 73 rows 3 2.0s elapsed 2389s
layer 74 rows 3 1.6s elapsed 2390s
layer 75 rows 3 1.7s elapsed 2392s
layer 76 rows 3 1.7s elapsed 2394s
layer 77 rows 3 2.1s elapsed 2396s
step 15 capital pos 20 token 13 score 17.1161
step 15 code pos 30 token 220 score 16.9973
step 15 science pos 23 token 2599 score 17.9336
done 2397s
