M26TP-ATTACH rank=1 spine_bytes=2298241791 expert_pool_bytes=8000000000 experts=3008
MESH-LANE rank=1 lane=9 band=18 ownership=owned
MESH-TOPOLOGY rank=1 degree=4 physical=14 map=00000000000032e9 peers=020c
MESH-WAIT-MODE rank=1 mode=hardware
M26TP-READY rank=1 lane=9 mesh=9,14,2,3 prompt=10 expected=16
CKEY-CELL-ADOPT rank=1 epoch=6 had=0 req=1
CKEY-ADOPT rank=1 epoch=6 had=0
M26TP-TOKEN rank=1 position=9 greedy=429 reference=429 score=17.4445
M26TP-TOKEN rank=1 position=10 greedy=374 reference=374 score=20.6174
M26TP-TOKEN rank=1 position=11 greedy=279 reference=279 score=20.5328
M26TP-TOKEN rank=1 position=12 greedy=9315 reference=9315 score=18.9219
M26TP-TOKEN rank=1 position=13 greedy=518 reference=518 score=21.7897
M26TP-TOKEN rank=1 position=14 greedy=892 reference=892 score=25.9690
M26TP-TOKEN rank=1 position=15 greedy=279 reference=279 score=19.2444
M26TP-TOKEN rank=1 position=16 greedy=37652 reference=37652 score=19.2904
M26TP-TOKEN rank=1 position=17 greedy=7262 reference=7262 score=24.9613
M26TP-TOKEN rank=1 position=18 greedy=315 reference=315 score=24.7274
M26TP-TOKEN rank=1 position=19 greedy=3015 reference=3015 score=23.1125
M26TP-TOKEN rank=1 position=20 greedy=16819 reference=16819 score=21.2340
M26TP-TOKEN rank=1 position=21 greedy=279 reference=279 score=23.8919
M26TP-TOKEN rank=1 position=22 greedy=44375 reference=44375 score=22.0176
M26TP-TOKEN rank=1 position=23 greedy=7262 reference=7262 score=26.0964
M26TP-TOKEN rank=1 position=24 greedy=13 reference=13 score=22.1972
M26TP-SUMMARY rank=1 tokens=16 mismatches=0 kv_error=0 collectives=2450 collective_ms=20615.7 expert_ms=29481.8 decode_ms_per_token=1824.48
M26TP-PASS rank=1 16 greedy tokens equal the CPU reference
